Archive member included because of file (symbol)

/usr/local/csl/arm-2012.03/bin/../lib/gcc/arm-none-eabi/4.6.3/../../../../arm-none-eabi/lib/thumb2/libc.a(lib_a-exit.o)
                              obj/src/modbus.o (exit)
/usr/local/csl/arm-2012.03/bin/../lib/gcc/arm-none-eabi/4.6.3/../../../../arm-none-eabi/lib/thumb2/libc.a(lib_a-impure.o)
                              /usr/local/csl/arm-2012.03/bin/../lib/gcc/arm-none-eabi/4.6.3/../../../../arm-none-eabi/lib/thumb2/libc.a(lib_a-exit.o) (_global_impure_ptr)
/usr/local/csl/arm-2012.03/bin/../lib/gcc/arm-none-eabi/4.6.3/../../../../arm-none-eabi/lib/thumb2/libc.a(lib_a-init.o)
                              obj/src/startup_stm32f4xx.o (__libc_init_array)
/usr/local/csl/arm-2012.03/bin/../lib/gcc/arm-none-eabi/4.6.3/../../../../arm-none-eabi/lib/thumb2/libc.a(lib_a-malloc.o)
                              obj/src/modbus.o (malloc)
/usr/local/csl/arm-2012.03/bin/../lib/gcc/arm-none-eabi/4.6.3/../../../../arm-none-eabi/lib/thumb2/libc.a(lib_a-mallocr.o)
                              /usr/local/csl/arm-2012.03/bin/../lib/gcc/arm-none-eabi/4.6.3/../../../../arm-none-eabi/lib/thumb2/libc.a(lib_a-malloc.o) (_malloc_r)
/usr/local/csl/arm-2012.03/bin/../lib/gcc/arm-none-eabi/4.6.3/../../../../arm-none-eabi/lib/thumb2/libc.a(lib_a-memcmp.o)
                              obj/src/modbus.o (memcmp)
/usr/local/csl/arm-2012.03/bin/../lib/gcc/arm-none-eabi/4.6.3/../../../../arm-none-eabi/lib/thumb2/libc.a(lib_a-memcpy.o)
                              obj/FreeRTOS/Source/queue.o (memcpy)
/usr/local/csl/arm-2012.03/bin/../lib/gcc/arm-none-eabi/4.6.3/../../../../arm-none-eabi/lib/thumb2/libc.a(lib_a-memset.o)
                              obj/src/modbus.o (memset)
/usr/local/csl/arm-2012.03/bin/../lib/gcc/arm-none-eabi/4.6.3/../../../../arm-none-eabi/lib/thumb2/libc.a(lib_a-printf.o)
                              obj/src/modbus.o (printf)
/usr/local/csl/arm-2012.03/bin/../lib/gcc/arm-none-eabi/4.6.3/../../../../arm-none-eabi/lib/thumb2/libc.a(lib_a-sprintf.o)
                              obj/FreeRTOS/Source/tasks.o (sprintf)
/usr/local/csl/arm-2012.03/bin/../lib/gcc/arm-none-eabi/4.6.3/../../../../arm-none-eabi/lib/thumb2/libc.a(lib_a-strcat.o)
                              obj/FreeRTOS/Source/tasks.o (strcat)
/usr/local/csl/arm-2012.03/bin/../lib/gcc/arm-none-eabi/4.6.3/../../../../arm-none-eabi/lib/thumb2/libc.a(lib_a-strcpy.o)
                              /usr/local/csl/arm-2012.03/bin/../lib/gcc/arm-none-eabi/4.6.3/../../../../arm-none-eabi/lib/thumb2/libc.a(lib_a-strcat.o) (strcpy)
/usr/local/csl/arm-2012.03/bin/../lib/gcc/arm-none-eabi/4.6.3/../../../../arm-none-eabi/lib/thumb2/libc.a(lib_a-strlen.o)
                              obj/FreeRTOS/Source/tasks.o (strlen)
/usr/local/csl/arm-2012.03/bin/../lib/gcc/arm-none-eabi/4.6.3/../../../../arm-none-eabi/lib/thumb2/libc.a(lib_a-strncpy.o)
                              obj/FreeRTOS/Source/tasks.o (strncpy)
/usr/local/csl/arm-2012.03/bin/../lib/gcc/arm-none-eabi/4.6.3/../../../../arm-none-eabi/lib/thumb2/libc.a(lib_a-svfprintf.o)
                              /usr/local/csl/arm-2012.03/bin/../lib/gcc/arm-none-eabi/4.6.3/../../../../arm-none-eabi/lib/thumb2/libc.a(lib_a-sprintf.o) (_svfprintf_r)
/usr/local/csl/arm-2012.03/bin/../lib/gcc/arm-none-eabi/4.6.3/../../../../arm-none-eabi/lib/thumb2/libc.a(lib_a-vfprintf.o)
                              /usr/local/csl/arm-2012.03/bin/../lib/gcc/arm-none-eabi/4.6.3/../../../../arm-none-eabi/lib/thumb2/libc.a(lib_a-printf.o) (_vfprintf_r)
/usr/local/csl/arm-2012.03/bin/../lib/gcc/arm-none-eabi/4.6.3/../../../../arm-none-eabi/lib/thumb2/libc.a(lib_a-wsetup.o)
                              /usr/local/csl/arm-2012.03/bin/../lib/gcc/arm-none-eabi/4.6.3/../../../../arm-none-eabi/lib/thumb2/libc.a(lib_a-vfprintf.o) (__swsetup_r)
/usr/local/csl/arm-2012.03/bin/../lib/gcc/arm-none-eabi/4.6.3/../../../../arm-none-eabi/lib/thumb2/libc.a(lib_a-__call_atexit.o)
                              /usr/local/csl/arm-2012.03/bin/../lib/gcc/arm-none-eabi/4.6.3/../../../../arm-none-eabi/lib/thumb2/libc.a(lib_a-exit.o) (__call_exitprocs)
/usr/local/csl/arm-2012.03/bin/../lib/gcc/arm-none-eabi/4.6.3/../../../../arm-none-eabi/lib/thumb2/libc.a(lib_a-atexit.o)
                              /usr/local/csl/arm-2012.03/bin/../lib/gcc/arm-none-eabi/4.6.3/../../../../arm-none-eabi/lib/thumb2/libc.a(lib_a-__call_atexit.o) (atexit)
/usr/local/csl/arm-2012.03/bin/../lib/gcc/arm-none-eabi/4.6.3/../../../../arm-none-eabi/lib/thumb2/libc.a(lib_a-dtoa.o)
                              /usr/local/csl/arm-2012.03/bin/../lib/gcc/arm-none-eabi/4.6.3/../../../../arm-none-eabi/lib/thumb2/libc.a(lib_a-svfprintf.o) (_dtoa_r)
/usr/local/csl/arm-2012.03/bin/../lib/gcc/arm-none-eabi/4.6.3/../../../../arm-none-eabi/lib/thumb2/libc.a(lib_a-fflush.o)
                              /usr/local/csl/arm-2012.03/bin/../lib/gcc/arm-none-eabi/4.6.3/../../../../arm-none-eabi/lib/thumb2/libc.a(lib_a-vfprintf.o) (_fflush_r)
[...]
Memory Configuration

Name             Origin             Length             Attributes
FLASH            0x08000000         0x00100000         xr
RAM              0x20000000         0x00020000         xrw
MEMORY_B1        0x60000000         0x00000000         xr
*default*        0x00000000         0xffffffff

Linker script and memory map

LOAD /usr/local/csl/arm-2012.03/bin/../lib/gcc/arm-none-eabi/4.6.3/thumb2/crti.o
LOAD /usr/local/csl/arm-2012.03/bin/../lib/gcc/arm-none-eabi/4.6.3/thumb2/crtbegin.o
LOAD obj/src/uart.o
LOAD obj/src/ustime.o
LOAD obj/src/main.o
LOAD obj/src/startup_stm32f4xx.o
LOAD obj/src/system_stm32f4xx.o
LOAD obj/src/syscalls.o
LOAD obj/src/modbus.o
LOAD obj/src/test.o
LOAD obj/FreeRTOS/Source/tasks.o
LOAD obj/FreeRTOS/Source/queue.o
LOAD obj/FreeRTOS/Source/list.o
LOAD obj/FreeRTOS/Source/croutine.o
LOAD obj/FreeRTOS/Source/portable/GCC/ARM_CM4F/port.o
LOAD obj/libs/STM32F4xx_StdPeriph_Driver/src/misc.o
LOAD obj/libs/STM32F4xx_StdPeriph_Driver/src/stm32f4xx_adc.o
LOAD obj/libs/STM32F4xx_StdPeriph_Driver/src/stm32f4xx_can.o
LOAD obj/libs/STM32F4xx_StdPeriph_Driver/src/stm32f4xx_crc.o
LOAD obj/libs/STM32F4xx_StdPeriph_Driver/src/stm32f4xx_cryp.o
LOAD obj/libs/STM32F4xx_StdPeriph_Driver/src/stm32f4xx_cryp_aes.o
LOAD obj/libs/STM32F4xx_StdPeriph_Driver/src/stm32f4xx_cryp_des.o
LOAD obj/libs/STM32F4xx_StdPeriph_Driver/src/stm32f4xx_cryp_tdes.o
LOAD obj/libs/STM32F4xx_StdPeriph_Driver/src/stm32f4xx_dac.o
LOAD obj/libs/STM32F4xx_StdPeriph_Driver/src/stm32f4xx_dbgmcu.o
LOAD obj/libs/STM32F4xx_StdPeriph_Driver/src/stm32f4xx_dcmi.o
LOAD obj/libs/STM32F4xx_StdPeriph_Driver/src/stm32f4xx_dma.o
LOAD obj/libs/STM32F4xx_StdPeriph_Driver/src/stm32f4xx_exti.o
LOAD obj/libs/STM32F4xx_StdPeriph_Driver/src/stm32f4xx_flash.o
LOAD obj/libs/STM32F4xx_StdPeriph_Driver/src/stm32f4xx_fsmc.o
LOAD obj/libs/STM32F4xx_StdPeriph_Driver/src/stm32f4xx_gpio.o
LOAD obj/libs/STM32F4xx_StdPeriph_Driver/src/stm32f4xx_hash.o
LOAD obj/libs/STM32F4xx_StdPeriph_Driver/src/stm32f4xx_hash_md5.o
LOAD obj/libs/STM32F4xx_StdPeriph_Driver/src/stm32f4xx_hash_sha1.o
LOAD obj/libs/STM32F4xx_StdPeriph_Driver/src/stm32f4xx_i2c.o
LOAD obj/libs/STM32F4xx_StdPeriph_Driver/src/stm32f4xx_iwdg.o
LOAD obj/libs/STM32F4xx_StdPeriph_Driver/src/stm32f4xx_pwr.o
LOAD obj/libs/STM32F4xx_StdPeriph_Driver/src/stm32f4xx_rcc.o
LOAD obj/libs/STM32F4xx_StdPeriph_Driver/src/stm32f4xx_rng.o
LOAD obj/libs/STM32F4xx_StdPeriph_Driver/src/stm32f4xx_rtc.o
LOAD obj/libs/STM32F4xx_StdPeriph_Driver/src/stm32f4xx_sdio.o
LOAD obj/libs/STM32F4xx_StdPeriph_Driver/src/stm32f4xx_spi.o
LOAD obj/libs/STM32F4xx_StdPeriph_Driver/src/stm32f4xx_syscfg.o
LOAD obj/libs/STM32F4xx_StdPeriph_Driver/src/stm32f4xx_tim.o
LOAD obj/libs/STM32F4xx_StdPeriph_Driver/src/stm32f4xx_usart.o
LOAD obj/libs/STM32F4xx_StdPeriph_Driver/src/stm32f4xx_wwdg.o
LOAD /usr/local/csl/arm-2012.03/bin/../lib/gcc/arm-none-eabi/4.6.3/../../../../arm-none-eabi/lib/thumb2/libm.a
START GROUP
LOAD /usr/local/csl/arm-2012.03/bin/../lib/gcc/arm-none-eabi/4.6.3/thumb2/libgcc.a
LOAD /usr/local/csl/arm-2012.03/bin/../lib/gcc/arm-none-eabi/4.6.3/../../../../arm-none-eabi/lib/thumb2/libc.a
END GROUP
LOAD /usr/local/csl/arm-2012.03/bin/../lib/gcc/arm-none-eabi/4.6.3/thumb2/crtend.o
LOAD /usr/local/csl/arm-2012.03/bin/../lib/gcc/arm-none-eabi/4.6.3/thumb2/crtn.o
                0x20020000                _estack = 0x20020000
                0x00000000                _Min_Heap_Size = 0x0
                0x00000400                _Min_Stack_Size = 0x400

.isr_vector     0x08000000      0x188
                0x08000000                . = ALIGN (0x4)
 *(.isr_vector)
 .isr_vector    0x08000000      0x188 obj/src/startup_stm32f4xx.o
                0x08000000                g_pfnVectors
                0x08000188                . = ALIGN (0x4)

.text           0x08000188     0x2c40
                0x08000188                . = ALIGN (0x4)
 *(.text)
 .text          0x08000188       0x68 /usr/local/csl/arm-2012.03/bin/../lib/gcc/arm-none-eabi/4.6.3/thumb2/crtbegin.o
 .text          0x080001f0       0x50 /usr/local/csl/arm-2012.03/bin/../lib/gcc/arm-none-eabi/4.6.3/../../../../arm-none-eabi/lib/thumb2/libc.a(lib_a-init.o)
                0x080001f0                __libc_init_array
 .text          0x08000240       0x20 /usr/local/csl/arm-2012.03/bin/../lib/gcc/arm-none-eabi/4.6.3/../../../../arm-none-eabi/lib/thumb2/libc.a(lib_a-malloc.o)
                0x08000240                malloc
                0x08000250                free
 .text          0x08000260      0x580 /usr/local/csl/arm-2012.03/bin/../lib/gcc/arm-none-eabi/4.6.3/../../../../arm-none-eabi/lib/thumb2/libc.a(lib_a-mallocr.o)
                0x08000260                _malloc_r
 .text          0x080007e0       0x8c /usr/local/csl/arm-2012.03/bin/../lib/gcc/arm-none-eabi/4.6.3/../../../../arm-none-eabi/lib/thumb2/libc.a(lib_a-memset.o)
                0x080007e0                memset
 .text          0x0800086c       0x74 /usr/local/csl/arm-2012.03/bin/../lib/gcc/arm-none-eabi/4.6.3/../../../../arm-none-eabi/lib/thumb2/libc.a(lib_a-strncpy.o)
                0x0800086c                strncpy
 .text          0x080008e0        0xc /usr/local/csl/arm-2012.03/bin/../lib/gcc/arm-none-eabi/4.6.3/../../../../arm-none-eabi/lib/thumb2/libc.a(lib_a-atexit.o)
                0x080008e0                atexit
 .text          0x080008ec       0x30 /usr/local/csl/arm-2012.03/bin/../lib/gcc/arm-none-eabi/4.6.3/../../../../arm-none-eabi/lib/thumb2/libc.a(lib_a-fini.o)
                0x080008ec                __libc_fini_array
 .text          0x0800091c      0x234 /usr/local/csl/arm-2012.03/bin/../lib/gcc/arm-none-eabi/4.6.3/../../../../arm-none-eabi/lib/thumb2/libc.a(lib_a-freer.o)
                0x0800091c                _malloc_trim_r
                0x080009c0                _free_r
 .text          0x08000b50       0xdc /usr/local/csl/arm-2012.03/bin/../lib/gcc/arm-none-eabi/4.6.3/../../../../arm-none-eabi/lib/thumb2/libc.a(lib_a-__atexit.o)
                0x08000b50                __register_exitproc
 *(.text*)
 .text.rb_getc  0x08000c2c       0x70 obj/src/uart.o
 .text.rb_putc  0x08000c9c       0x6c obj/src/uart.o
 .text.USART1_IRQHandler
                0x08000d08       0xe4 obj/src/uart.o
                0x08000d08                USART1_IRQHandler
 .text.get_us_time
                0x08000dec       0x8c obj/src/ustime.o
                0x08000dec                get_us_time
 .text.init_us_timer
                0x08000e78       0x70 obj/src/ustime.o
                0x08000e78                init_us_timer
 .text.pwm      0x08000ee8       0xc8 obj/src/main.o
                0x08000ee8                pwm
 .text.Delay_1ms
                0x08000fb0       0x38 obj/src/main.o
                0x08000fb0                Delay_1ms
 .text.Motor_Control
                0x08000fe8       0xb8 obj/src/main.o
                0x08000fe8                Motor_Control
 .text.RCC_Configuration
                0x080010a0       0x20 obj/src/main.o
                0x080010a0                RCC_Configuration
 .text.GPIO_Configuration
                0x080010c0       0x94 obj/src/main.o
                0x080010c0                GPIO_Configuration
 .text.TIM_Configuration
                0x08001154       0xac obj/src/main.o
                0x08001154                TIM_Configuration
 .text.main     0x08001200       0x58 obj/src/main.o
                0x08001200                main
 .text.Reset_Handler
                0x08001258       0x60 obj/src/startup_stm32f4xx.o
                0x08001258                Reset_Handler
 .text.Default_Handler
                0x080012b8        0x4 obj/src/startup_stm32f4xx.o
                0x080012b8                RTC_Alarm_IRQHandler
                0x080012b8                HASH_RNG_IRQHandler
                0x080012b8                EXTI2_IRQHandler
                0x080012b8                TIM8_CC_IRQHandler
                0x080012b8                DebugMon_Handler
                0x080012b8                TIM1_CC_IRQHandler
                0x080012b8                DMA2_Stream5_IRQHandler
                0x080012b8                HardFault_Handler
                0x080012b8                DMA1_Stream5_IRQHandler
                0x080012b8                PVD_IRQHandler
                0x080012b8                SDIO_IRQHandler
                0x080012b8                TAMP_STAMP_IRQHandler
                0x080012b8                NMI_Handler
                0x080012b8                CAN2_RX1_IRQHandler
                0x080012b8                EXTI3_IRQHandler
                0x080012b8                TIM8_TRG_COM_TIM14_IRQHandler
                0x080012b8                TIM1_UP_TIM10_IRQHandler
                0x080012b8                TIM8_UP_TIM13_IRQHandler
                0x080012b8                I2C3_ER_IRQHandler
                0x080012b8                EXTI0_IRQHandler
                0x080012b8                I2C2_EV_IRQHandler
                0x080012b8                DMA1_Stream2_IRQHandler
                0x080012b8                CAN1_RX0_IRQHandler
                0x080012b8                FPU_IRQHandler
                0x080012b8                OTG_HS_WKUP_IRQHandler
                0x080012b8                UsageFault_Handler
                0x080012b8                CAN2_SCE_IRQHandler
                0x080012b8                DMA2_Stream2_IRQHandler
                0x080012b8                SPI1_IRQHandler
                0x080012b8                TIM6_DAC_IRQHandler
                0x080012b8                TIM1_BRK_TIM9_IRQHandler
                0x080012b8                DCMI_IRQHandler
                0x080012b8                CAN2_RX0_IRQHandler
                0x080012b8                DMA2_Stream3_IRQHandler
                0x080012b8                USART6_IRQHandler
                0x080012b8                USART3_IRQHandler
                0x080012b8                CRYP_IRQHandler
                0x080012b8                CAN1_RX1_IRQHandler
                0x080012b8                UART5_IRQHandler
                0x080012b8                DMA2_Stream0_IRQHandler
                0x080012b8                TIM4_IRQHandler
                0x080012b8                I2C1_EV_IRQHandler
                0x080012b8                DMA1_Stream6_IRQHandler
                0x080012b8                DMA1_Stream1_IRQHandler
                0x080012b8                UART4_IRQHandler
                0x080012b8                TIM3_IRQHandler
                0x080012b8                RCC_IRQHandler
                0x080012b8                TIM8_BRK_TIM12_IRQHandler
                0x080012b8                Default_Handler
                0x080012b8                EXTI15_10_IRQHandler
                0x080012b8                ADC_IRQHandler
                0x080012b8                DMA1_Stream7_IRQHandler
                0x080012b8                TIM7_IRQHandler
                0x080012b8                CAN2_TX_IRQHandler
                0x080012b8                TIM5_IRQHandler
                0x080012b8                DMA2_Stream7_IRQHandler
                0x080012b8                I2C3_EV_IRQHandler
                0x080012b8                EXTI9_5_IRQHandler
                0x080012b8                RTC_WKUP_IRQHandler
                0x080012b8                ETH_WKUP_IRQHandler
                0x080012b8                SPI2_IRQHandler
                0x080012b8                OTG_HS_EP1_IN_IRQHandler
                0x080012b8                MemManage_Handler
                0x080012b8                DMA1_Stream0_IRQHandler
                0x080012b8                CAN1_TX_IRQHandler
                0x080012b8                EXTI4_IRQHandler
                0x080012b8                FSMC_IRQHandler
                0x080012b8                ETH_IRQHandler
                0x080012b8                OTG_HS_EP1_OUT_IRQHandler
                0x080012b8                WWDG_IRQHandler
                0x080012b8                TIM2_IRQHandler
                0x080012b8                OTG_FS_WKUP_IRQHandler
                0x080012b8                TIM1_TRG_COM_TIM11_IRQHandler
                0x080012b8                OTG_HS_IRQHandler
                0x080012b8                EXTI1_IRQHandler
                0x080012b8                USART2_IRQHandler
                0x080012b8                I2C2_ER_IRQHandler
                0x080012b8                DMA2_Stream1_IRQHandler
                0x080012b8                CAN1_SCE_IRQHandler
                0x080012b8                FLASH_IRQHandler
                0x080012b8                DMA2_Stream4_IRQHandler
                0x080012b8                BusFault_Handler
                0x080012b8                OTG_FS_IRQHandler
                0x080012b8                SPI3_IRQHandler
                0x080012b8                DMA1_Stream4_IRQHandler
                0x080012b8                I2C1_ER_IRQHandler
                0x080012b8                DMA2_Stream6_IRQHandler
                0x080012b8                DMA1_Stream3_IRQHandler
 .text.SystemInit
                0x080012bc       0x94 obj/src/system_stm32f4xx.o
                0x080012bc                SystemInit
 .text.SetSysClock
                0x08001350      0x1e0 obj/src/system_stm32f4xx.o
 .text._sbrk_r  0x08001530       0x90 obj/src/syscalls.o
                0x08001530                _sbrk_r
 .text.__malloc_lock
                0x080015c0       0x14 obj/src/syscalls.o
                0x080015c0                __malloc_lock
 .text.__malloc_unlock
                0x080015d4       0x14 obj/src/syscalls.o
                0x080015d4                __malloc_unlock
 .text.xTaskGenericCreate
                0x080015e8      0x1ac obj/FreeRTOS/Source/tasks.o
                0x080015e8                xTaskGenericCreate
 .text.vTaskStartScheduler
                0x08001794       0x7c obj/FreeRTOS/Source/tasks.o
                0x08001794                vTaskStartScheduler
 .text.vTaskSuspendAll
                0x08001810       0x24 obj/FreeRTOS/Source/tasks.o
                0x08001810                vTaskSuspendAll
 .text.xTaskResumeAll
                0x08001834      0x154 obj/FreeRTOS/Source/tasks.o
                0x08001834                xTaskResumeAll
 .text.vTaskIncrementTick
                0x08001988      0x1b8 obj/FreeRTOS/Source/tasks.o
                0x08001988                vTaskIncrementTick
 .text.vTaskSwitchContext
                0x08001b40      0x110 obj/FreeRTOS/Source/tasks.o
                0x08001b40                vTaskSwitchContext
 .text.prvIdleTask
                0x08001c50       0x24 obj/FreeRTOS/Source/tasks.o
 .text.prvInitialiseTCBVariables
                0x08001c74       0x88 obj/FreeRTOS/Source/tasks.o
 .text.prvInitialiseTaskLists
                0x08001cfc       0xa4 obj/FreeRTOS/Source/tasks.o
 .text.prvCheckTasksWaitingTermination
                0x08001da0       0x98 obj/FreeRTOS/Source/tasks.o
 .text.prvAllocateTCBAndStack
                0x08001e38       0x74 obj/FreeRTOS/Source/tasks.o
 .text.prvDeleteTCB
                0x08001eac       0x20 obj/FreeRTOS/Source/tasks.o
 .text.vListInitialise
                0x08001ecc       0x40 obj/FreeRTOS/Source/list.o
                0x08001ecc                vListInitialise
 .text.vListInitialiseItem
                0x08001f0c       0x1c obj/FreeRTOS/Source/list.o
                0x08001f0c                vListInitialiseItem
 .text.vListInsertEnd
                0x08001f28       0x50 obj/FreeRTOS/Source/list.o
                0x08001f28                vListInsertEnd
 .text.vListRemove
                0x08001f78       0x54 obj/FreeRTOS/Source/list.o
                0x08001f78                vListRemove
 .text.pxPortInitialiseStack
                0x08001fcc       0x70 obj/FreeRTOS/Source/portable/GCC/ARM_CM4F/port.o
                0x08001fcc                pxPortInitialiseStack
 .text.SVC_Handler
                0x0800203c       0x1c obj/FreeRTOS/Source/portable/GCC/ARM_CM4F/port.o
                0x0800203c                SVC_Handler
 .text.vPortStartFirstTask
                0x08002058       0x14 obj/FreeRTOS/Source/portable/GCC/ARM_CM4F/port.o
 .text.xPortStartScheduler
                0x0800206c       0x70 obj/FreeRTOS/Source/portable/GCC/ARM_CM4F/port.o
                0x0800206c                xPortStartScheduler
 .text.vPortYieldFromISR
                0x080020dc       0x18 obj/FreeRTOS/Source/portable/GCC/ARM_CM4F/port.o
                0x080020dc                vPortYieldFromISR
 .text.vPortEnterCritical
                0x080020f4       0x2c obj/FreeRTOS/Source/portable/GCC/ARM_CM4F/port.o
                0x080020f4                vPortEnterCritical
 .text.vPortExitCritical
                0x08002120       0x38 obj/FreeRTOS/Source/portable/GCC/ARM_CM4F/port.o
                0x08002120                vPortExitCritical
 .text.PendSV_Handler
                0x08002158       0x50 obj/FreeRTOS/Source/portable/GCC/ARM_CM4F/port.o
                0x08002158                PendSV_Handler
 .text.SysTick_Handler
                0x080021a8       0x38 obj/FreeRTOS/Source/portable/GCC/ARM_CM4F/port.o
                0x080021a8                SysTick_Handler
 .text.prvSetupTimerInterrupt
                0x080021e0       0x40 obj/FreeRTOS/Source/portable/GCC/ARM_CM4F/port.o
 .text.vPortEnableVFP
                0x08002220       0x14 obj/FreeRTOS/Source/portable/GCC/ARM_CM4F/port.o
 .text.GPIO_Init
                0x08002234      0x144 obj/libs/STM32F4xx_StdPeriph_Driver/src/stm32f4xx_gpio.o
                0x08002234                GPIO_Init
 .text.GPIO_StructInit
                0x08002378       0x3c obj/libs/STM32F4xx_StdPeriph_Driver/src/stm32f4xx_gpio.o
                0x08002378                GPIO_StructInit
 .text.GPIO_PinAFConfig
                0x080023b4       0xa8 obj/libs/STM32F4xx_StdPeriph_Driver/src/stm32f4xx_gpio.o
                0x080023b4                GPIO_PinAFConfig
 .text.RCC_GetClocksFreq
                0x0800245c      0x1cc obj/libs/STM32F4xx_StdPeriph_Driver/src/stm32f4xx_rcc.o
                0x0800245c                RCC_GetClocksFreq
 .text.RCC_AHB1PeriphClockCmd
                0x08002628       0x54 obj/libs/STM32F4xx_StdPeriph_Driver/src/stm32f4xx_rcc.o
                0x08002628                RCC_AHB1PeriphClockCmd
 .text.RCC_APB1PeriphClockCmd
                0x0800267c       0x54 obj/libs/STM32F4xx_StdPeriph_Driver/src/stm32f4xx_rcc.o
                0x0800267c                RCC_APB1PeriphClockCmd
 .text.TIM_TimeBaseInit
                0x080026d0       0xf4 obj/libs/STM32F4xx_StdPeriph_Driver/src/stm32f4xx_tim.o
                0x080026d0                TIM_TimeBaseInit
 .text.TIM_TimeBaseStructInit
                0x080027c4       0x3c obj/libs/STM32F4xx_StdPeriph_Driver/src/stm32f4xx_tim.o
                0x080027c4                TIM_TimeBaseStructInit
 .text.TIM_Cmd  0x08002800       0x40 obj/libs/STM32F4xx_StdPeriph_Driver/src/stm32f4xx_tim.o
                0x08002800                TIM_Cmd
 .text.TIM_OC1Init
                0x08002840       0xfc obj/libs/STM32F4xx_StdPeriph_Driver/src/stm32f4xx_tim.o
                0x08002840                TIM_OC1Init
 .text.TIM_OC2Init
                0x0800293c      0x128 obj/libs/STM32F4xx_StdPeriph_Driver/src/stm32f4xx_tim.o
                0x0800293c                TIM_OC2Init
 .text.TIM_OC3Init
                0x08002a64      0x120 obj/libs/STM32F4xx_StdPeriph_Driver/src/stm32f4xx_tim.o
                0x08002a64                TIM_OC3Init
 .text.TIM_OC4Init
                0x08002b84       0xe0 obj/libs/STM32F4xx_StdPeriph_Driver/src/stm32f4xx_tim.o
                0x08002b84                TIM_OC4Init
 .text.TIM_OCStructInit
                0x08002c64       0x54 obj/libs/STM32F4xx_StdPeriph_Driver/src/stm32f4xx_tim.o
                0x08002c64                TIM_OCStructInit
 .text.startup  0x08002cb8       0x18 /usr/local/csl/arm-2012.03/bin/../lib/gcc/arm-none-eabi/4.6.3/../../../../arm-none-eabi/lib/thumb2/libc.a(lib_a-__call_atexit.o)
 *(.rodata)
 .rodata        0x08002cd0        0x4 obj/src/main.o
 .rodata        0x08002cd4       0x74 obj/FreeRTOS/Source/tasks.o
 .rodata        0x08002d48        0x4 /usr/local/csl/arm-2012.03/bin/../lib/gcc/arm-none-eabi/4.6.3/../../../../arm-none-eabi/lib/thumb2/libc.a(lib_a-impure.o)
                0x08002d48                _global_impure_ptr
 .rodata        0x08002d4c       0x60 /usr/local/csl/arm-2012.03/bin/../lib/gcc/arm-none-eabi/4.6.3/../../../../arm-none-eabi/lib/thumb2/libc.a(lib_a-findfp.o)
                0x08002d4c                __sf_fake_stderr
                0x08002d6c                __sf_fake_stdout
                0x08002d8c                __sf_fake_stdin
 *(.rodata*)
 .rodata.str1.4
                0x08002dac        0x4 /usr/local/csl/arm-2012.03/bin/../lib/gcc/arm-none-eabi/4.6.3/../../../../arm-none-eabi/lib/thumb2/libc.a(lib_a-impure.o)
 *(.glue_7)
 .glue_7        0x00000000        0x0 linker stubs
 *(.glue_7t)
 .glue_7t       0x00000000        0x0 linker stubs
 *(.eh_frame)
 .eh_frame      0x08002db0        0x0 /usr/local/csl/arm-2012.03/bin/../lib/gcc/arm-none-eabi/4.6.3/thumb2/crtbegin.o
 *(.init)
 .init          0x08002db0        0x4 /usr/local/csl/arm-2012.03/bin/../lib/gcc/arm-none-eabi/4.6.3/thumb2/crti.o
                0x08002db0                _init
 .init          0x08002db4        0x8 /usr/local/csl/arm-2012.03/bin/../lib/gcc/arm-none-eabi/4.6.3/thumb2/crtn.o
 *(.fini)
 .fini          0x08002dbc        0x4 /usr/local/csl/arm-2012.03/bin/../lib/gcc/arm-none-eabi/4.6.3/thumb2/crti.o
                0x08002dbc                _fini
 .fini          0x08002dc0        0x8 /usr/local/csl/arm-2012.03/bin/../lib/gcc/arm-none-eabi/4.6.3/thumb2/crtn.o
                0x08002dc8                . = ALIGN (0x4)
                0x08002dc8                _etext = .

.vfp11_veneer   0x08002dc8        0x0
 .vfp11_veneer  0x00000000        0x0 linker stubs

.v4_bx          0x08002dc8        0x0
 .v4_bx         0x00000000        0x0 linker stubs

.iplt           0x08002dc8        0x0
 .iplt          0x00000000        0x0 /usr/local/csl/arm-2012.03/bin/../lib/gcc/arm-none-eabi/4.6.3/thumb2/crtbegin.o

.rel.dyn        0x08002dc8        0x0
 .rel.iplt      0x00000000        0x0 /usr/local/csl/arm-2012.03/bin/../lib/gcc/arm-none-eabi/4.6.3/thumb2/crtbegin.o

.ARM.extab
 *(.ARM.extab* .gnu.linkonce.armextab.*)

.ARM            0x08002dc8        0x0
                0x08002dc8                __exidx_start = .
 *(.ARM.exidx*)
                0x08002dc8                __exidx_end = .

.preinit_array  0x08002dc8        0x0
                0x08002dc8                PROVIDE (__preinit_array_start, .)
 *(.preinit_array*)
                0x08002dc8                PROVIDE (__preinit_array_end, .)

.init_array     0x08002dc8        0x8
                0x08002dc8                PROVIDE (__init_array_start, .)
 *(SORT(.init_array.*))
 .init_array.00000
                0x08002dc8        0x4 /usr/local/csl/arm-2012.03/bin/../lib/gcc/arm-none-eabi/4.6.3/../../../../arm-none-eabi/lib/thumb2/libc.a(lib_a-__call_atexit.o)
 *(.init_array*)
 .init_array    0x08002dcc        0x4 /usr/local/csl/arm-2012.03/bin/../lib/gcc/arm-none-eabi/4.6.3/thumb2/crtbegin.o
                0x08002dd0                PROVIDE (__init_array_end, .)

.fini_array     0x08002dd0        0x4
                0x08002dd0                PROVIDE (__fini_array_start, .)
 *(.fini_array*)
 .fini_array    0x08002dd0        0x4 /usr/local/csl/arm-2012.03/bin/../lib/gcc/arm-none-eabi/4.6.3/thumb2/crtbegin.o
 *(SORT(.fini_array.*))
                0x08002dd4                PROVIDE (__fini_array_end, .)
                0x08002dd4                _sidata = .

.data           0x20000000      0x544 load address 0x08002dd4
                0x20000000                . = ALIGN (0x4)
                0x20000000                _sdata = .
 *(.data)
 .data          0x20000000       0xf4 /usr/local/csl/arm-2012.03/bin/../lib/gcc/arm-none-eabi/4.6.3/../../../../arm-none-eabi/lib/thumb2/libc.a(lib_a-impure.o)
                0x20000000                _impure_ptr
 .data          0x200000f4      0x410 /usr/local/csl/arm-2012.03/bin/../lib/gcc/arm-none-eabi/4.6.3/../../../../arm-none-eabi/lib/thumb2/libc.a(lib_a-mallocr.o)
                0x200000f4                __malloc_av_
                0x200004fc                __malloc_sbrk_base
                0x20000500                __malloc_trim_threshold
 *(.data*)
 .data.rx_buf   0x20000504       0x10 obj/src/uart.o
 .data.tx_buf   0x20000514       0x10 obj/src/uart.o
 .data.SystemCoreClock
                0x20000524        0x4 obj/src/system_stm32f4xx.o
                0x20000524                SystemCoreClock
 .data.__malloc_margin
                0x20000528        0x4 obj/src/syscalls.o
                0x20000528                __malloc_margin
 .data.xNextTaskUnblockTime
                0x2000052c        0x4 obj/FreeRTOS/Source/tasks.o
 .data.uxCriticalNesting
                0x20000530        0x4 obj/FreeRTOS/Source/portable/GCC/ARM_CM4F/port.o
 .data.APBAHBPrescTable
                0x20000534       0x10 obj/libs/STM32F4xx_StdPeriph_Driver/src/stm32f4xx_rcc.o
                0x20000544                . = ALIGN (0x4)
                0x20000544                _edata = .

.jcr            0x20000544        0x0 load address 0x08003318
 .jcr           0x20000544        0x0 /usr/local/csl/arm-2012.03/bin/../lib/gcc/arm-none-eabi/4.6.3/thumb2/crtbegin.o

.igot.plt       0x20000544        0x0 load address 0x08003318
 .igot.plt      0x00000000        0x0 /usr/local/csl/arm-2012.03/bin/../lib/gcc/arm-none-eabi/4.6.3/thumb2/crtbegin.o
                0x20000544                . = ALIGN (0x4)

.bss            0x20000548      0x274 load address 0x08003318
                0x20000548                _sbss = .
                0x20000548                __bss_start__ = _sbss
 *(.bss)
 .bss           0x20000548       0x1c /usr/local/csl/arm-2012.03/bin/../lib/gcc/arm-none-eabi/4.6.3/thumb2/crtbegin.o
 .bss           0x20000564       0x34 /usr/local/csl/arm-2012.03/bin/../lib/gcc/arm-none-eabi/4.6.3/../../../../arm-none-eabi/lib/thumb2/libc.a(lib_a-mallocr.o)
                0x20000564                __malloc_top_pad
                0x20000568                __malloc_current_mallinfo
                0x20000590                __malloc_max_sbrked_mem
                0x20000594                __malloc_max_total_mem
 *(.bss*)
 .bss.__compound_literal.0
                0x20000598       0x80 obj/src/uart.o
 .bss.__compound_literal.1
                0x20000618       0x80 obj/src/uart.o
 .bss.uart_stats
                0x20000698        0xc obj/src/uart.o
 .bss.t0.7203   0x200006a4        0x2 obj/src/ustime.o
 *fill*         0x200006a6        0x2 00
 .bss.tickcount.7204
                0x200006a8        0x8 obj/src/ustime.o
 .bss.pxCurrentTCB
                0x200006b0        0x4 obj/FreeRTOS/Source/tasks.o
                0x200006b0                pxCurrentTCB
 .bss.pxReadyTasksLists
                0x200006b4       0x64 obj/FreeRTOS/Source/tasks.o
 .bss.xDelayedTaskList1
                0x20000718       0x14 obj/FreeRTOS/Source/tasks.o
 .bss.xDelayedTaskList2
                0x2000072c       0x14 obj/FreeRTOS/Source/tasks.o
 .bss.pxDelayedTaskList
                0x20000740        0x4 obj/FreeRTOS/Source/tasks.o
 .bss.pxOverflowDelayedTaskList
                0x20000744        0x4 obj/FreeRTOS/Source/tasks.o
 .bss.xPendingReadyList
                0x20000748       0x14 obj/FreeRTOS/Source/tasks.o
 .bss.xTasksWaitingTermination
                0x2000075c       0x14 obj/FreeRTOS/Source/tasks.o
 .bss.uxTasksDeleted
                0x20000770        0x4 obj/FreeRTOS/Source/tasks.o
 .bss.xSuspendedTaskList
                0x20000774       0x14 obj/FreeRTOS/Source/tasks.o
 .bss.xIdleTaskHandle
                0x20000788        0x4 obj/FreeRTOS/Source/tasks.o
 .bss.uxCurrentNumberOfTasks
                0x2000078c        0x4 obj/FreeRTOS/Source/tasks.o
 .bss.xTickCount
                0x20000790        0x4 obj/FreeRTOS/Source/tasks.o
 .bss.uxTopUsedPriority
                0x20000794        0x4 obj/FreeRTOS/Source/tasks.o
 .bss.uxTopReadyPriority
                0x20000798        0x4 obj/FreeRTOS/Source/tasks.o
 .bss.xSchedulerRunning
                0x2000079c        0x4 obj/FreeRTOS/Source/tasks.o
 .bss.uxSchedulerSuspended
                0x200007a0        0x4 obj/FreeRTOS/Source/tasks.o
 .bss.uxMissedTicks
                0x200007a4        0x4 obj/FreeRTOS/Source/tasks.o
 .bss.xMissedYield
                0x200007a8        0x4 obj/FreeRTOS/Source/tasks.o
 .bss.xNumOfOverflows
                0x200007ac        0x4 obj/FreeRTOS/Source/tasks.o
 .bss.uxTaskNumber
                0x200007b0        0x4 obj/FreeRTOS/Source/tasks.o
 .bss.ulTaskSwitchedInTime
                0x200007b4        0x4 obj/FreeRTOS/Source/tasks.o
 *(COMMON)
 COMMON         0x200007b8        0x4 obj/src/syscalls.o
                0x200007b8                __brkval
                0x200007bc                . = ALIGN (0x4)
                0x200007bc                _ebss = .
                0x200007bc                __bss_end__ = _ebss

._user_heap_stack
                0x200007bc      0x400 load address 0x08003318
                0x200007bc                . = ALIGN (0x4)
                0x200007bc                PROVIDE (end, .)
                0x200007bc                PROVIDE (_end, .)
                0x200007bc                . = (. + _Min_Heap_Size)
                0x20000bbc                . = (. + _Min_Stack_Size)
 *fill*         0x200007bc      0x400 00
                0x20000bbc                . = ALIGN (0x4)

.memory_b1_text
 *(.mb1text)
 *(.mb1text*)
 *(.mb1rodata)
 *(.mb1rodata*)

/DISCARD/
 libc.a(*)
 libm.a(*)
 libgcc.a(*)

.ARM.attributes
                0x00000000       0x35
 *(.ARM.attributes)
 .ARM.attributes
                0x00000000       0x1b /usr/local/csl/arm-2012.03/bin/../lib/gcc/arm-none-eabi/4.6.3/thumb2/crti.o
 .ARM.attributes
                0x0000001b       0x2b /usr/local/csl/arm-2012.03/bin/../lib/gcc/arm-none-eabi/4.6.3/thumb2/crtbegin.o
 .ARM.attributes
                0x00000046       0x39 obj/src/uart.o
 .ARM.attributes
                0x0000007f       0x39 obj/src/ustime.o
 .ARM.attributes
                0x000000b8       0x39 obj/src/main.o
 .ARM.attributes
                0x000000f1       0x21 obj/src/startup_stm32f4xx.o
 .ARM.attributes
                0x00000112       0x39 obj/src/system_stm32f4xx.o
 .ARM.attributes
                0x0000014b       0x39 obj/src/syscalls.o
 .ARM.attributes
                0x00000184       0x39 obj/FreeRTOS/Source/tasks.o
 .ARM.attributes
                0x000001bd       0x39 obj/FreeRTOS/Source/list.o
 .ARM.attributes
                0x000001f6       0x39 obj/FreeRTOS/Source/portable/GCC/ARM_CM4F/port.o
 .ARM.attributes
                0x0000022f       0x39 obj/libs/STM32F4xx_StdPeriph_Driver/src/stm32f4xx_gpio.o
 .ARM.attributes
                0x00000268       0x39 obj/libs/STM32F4xx_StdPeriph_Driver/src/stm32f4xx_rcc.o
 .ARM.attributes
                0x000002a1       0x39 obj/libs/STM32F4xx_StdPeriph_Driver/src/stm32f4xx_tim.o
 .ARM.attributes
                0x000002da       0x2b /usr/local/csl/arm-2012.03/bin/../lib/gcc/arm-none-eabi/4.6.3/../../../../arm-none-eabi/lib/thumb2/libc.a(lib_a-impure.o)
 .ARM.attributes
                0x00000305       0x2b /usr/local/csl/arm-2012.03/bin/../lib/gcc/arm-none-eabi/4.6.3/../../../../arm-none-eabi/lib/thumb2/libc.a(lib_a-init.o)
 .ARM.attributes
                0x00000330       0x2b /usr/local/csl/arm-2012.03/bin/../lib/gcc/arm-none-eabi/4.6.3/../../../../arm-none-eabi/lib/thumb2/libc.a(lib_a-malloc.o)
 .ARM.attributes
                0x0000035b       0x2b /usr/local/csl/arm-2012.03/bin/../lib/gcc/arm-none-eabi/4.6.3/../../../../arm-none-eabi/lib/thumb2/libc.a(lib_a-mallocr.o)
 .ARM.attributes
                0x00000386       0x2b /usr/local/csl/arm-2012.03/bin/../lib/gcc/arm-none-eabi/4.6.3/../../../../arm-none-eabi/lib/thumb2/libc.a(lib_a-memset.o)
 .ARM.attributes
                0x000003b1       0x2b /usr/local/csl/arm-2012.03/bin/../lib/gcc/arm-none-eabi/4.6.3/../../../../arm-none-eabi/lib/thumb2/libc.a(lib_a-strncpy.o)
 .ARM.attributes
                0x000003dc       0x2b /usr/local/csl/arm-2012.03/bin/../lib/gcc/arm-none-eabi/4.6.3/../../../../arm-none-eabi/lib/thumb2/libc.a(lib_a-__call_atexit.o)
 .ARM.attributes
                0x00000407       0x2b /usr/local/csl/arm-2012.03/bin/../lib/gcc/arm-none-eabi/4.6.3/../../../../arm-none-eabi/lib/thumb2/libc.a(lib_a-atexit.o)
 .ARM.attributes
                0x00000432       0x2b /usr/local/csl/arm-2012.03/bin/../lib/gcc/arm-none-eabi/4.6.3/../../../../arm-none-eabi/lib/thumb2/libc.a(lib_a-findfp.o)
 .ARM.attributes
                0x0000045d       0x2b /usr/local/csl/arm-2012.03/bin/../lib/gcc/arm-none-eabi/4.6.3/../../../../arm-none-eabi/lib/thumb2/libc.a(lib_a-fini.o)
 .ARM.attributes
                0x00000488       0x2b /usr/local/csl/arm-2012.03/bin/../lib/gcc/arm-none-eabi/4.6.3/../../../../arm-none-eabi/lib/thumb2/libc.a(lib_a-freer.o)
 .ARM.attributes
                0x000004b3       0x2b /usr/local/csl/arm-2012.03/bin/../lib/gcc/arm-none-eabi/4.6.3/../../../../arm-none-eabi/lib/thumb2/libc.a(lib_a-__atexit.o)
 .ARM.attributes
                0x000004de       0x1b /usr/local/csl/arm-2012.03/bin/../lib/gcc/arm-none-eabi/4.6.3/thumb2/crtn.o
OUTPUT(obj/STM32F4_Test.elf elf32-littlearm)

.debug_info     0x00000000     0x7cb5
 .debug_info    0x00000000     0x1350 obj/src/uart.o
 .debug_info    0x00001350      0x5fe obj/src/ustime.o
 .debug_info    0x0000194e      0x758 obj/src/main.o
 .debug_info    0x000020a6      0x5ef obj/src/system_stm32f4xx.o
 .debug_info    0x00002695      0xddd obj/src/syscalls.o
 .debug_info    0x00003472     0x11ce obj/FreeRTOS/Source/tasks.o
 .debug_info    0x00004640      0x2cc obj/FreeRTOS/Source/list.o
 .debug_info    0x0000490c      0x242 obj/FreeRTOS/Source/portable/GCC/ARM_CM4F/port.o
 .debug_info    0x00004b4e      0x62f obj/libs/STM32F4xx_StdPeriph_Driver/src/stm32f4xx_gpio.o
 .debug_info    0x0000517d      0xd1a obj/libs/STM32F4xx_StdPeriph_Driver/src/stm32f4xx_rcc.o
 .debug_info    0x00005e97     0x1e1e obj/libs/STM32F4xx_StdPeriph_Driver/src/stm32f4xx_tim.o

.debug_abbrev   0x00000000     0x10a2
 .debug_abbrev  0x00000000      0x220 obj/src/uart.o
 .debug_abbrev  0x00000220      0x11b obj/src/ustime.o
 .debug_abbrev  0x0000033b      0x197 obj/src/main.o
 .debug_abbrev  0x000004d2      0x131 obj/src/system_stm32f4xx.o
 .debug_abbrev  0x00000603      0x1fe obj/src/syscalls.o
 .debug_abbrev  0x00000801      0x1c5 obj/FreeRTOS/Source/tasks.o
 .debug_abbrev  0x000009c6       0xb4 obj/FreeRTOS/Source/list.o
 .debug_abbrev  0x00000a7a      0x186 obj/FreeRTOS/Source/portable/GCC/ARM_CM4F/port.o
 .debug_abbrev  0x00000c00      0x184 obj/libs/STM32F4xx_StdPeriph_Driver/src/stm32f4xx_gpio.o
 .debug_abbrev  0x00000d84      0x1b9 obj/libs/STM32F4xx_StdPeriph_Driver/src/stm32f4xx_rcc.o
 .debug_abbrev  0x00000f3d      0x165 obj/libs/STM32F4xx_StdPeriph_Driver/src/stm32f4xx_tim.o

.debug_loc      0x00000000     0x337e
 .debug_loc     0x00000000      0x1b4 obj/src/uart.o
 .debug_loc     0x000001b4       0xe0 obj/src/ustime.o
 .debug_loc     0x00000294      0x17c obj/src/main.o
 .debug_loc     0x00000410       0x9c obj/src/system_stm32f4xx.o
 .debug_loc     0x000004ac      0x2a0 obj/src/syscalls.o
 .debug_loc     0x0000074c      0x8f6 obj/FreeRTOS/Source/tasks.o
 .debug_loc     0x00001042      0x118 obj/FreeRTOS/Source/list.o
 .debug_loc     0x0000115a      0x178 obj/FreeRTOS/Source/portable/GCC/ARM_CM4F/port.o
 .debug_loc     0x000012d2      0x310 obj/libs/STM32F4xx_StdPeriph_Driver/src/stm32f4xx_gpio.o
 .debug_loc     0x000015e2      0x97c obj/libs/STM32F4xx_StdPeriph_Driver/src/stm32f4xx_rcc.o
 .debug_loc     0x00001f5e     0x1420 obj/libs/STM32F4xx_StdPeriph_Driver/src/stm32f4xx_tim.o

.debug_aranges  0x00000000      0x8a0
 .debug_aranges
                0x00000000       0x58 obj/src/uart.o
 .debug_aranges
                0x00000058       0x38 obj/src/ustime.o
 .debug_aranges
                0x00000090       0x50 obj/src/main.o
 .debug_aranges
                0x000000e0       0x30 obj/src/system_stm32f4xx.o
 .debug_aranges
                0x00000110       0x78 obj/src/syscalls.o
 .debug_aranges
                0x00000188      0x168 obj/FreeRTOS/Source/tasks.o
 .debug_aranges
                0x000002f0       0x40 obj/FreeRTOS/Source/list.o
 .debug_aranges
                0x00000330       0x78 obj/FreeRTOS/Source/portable/GCC/ARM_CM4F/port.o
 .debug_aranges
                0x000003a8       0x88 obj/libs/STM32F4xx_StdPeriph_Driver/src/stm32f4xx_gpio.o
 .debug_aranges
                0x00000430      0x178 obj/libs/STM32F4xx_StdPeriph_Driver/src/stm32f4xx_rcc.o
 .debug_aranges
                0x000005a8      0x2f8 obj/libs/STM32F4xx_StdPeriph_Driver/src/stm32f4xx_tim.o

.debug_ranges   0x00000000      0x808
 .debug_ranges  0x00000000       0x48 obj/src/uart.o
 .debug_ranges  0x00000048       0x40 obj/src/ustime.o
 .debug_ranges  0x00000088       0x40 obj/src/main.o
 .debug_ranges  0x000000c8       0x20 obj/src/system_stm32f4xx.o
 .debug_ranges  0x000000e8       0x68 obj/src/syscalls.o
 .debug_ranges  0x00000150      0x158 obj/FreeRTOS/Source/tasks.o
 .debug_ranges  0x000002a8       0x30 obj/FreeRTOS/Source/list.o
 .debug_ranges  0x000002d8       0x68 obj/FreeRTOS/Source/portable/GCC/ARM_CM4F/port.o
 .debug_ranges  0x00000340       0x78 obj/libs/STM32F4xx_StdPeriph_Driver/src/stm32f4xx_gpio.o
 .debug_ranges  0x000003b8      0x168 obj/libs/STM32F4xx_StdPeriph_Driver/src/stm32f4xx_rcc.o
 .debug_ranges  0x00000520      0x2e8 obj/libs/STM32F4xx_StdPeriph_Driver/src/stm32f4xx_tim.o

.debug_line     0x00000000     0x28bc
 .debug_line    0x00000000      0x32c obj/src/uart.o
 .debug_line    0x0000032c      0x178 obj/src/ustime.o
 .debug_line    0x000004a4      0x244 obj/src/main.o
 .debug_line    0x000006e8      0x17d obj/src/system_stm32f4xx.o
 .debug_line    0x00000865      0x2c7 obj/src/syscalls.o
 .debug_line    0x00000b2c      0x80e obj/FreeRTOS/Source/tasks.o
 .debug_line    0x0000133a      0x1b3 obj/FreeRTOS/Source/list.o
 .debug_line    0x000014ed      0x26e obj/FreeRTOS/Source/portable/GCC/ARM_CM4F/port.o
 .debug_line    0x0000175b      0x299 obj/libs/STM32F4xx_StdPeriph_Driver/src/stm32f4xx_gpio.o
 .debug_line    0x000019f4      0x4f5 obj/libs/STM32F4xx_StdPeriph_Driver/src/stm32f4xx_rcc.o
 .debug_line    0x00001ee9      0x9d3 obj/libs/STM32F4xx_StdPeriph_Driver/src/stm32f4xx_tim.o

.debug_str      0x00000000     0x2f31
 .debug_str     0x00000000      0xd98 obj/src/uart.o
                                0xe19 (size before relaxing)
 .debug_str     0x00000d98      0x143 obj/src/ustime.o
                                0x32f (size before relaxing)
 .debug_str     0x00000edb      0x1da obj/src/main.o
                                0x552 (size before relaxing)
 .debug_str     0x000010b5      0x104 obj/src/system_stm32f4xx.o
                                0x311 (size before relaxing)
 .debug_str     0x000011b9      0x185 obj/src/syscalls.o
                                0x660 (size before relaxing)
 .debug_str     0x0000133e      0x9b9 obj/FreeRTOS/Source/tasks.o
                                0xad2 (size before relaxing)
 .debug_str     0x00001cf7       0xa3 obj/FreeRTOS/Source/list.o
                                0x22b (size before relaxing)
 .debug_str     0x00001d9a      0x137 obj/FreeRTOS/Source/portable/GCC/ARM_CM4F/port.o
                                0x261 (size before relaxing)
 .debug_str     0x00001ed1      0x198 obj/libs/STM32F4xx_StdPeriph_Driver/src/stm32f4xx_gpio.o
                                0x424 (size before relaxing)
 .debug_str     0x00002069      0x507 obj/libs/STM32F4xx_StdPeriph_Driver/src/stm32f4xx_rcc.o
                                0x7d1 (size before relaxing)
 .debug_str     0x00002570      0x9c1 obj/libs/STM32F4xx_StdPeriph_Driver/src/stm32f4xx_tim.o
                                0xd51 (size before relaxing)

.comment        0x00000000       0x30
 .comment       0x00000000       0x30 obj/src/uart.o
                                 0x31 (size before relaxing)
 .comment       0x00000000       0x31 obj/src/ustime.o
 .comment       0x00000000       0x31 obj/src/main.o
 .comment       0x00000000       0x31 obj/src/system_stm32f4xx.o
 .comment       0x00000000       0x31 obj/src/syscalls.o
 .comment       0x00000000       0x31 obj/FreeRTOS/Source/tasks.o
 .comment       0x00000000       0x31 obj/FreeRTOS/Source/list.o
 .comment       0x00000000       0x31 obj/FreeRTOS/Source/portable/GCC/ARM_CM4F/port.o
 .comment       0x00000000       0x31 obj/libs/STM32F4xx_StdPeriph_Driver/src/stm32f4xx_gpio.o
 .comment       0x00000000       0x31 obj/libs/STM32F4xx_StdPeriph_Driver/src/stm32f4xx_rcc.o
 .comment       0x00000000       0x31 obj/libs/STM32F4xx_StdPeriph_Driver/src/stm32f4xx_tim.o

.debug_frame    0x00000000     0x1f40
 .debug_frame   0x00000000      0x108 obj/src/uart.o
 .debug_frame   0x00000108       0x8c obj/src/ustime.o
 .debug_frame   0x00000194       0xe8 obj/src/main.o
 .debug_frame   0x0000027c       0x64 obj/src/system_stm32f4xx.o
 .debug_frame   0x000002e0      0x174 obj/src/syscalls.o
 .debug_frame   0x00000454      0x540 obj/FreeRTOS/Source/tasks.o
 .debug_frame   0x00000994       0x9c obj/FreeRTOS/Source/list.o
 .debug_frame   0x00000a30      0x134 obj/FreeRTOS/Source/portable/GCC/ARM_CM4F/port.o
 .debug_frame   0x00000b64      0x19c obj/libs/STM32F4xx_StdPeriph_Driver/src/stm32f4xx_gpio.o
 .debug_frame   0x00000d00      0x4e4 obj/libs/STM32F4xx_StdPeriph_Driver/src/stm32f4xx_rcc.o
 .debug_frame   0x000011e4      0xa3c obj/libs/STM32F4xx_StdPeriph_Driver/src/stm32f4xx_tim.o
 .debug_frame   0x00001c20       0x2c /usr/local/csl/arm-2012.03/bin/../lib/gcc/arm-none-eabi/4.6.3/../../../../arm-none-eabi/lib/thumb2/libc.a(lib_a-init.o)
 .debug_frame   0x00001c4c       0x30 /usr/local/csl/arm-2012.03/bin/../lib/gcc/arm-none-eabi/4.6.3/../../../../arm-none-eabi/lib/thumb2/libc.a(lib_a-malloc.o)
 .debug_frame   0x00001c7c       0x38 /usr/local/csl/arm-2012.03/bin/../lib/gcc/arm-none-eabi/4.6.3/../../../../arm-none-eabi/lib/thumb2/libc.a(lib_a-mallocr.o)
 .debug_frame   0x00001cb4       0x2c /usr/local/csl/arm-2012.03/bin/../lib/gcc/arm-none-eabi/4.6.3/../../../../arm-none-eabi/lib/thumb2/libc.a(lib_a-memset.o)
 .debug_frame   0x00001ce0       0x2c /usr/local/csl/arm-2012.03/bin/../lib/gcc/arm-none-eabi/4.6.3/../../../../arm-none-eabi/lib/thumb2/libc.a(lib_a-strncpy.o)
 .debug_frame   0x00001d0c       0x48 /usr/local/csl/arm-2012.03/bin/../lib/gcc/arm-none-eabi/4.6.3/../../../../arm-none-eabi/lib/thumb2/libc.a(lib_a-__call_atexit.o)
 .debug_frame   0x00001d54       0x20 /usr/local/csl/arm-2012.03/bin/../lib/gcc/arm-none-eabi/4.6.3/../../../../arm-none-eabi/lib/thumb2/libc.a(lib_a-atexit.o)
 .debug_frame   0x00001d74      0x11c /usr/local/csl/arm-2012.03/bin/../lib/gcc/arm-none-eabi/4.6.3/../../../../arm-none-eabi/lib/thumb2/libc.a(lib_a-findfp.o)
 .debug_frame   0x00001e90       0x2c /usr/local/csl/arm-2012.03/bin/../lib/gcc/arm-none-eabi/4.6.3/../../../../arm-none-eabi/lib/thumb2/libc.a(lib_a-fini.o)
 .debug_frame   0x00001ebc       0x50 /usr/local/csl/arm-2012.03/bin/../lib/gcc/arm-none-eabi/4.6.3/../../../../arm-none-eabi/lib/thumb2/libc.a(lib_a-freer.o)
 .debug_frame   0x00001f0c       0x34 /usr/local/csl/arm-2012.03/bin/../lib/gcc/arm-none-eabi/4.6.3/../../../../arm-none-eabi/lib/thumb2/libc.a(lib_a-__atexit.o)

Cross Reference Table

Symbol                                            File
ADC_AnalogWatchdogCmd                             obj/libs/STM32F4xx_StdPeriph_Driver/src/stm32f4xx_adc.o
ADC_AnalogWatchdogSingleChannelConfig             obj/libs/STM32F4xx_StdPeriph_Driver/src/stm32f4xx_adc.o
ADC_AnalogWatchdogThresholdsConfig                obj/libs/STM32F4xx_StdPeriph_Driver/src/stm32f4xx_adc.o
ADC_AutoInjectedConvCmd                           obj/libs/STM32F4xx_StdPeriph_Driver/src/stm32f4xx_adc.o
ADC_ClearFlag                                     obj/libs/STM32F4xx_StdPeriph_Driver/src/stm32f4xx_adc.o
ADC_ClearITPendingBit                             obj/libs/STM32F4xx_StdPeriph_Driver/src/stm32f4xx_adc.o
ADC_Cmd                                           obj/libs/STM32F4xx_StdPeriph_Driver/src/stm32f4xx_adc.o
ADC_CommonInit                                    obj/libs/STM32F4xx_StdPeriph_Driver/src/stm32f4xx_adc.o
ADC_CommonStructInit                              obj/libs/STM32F4xx_StdPeriph_Driver/src/stm32f4xx_adc.o
ADC_ContinuousModeCmd                             obj/libs/STM32F4xx_StdPeriph_Driver/src/stm32f4xx_adc.o
ADC_DMACmd                                        obj/libs/STM32F4xx_StdPeriph_Driver/src/stm32f4xx_adc.o
ADC_DMARequestAfterLastTransferCmd                obj/libs/STM32F4xx_StdPeriph_Driver/src/stm32f4xx_adc.o
ADC_DeInit                                        obj/libs/STM32F4xx_StdPeriph_Driver/src/stm32f4xx_adc.o
ADC_DiscModeChannelCountConfig                    obj/libs/STM32F4xx_StdPeriph_Driver/src/stm32f4xx_adc.o
ADC_DiscModeCmd                                   obj/libs/STM32F4xx_StdPeriph_Driver/src/stm32f4xx_adc.o
ADC_EOCOnEachRegularChannelCmd                    obj/libs/STM32F4xx_StdPeriph_Driver/src/stm32f4xx_adc.o
ADC_ExternalTrigInjectedConvConfig                obj/libs/STM32F4xx_StdPeriph_Driver/src/stm32f4xx_adc.o
ADC_ExternalTrigInjectedConvEdgeConfig            obj/libs/STM32F4xx_StdPeriph_Driver/src/stm32f4xx_adc.o
ADC_GetConversionValue                            obj/libs/STM32F4xx_StdPeriph_Driver/src/stm32f4xx_adc.o
ADC_GetFlagStatus                                 obj/libs/STM32F4xx_StdPeriph_Driver/src/stm32f4xx_adc.o
ADC_GetITStatus                                   obj/libs/STM32F4xx_StdPeriph_Driver/src/stm32f4xx_adc.o
ADC_GetInjectedConversionValue                    obj/libs/STM32F4xx_StdPeriph_Driver/src/stm32f4xx_adc.o
ADC_GetMultiModeConversionValue                   obj/libs/STM32F4xx_StdPeriph_Driver/src/stm32f4xx_adc.o
ADC_GetSoftwareStartConvStatus                    obj/libs/STM32F4xx_StdPeriph_Driver/src/stm32f4xx_adc.o
ADC_GetSoftwareStartInjectedConvCmdStatus         obj/libs/STM32F4xx_StdPeriph_Driver/src/stm32f4xx_adc.o
ADC_IRQHandler                                    obj/src/startup_stm32f4xx.o
ADC_ITConfig                                      obj/libs/STM32F4xx_StdPeriph_Driver/src/stm32f4xx_adc.o
ADC_Init                                          obj/libs/STM32F4xx_StdPeriph_Driver/src/stm32f4xx_adc.o
ADC_InjectedChannelConfig                         obj/libs/STM32F4xx_StdPeriph_Driver/src/stm32f4xx_adc.o
ADC_InjectedDiscModeCmd                           obj/libs/STM32F4xx_StdPeriph_Driver/src/stm32f4xx_adc.o
ADC_InjectedSequencerLengthConfig                 obj/libs/STM32F4xx_StdPeriph_Driver/src/stm32f4xx_adc.o
ADC_MultiModeDMARequestAfterLastTransferCmd       obj/libs/STM32F4xx_StdPeriph_Driver/src/stm32f4xx_adc.o
ADC_RegularChannelConfig                          obj/libs/STM32F4xx_StdPeriph_Driver/src/stm32f4xx_adc.o
ADC_SetInjectedOffset                             obj/libs/STM32F4xx_StdPeriph_Driver/src/stm32f4xx_adc.o
ADC_SoftwareStartConv                             obj/libs/STM32F4xx_StdPeriph_Driver/src/stm32f4xx_adc.o
ADC_SoftwareStartInjectedConv                     obj/libs/STM32F4xx_StdPeriph_Driver/src/stm32f4xx_adc.o
ADC_StructInit                                    obj/libs/STM32F4xx_StdPeriph_Driver/src/stm32f4xx_adc.o
ADC_TempSensorVrefintCmd                          obj/libs/STM32F4xx_StdPeriph_Driver/src/stm32f4xx_adc.o
ADC_VBATCmd                                       obj/libs/STM32F4xx_StdPeriph_Driver/src/stm32f4xx_adc.o
AHBPrescTable                                     obj/src/system_stm32f4xx.o
BusFault_Handler                                  obj/src/startup_stm32f4xx.o
CAN1_RX0_IRQHandler                               obj/src/startup_stm32f4xx.o
CAN1_RX1_IRQHandler                               obj/src/startup_stm32f4xx.o
CAN1_SCE_IRQHandler                               obj/src/startup_stm32f4xx.o
CAN1_TX_IRQHandler                                obj/src/startup_stm32f4xx.o
CAN2_RX0_IRQHandler                               obj/src/startup_stm32f4xx.o
CAN2_RX1_IRQHandler                               obj/src/startup_stm32f4xx.o
CAN2_SCE_IRQHandler                               obj/src/startup_stm32f4xx.o
CAN2_TX_IRQHandler                                obj/src/startup_stm32f4xx.o
CAN_CancelTransmit                                obj/libs/STM32F4xx_StdPeriph_Driver/src/stm32f4xx_can.o
CAN_ClearFlag                                     obj/libs/STM32F4xx_StdPeriph_Driver/src/stm32f4xx_can.o
CAN_ClearITPendingBit                             obj/libs/STM32F4xx_StdPeriph_Driver/src/stm32f4xx_can.o
CAN_DBGFreeze                                     obj/libs/STM32F4xx_StdPeriph_Driver/src/stm32f4xx_can.o
CAN_DeInit                                        obj/libs/STM32F4xx_StdPeriph_Driver/src/stm32f4xx_can.o
CAN_FIFORelease                                   obj/libs/STM32F4xx_StdPeriph_Driver/src/stm32f4xx_can.o
CAN_FilterInit                                    obj/libs/STM32F4xx_StdPeriph_Driver/src/stm32f4xx_can.o
CAN_GetFlagStatus                                 obj/libs/STM32F4xx_StdPeriph_Driver/src/stm32f4xx_can.o
CAN_GetITStatus                                   obj/libs/STM32F4xx_StdPeriph_Driver/src/stm32f4xx_can.o
CAN_GetLSBTransmitErrorCounter                    obj/libs/STM32F4xx_StdPeriph_Driver/src/stm32f4xx_can.o
CAN_GetLastErrorCode                              obj/libs/STM32F4xx_StdPeriph_Driver/src/stm32f4xx_can.o
CAN_GetReceiveErrorCounter                        obj/libs/STM32F4xx_StdPeriph_Driver/src/stm32f4xx_can.o
CAN_ITConfig                                      obj/libs/STM32F4xx_StdPeriph_Driver/src/stm32f4xx_can.o
CAN_Init                                          obj/libs/STM32F4xx_StdPeriph_Driver/src/stm32f4xx_can.o
CAN_MessagePending                                obj/libs/STM32F4xx_StdPeriph_Driver/src/stm32f4xx_can.o
CAN_OperatingModeRequest                          obj/libs/STM32F4xx_StdPeriph_Driver/src/stm32f4xx_can.o
CAN_Receive                                       obj/libs/STM32F4xx_StdPeriph_Driver/src/stm32f4xx_can.o
CAN_SlaveStartBank                                obj/libs/STM32F4xx_StdPeriph_Driver/src/stm32f4xx_can.o
CAN_Sleep                                         obj/libs/STM32F4xx_StdPeriph_Driver/src/stm32f4xx_can.o
CAN_StructInit                                    obj/libs/STM32F4xx_StdPeriph_Driver/src/stm32f4xx_can.o
CAN_TTComModeCmd                                  obj/libs/STM32F4xx_StdPeriph_Driver/src/stm32f4xx_can.o
CAN_Transmit                                      obj/libs/STM32F4xx_StdPeriph_Driver/src/stm32f4xx_can.o
CAN_TransmitStatus                                obj/libs/STM32F4xx_StdPeriph_Driver/src/stm32f4xx_can.o
CAN_WakeUp                                        obj/libs/STM32F4xx_StdPeriph_Driver/src/stm32f4xx_can.o
CRC_CalcBlockCRC                                  obj/libs/STM32F4xx_StdPeriph_Driver/src/stm32f4xx_crc.o
CRC_CalcCRC                                       obj/libs/STM32F4xx_StdPeriph_Driver/src/stm32f4xx_crc.o
CRC_GetCRC                                        obj/libs/STM32F4xx_StdPeriph_Driver/src/stm32f4xx_crc.o
CRC_GetIDRegister                                 obj/libs/STM32F4xx_StdPeriph_Driver/src/stm32f4xx_crc.o
CRC_ResetDR                                       obj/libs/STM32F4xx_StdPeriph_Driver/src/stm32f4xx_crc.o
CRC_SetIDRegister                                 obj/libs/STM32F4xx_StdPeriph_Driver/src/stm32f4xx_crc.o
CRYP_AES_CBC                                      obj/libs/STM32F4xx_StdPeriph_Driver/src/stm32f4xx_cryp_aes.o
CRYP_AES_CTR                                      obj/libs/STM32F4xx_StdPeriph_Driver/src/stm32f4xx_cryp_aes.o
CRYP_AES_ECB                                      obj/libs/STM32F4xx_StdPeriph_Driver/src/stm32f4xx_cryp_aes.o
CRYP_Cmd                                          obj/libs/STM32F4xx_StdPeriph_Driver/src/stm32f4xx_cryp.o
                                                  obj/libs/STM32F4xx_StdPeriph_Driver/src/stm32f4xx_cryp_tdes.o
                                                  obj/libs/STM32F4xx_StdPeriph_Driver/src/stm32f4xx_cryp_des.o
                                                  obj/libs/STM32F4xx_StdPeriph_Driver/src/stm32f4xx_cryp_aes.o
CRYP_DES_CBC                                      obj/libs/STM32F4xx_StdPeriph_Driver/src/stm32f4xx_cryp_des.o
CRYP_DES_ECB                                      obj/libs/STM32F4xx_StdPeriph_Driver/src/stm32f4xx_cryp_des.o
CRYP_DMACmd                                       obj/libs/STM32F4xx_StdPeriph_Driver/src/stm32f4xx_cryp.o
CRYP_DataIn                                       obj/libs/STM32F4xx_StdPeriph_Driver/src/stm32f4xx_cryp.o
                                                  obj/libs/STM32F4xx_StdPeriph_Driver/src/stm32f4xx_cryp_tdes.o
                                                  obj/libs/STM32F4xx_StdPeriph_Driver/src/stm32f4xx_cryp_des.o
                                                  obj/libs/STM32F4xx_StdPeriph_Driver/src/stm32f4xx_cryp_aes.o
CRYP_DataOut                                      obj/libs/STM32F4xx_StdPeriph_Driver/src/stm32f4xx_cryp.o
                                                  obj/libs/STM32F4xx_StdPeriph_Driver/src/stm32f4xx_cryp_tdes.o
                                                  obj/libs/STM32F4xx_StdPeriph_Driver/src/stm32f4xx_cryp_des.o
                                                  obj/libs/STM32F4xx_StdPeriph_Driver/src/stm32f4xx_cryp_aes.o
CRYP_DeInit                                       obj/libs/STM32F4xx_StdPeriph_Driver/src/stm32f4xx_cryp.o
CRYP_FIFOFlush                                    obj/libs/STM32F4xx_StdPeriph_Driver/src/stm32f4xx_cryp.o
                                                  obj/libs/STM32F4xx_StdPeriph_Driver/src/stm32f4xx_cryp_tdes.o
                                                  obj/libs/STM32F4xx_StdPeriph_Driver/src/stm32f4xx_cryp_des.o
                                                  obj/libs/STM32F4xx_StdPeriph_Driver/src/stm32f4xx_cryp_aes.o
CRYP_GetFlagStatus                                obj/libs/STM32F4xx_StdPeriph_Driver/src/stm32f4xx_cryp.o
                                                  obj/libs/STM32F4xx_StdPeriph_Driver/src/stm32f4xx_cryp_tdes.o
                                                  obj/libs/STM32F4xx_StdPeriph_Driver/src/stm32f4xx_cryp_des.o
                                                  obj/libs/STM32F4xx_StdPeriph_Driver/src/stm32f4xx_cryp_aes.o
CRYP_GetITStatus                                  obj/libs/STM32F4xx_StdPeriph_Driver/src/stm32f4xx_cryp.o
CRYP_IRQHandler                                   obj/src/startup_stm32f4xx.o
CRYP_ITConfig                                     obj/libs/STM32F4xx_StdPeriph_Driver/src/stm32f4xx_cryp.o
CRYP_IVInit                                       obj/libs/STM32F4xx_StdPeriph_Driver/src/stm32f4xx_cryp.o
                                                  obj/libs/STM32F4xx_StdPeriph_Driver/src/stm32f4xx_cryp_tdes.o
                                                  obj/libs/STM32F4xx_StdPeriph_Driver/src/stm32f4xx_cryp_des.o
                                                  obj/libs/STM32F4xx_StdPeriph_Driver/src/stm32f4xx_cryp_aes.o
CRYP_IVStructInit                                 obj/libs/STM32F4xx_StdPeriph_Driver/src/stm32f4xx_cryp.o
CRYP_Init                                         obj/libs/STM32F4xx_StdPeriph_Driver/src/stm32f4xx_cryp.o
                                                  obj/libs/STM32F4xx_StdPeriph_Driver/src/stm32f4xx_cryp_tdes.o
                                                  obj/libs/STM32F4xx_StdPeriph_Driver/src/stm32f4xx_cryp_des.o
                                                  obj/libs/STM32F4xx_StdPeriph_Driver/src/stm32f4xx_cryp_aes.o
CRYP_KeyInit                                      obj/libs/STM32F4xx_StdPeriph_Driver/src/stm32f4xx_cryp.o
                                                  obj/libs/STM32F4xx_StdPeriph_Driver/src/stm32f4xx_cryp_tdes.o
                                                  obj/libs/STM32F4xx_StdPeriph_Driver/src/stm32f4xx_cryp_des.o
                                                  obj/libs/STM32F4xx_StdPeriph_Driver/src/stm32f4xx_cryp_aes.o
CRYP_KeyStructInit                                obj/libs/STM32F4xx_StdPeriph_Driver/src/stm32f4xx_cryp.o
                                                  obj/libs/STM32F4xx_StdPeriph_Driver/src/stm32f4xx_cryp_tdes.o
                                                  obj/libs/STM32F4xx_StdPeriph_Driver/src/stm32f4xx_cryp_des.o
                                                  obj/libs/STM32F4xx_StdPeriph_Driver/src/stm32f4xx_cryp_aes.o
CRYP_RestoreContext                               obj/libs/STM32F4xx_StdPeriph_Driver/src/stm32f4xx_cryp.o
CRYP_SaveContext                                  obj/libs/STM32F4xx_StdPeriph_Driver/src/stm32f4xx_cryp.o
CRYP_StructInit                                   obj/libs/STM32F4xx_StdPeriph_Driver/src/stm32f4xx_cryp.o
CRYP_TDES_CBC                                     obj/libs/STM32F4xx_StdPeriph_Driver/src/stm32f4xx_cryp_tdes.o
CRYP_TDES_ECB                                     obj/libs/STM32F4xx_StdPeriph_Driver/src/stm32f4xx_cryp_tdes.o
DAC_ClearFlag                                     obj/libs/STM32F4xx_StdPeriph_Driver/src/stm32f4xx_dac.o
DAC_ClearITPendingBit                             obj/libs/STM32F4xx_StdPeriph_Driver/src/stm32f4xx_dac.o
DAC_Cmd                                           obj/libs/STM32F4xx_StdPeriph_Driver/src/stm32f4xx_dac.o
DAC_DMACmd                                        obj/libs/STM32F4xx_StdPeriph_Driver/src/stm32f4xx_dac.o
DAC_DeInit                                        obj/libs/STM32F4xx_StdPeriph_Driver/src/stm32f4xx_dac.o
DAC_DualSoftwareTriggerCmd                        obj/libs/STM32F4xx_StdPeriph_Driver/src/stm32f4xx_dac.o
DAC_GetDataOutputValue                            obj/libs/STM32F4xx_StdPeriph_Driver/src/stm32f4xx_dac.o
DAC_GetFlagStatus                                 obj/libs/STM32F4xx_StdPeriph_Driver/src/stm32f4xx_dac.o
DAC_GetITStatus                                   obj/libs/STM32F4xx_StdPeriph_Driver/src/stm32f4xx_dac.o
DAC_ITConfig                                      obj/libs/STM32F4xx_StdPeriph_Driver/src/stm32f4xx_dac.o
DAC_Init                                          obj/libs/STM32F4xx_StdPeriph_Driver/src/stm32f4xx_dac.o
DAC_SetChannel1Data                               obj/libs/STM32F4xx_StdPeriph_Driver/src/stm32f4xx_dac.o
DAC_SetChannel2Data                               obj/libs/STM32F4xx_StdPeriph_Driver/src/stm32f4xx_dac.o
DAC_SetDualChannelData                            obj/libs/STM32F4xx_StdPeriph_Driver/src/stm32f4xx_dac.o
DAC_SoftwareTriggerCmd                            obj/libs/STM32F4xx_StdPeriph_Driver/src/stm32f4xx_dac.o
DAC_StructInit                                    obj/libs/STM32F4xx_StdPeriph_Driver/src/stm32f4xx_dac.o
DAC_WaveGenerationCmd                             obj/libs/STM32F4xx_StdPeriph_Driver/src/stm32f4xx_dac.o
DBGMCU_APB1PeriphConfig                           obj/libs/STM32F4xx_StdPeriph_Driver/src/stm32f4xx_dbgmcu.o
DBGMCU_APB2PeriphConfig                           obj/libs/STM32F4xx_StdPeriph_Driver/src/stm32f4xx_dbgmcu.o
DBGMCU_Config                                     obj/libs/STM32F4xx_StdPeriph_Driver/src/stm32f4xx_dbgmcu.o
DBGMCU_GetDEVID                                   obj/libs/STM32F4xx_StdPeriph_Driver/src/stm32f4xx_dbgmcu.o
DBGMCU_GetREVID                                   obj/libs/STM32F4xx_StdPeriph_Driver/src/stm32f4xx_dbgmcu.o
DCMI_CROPCmd                                      obj/libs/STM32F4xx_StdPeriph_Driver/src/stm32f4xx_dcmi.o
DCMI_CROPConfig                                   obj/libs/STM32F4xx_StdPeriph_Driver/src/stm32f4xx_dcmi.o
DCMI_CaptureCmd                                   obj/libs/STM32F4xx_StdPeriph_Driver/src/stm32f4xx_dcmi.o
DCMI_ClearFlag                                    obj/libs/STM32F4xx_StdPeriph_Driver/src/stm32f4xx_dcmi.o
DCMI_ClearITPendingBit                            obj/libs/STM32F4xx_StdPeriph_Driver/src/stm32f4xx_dcmi.o
DCMI_Cmd                                          obj/libs/STM32F4xx_StdPeriph_Driver/src/stm32f4xx_dcmi.o
DCMI_DeInit                                       obj/libs/STM32F4xx_StdPeriph_Driver/src/stm32f4xx_dcmi.o
DCMI_GetFlagStatus                                obj/libs/STM32F4xx_StdPeriph_Driver/src/stm32f4xx_dcmi.o
DCMI_GetITStatus                                  obj/libs/STM32F4xx_StdPeriph_Driver/src/stm32f4xx_dcmi.o
DCMI_IRQHandler                                   obj/src/startup_stm32f4xx.o
DCMI_ITConfig                                     obj/libs/STM32F4xx_StdPeriph_Driver/src/stm32f4xx_dcmi.o
DCMI_Init                                         obj/libs/STM32F4xx_StdPeriph_Driver/src/stm32f4xx_dcmi.o
DCMI_JPEGCmd                                      obj/libs/STM32F4xx_StdPeriph_Driver/src/stm32f4xx_dcmi.o
DCMI_ReadData                                     obj/libs/STM32F4xx_StdPeriph_Driver/src/stm32f4xx_dcmi.o
DCMI_SetEmbeddedSynchroCodes                      obj/libs/STM32F4xx_StdPeriph_Driver/src/stm32f4xx_dcmi.o
DCMI_StructInit                                   obj/libs/STM32F4xx_StdPeriph_Driver/src/stm32f4xx_dcmi.o
DMA1_Stream0_IRQHandler                           obj/src/startup_stm32f4xx.o
DMA1_Stream1_IRQHandler                           obj/src/startup_stm32f4xx.o
DMA1_Stream2_IRQHandler                           obj/src/startup_stm32f4xx.o
DMA1_Stream3_IRQHandler                           obj/src/startup_stm32f4xx.o
DMA1_Stream4_IRQHandler                           obj/src/startup_stm32f4xx.o
DMA1_Stream5_IRQHandler                           obj/src/startup_stm32f4xx.o
DMA1_Stream6_IRQHandler                           obj/src/startup_stm32f4xx.o
DMA1_Stream7_IRQHandler                           obj/src/startup_stm32f4xx.o
DMA2_Stream0_IRQHandler                           obj/src/startup_stm32f4xx.o
DMA2_Stream1_IRQHandler                           obj/src/startup_stm32f4xx.o
DMA2_Stream2_IRQHandler                           obj/src/startup_stm32f4xx.o
DMA2_Stream3_IRQHandler                           obj/src/startup_stm32f4xx.o
DMA2_Stream4_IRQHandler                           obj/src/startup_stm32f4xx.o
DMA2_Stream5_IRQHandler                           obj/src/startup_stm32f4xx.o
DMA2_Stream6_IRQHandler                           obj/src/startup_stm32f4xx.o
DMA2_Stream7_IRQHandler                           obj/src/startup_stm32f4xx.o
DMA_ClearFlag                                     obj/libs/STM32F4xx_StdPeriph_Driver/src/stm32f4xx_dma.o
DMA_ClearITPendingBit                             obj/libs/STM32F4xx_StdPeriph_Driver/src/stm32f4xx_dma.o
DMA_Cmd                                           obj/libs/STM32F4xx_StdPeriph_Driver/src/stm32f4xx_dma.o
DMA_DeInit                                        obj/libs/STM32F4xx_StdPeriph_Driver/src/stm32f4xx_dma.o
DMA_DoubleBufferModeCmd                           obj/libs/STM32F4xx_StdPeriph_Driver/src/stm32f4xx_dma.o
DMA_DoubleBufferModeConfig                        obj/libs/STM32F4xx_StdPeriph_Driver/src/stm32f4xx_dma.o
DMA_FlowControllerConfig                          obj/libs/STM32F4xx_StdPeriph_Driver/src/stm32f4xx_dma.o
DMA_GetCmdStatus                                  obj/libs/STM32F4xx_StdPeriph_Driver/src/stm32f4xx_dma.o
DMA_GetCurrDataCounter                            obj/libs/STM32F4xx_StdPeriph_Driver/src/stm32f4xx_dma.o
DMA_GetCurrentMemoryTarget                        obj/libs/STM32F4xx_StdPeriph_Driver/src/stm32f4xx_dma.o
DMA_GetFIFOStatus                                 obj/libs/STM32F4xx_StdPeriph_Driver/src/stm32f4xx_dma.o
DMA_GetFlagStatus                                 obj/libs/STM32F4xx_StdPeriph_Driver/src/stm32f4xx_dma.o
DMA_GetITStatus                                   obj/libs/STM32F4xx_StdPeriph_Driver/src/stm32f4xx_dma.o
DMA_ITConfig                                      obj/libs/STM32F4xx_StdPeriph_Driver/src/stm32f4xx_dma.o
DMA_Init                                          obj/libs/STM32F4xx_StdPeriph_Driver/src/stm32f4xx_dma.o
DMA_MemoryTargetConfig                            obj/libs/STM32F4xx_StdPeriph_Driver/src/stm32f4xx_dma.o
DMA_PeriphIncOffsetSizeConfig                     obj/libs/STM32F4xx_StdPeriph_Driver/src/stm32f4xx_dma.o
DMA_SetCurrDataCounter                            obj/libs/STM32F4xx_StdPeriph_Driver/src/stm32f4xx_dma.o
DMA_StructInit                                    obj/libs/STM32F4xx_StdPeriph_Driver/src/stm32f4xx_dma.o
DebugMon_Handler                                  obj/src/startup_stm32f4xx.o
Default_Handler                                   obj/src/startup_stm32f4xx.o
Delay_1ms                                         obj/src/main.o
ETH_IRQHandler                                    obj/src/startup_stm32f4xx.o
ETH_WKUP_IRQHandler                               obj/src/startup_stm32f4xx.o
EXTI0_IRQHandler                                  obj/src/startup_stm32f4xx.o
EXTI15_10_IRQHandler                              obj/src/startup_stm32f4xx.o
EXTI1_IRQHandler                                  obj/src/startup_stm32f4xx.o
EXTI2_IRQHandler                                  obj/src/startup_stm32f4xx.o
EXTI3_IRQHandler                                  obj/src/startup_stm32f4xx.o
EXTI4_IRQHandler                                  obj/src/startup_stm32f4xx.o
EXTI9_5_IRQHandler                                obj/src/startup_stm32f4xx.o
EXTI_ClearFlag                                    obj/libs/STM32F4xx_StdPeriph_Driver/src/stm32f4xx_exti.o
EXTI_ClearITPendingBit                            obj/libs/STM32F4xx_StdPeriph_Driver/src/stm32f4xx_exti.o
EXTI_DeInit                                       obj/libs/STM32F4xx_StdPeriph_Driver/src/stm32f4xx_exti.o
EXTI_GenerateSWInterrupt                          obj/libs/STM32F4xx_StdPeriph_Driver/src/stm32f4xx_exti.o
EXTI_GetFlagStatus                                obj/libs/STM32F4xx_StdPeriph_Driver/src/stm32f4xx_exti.o
EXTI_GetITStatus                                  obj/libs/STM32F4xx_StdPeriph_Driver/src/stm32f4xx_exti.o
EXTI_Init                                         obj/libs/STM32F4xx_StdPeriph_Driver/src/stm32f4xx_exti.o
EXTI_StructInit                                   obj/libs/STM32F4xx_StdPeriph_Driver/src/stm32f4xx_exti.o
FLASH_ClearFlag                                   obj/libs/STM32F4xx_StdPeriph_Driver/src/stm32f4xx_flash.o
FLASH_DataCacheCmd                                obj/libs/STM32F4xx_StdPeriph_Driver/src/stm32f4xx_flash.o
FLASH_DataCacheReset                              obj/libs/STM32F4xx_StdPeriph_Driver/src/stm32f4xx_flash.o
FLASH_EraseAllSectors                             obj/libs/STM32F4xx_StdPeriph_Driver/src/stm32f4xx_flash.o
FLASH_EraseSector                                 obj/libs/STM32F4xx_StdPeriph_Driver/src/stm32f4xx_flash.o
FLASH_GetFlagStatus                               obj/libs/STM32F4xx_StdPeriph_Driver/src/stm32f4xx_flash.o
FLASH_GetStatus                                   obj/libs/STM32F4xx_StdPeriph_Driver/src/stm32f4xx_flash.o
FLASH_IRQHandler                                  obj/src/startup_stm32f4xx.o
FLASH_ITConfig                                    obj/libs/STM32F4xx_StdPeriph_Driver/src/stm32f4xx_flash.o
FLASH_InstructionCacheCmd                         obj/libs/STM32F4xx_StdPeriph_Driver/src/stm32f4xx_flash.o
FLASH_InstructionCacheReset                       obj/libs/STM32F4xx_StdPeriph_Driver/src/stm32f4xx_flash.o
FLASH_Lock                                        obj/libs/STM32F4xx_StdPeriph_Driver/src/stm32f4xx_flash.o
FLASH_OB_BORConfig                                obj/libs/STM32F4xx_StdPeriph_Driver/src/stm32f4xx_flash.o
FLASH_OB_GetBOR                                   obj/libs/STM32F4xx_StdPeriph_Driver/src/stm32f4xx_flash.o
FLASH_OB_GetRDP                                   obj/libs/STM32F4xx_StdPeriph_Driver/src/stm32f4xx_flash.o
FLASH_OB_GetUser                                  obj/libs/STM32F4xx_StdPeriph_Driver/src/stm32f4xx_flash.o
FLASH_OB_GetWRP                                   obj/libs/STM32F4xx_StdPeriph_Driver/src/stm32f4xx_flash.o
FLASH_OB_Launch                                   obj/libs/STM32F4xx_StdPeriph_Driver/src/stm32f4xx_flash.o
FLASH_OB_Lock                                     obj/libs/STM32F4xx_StdPeriph_Driver/src/stm32f4xx_flash.o
FLASH_OB_RDPConfig                                obj/libs/STM32F4xx_StdPeriph_Driver/src/stm32f4xx_flash.o
FLASH_OB_Unlock                                   obj/libs/STM32F4xx_StdPeriph_Driver/src/stm32f4xx_flash.o
FLASH_OB_UserConfig                               obj/libs/STM32F4xx_StdPeriph_Driver/src/stm32f4xx_flash.o
FLASH_OB_WRPConfig                                obj/libs/STM32F4xx_StdPeriph_Driver/src/stm32f4xx_flash.o
FLASH_PrefetchBufferCmd                           obj/libs/STM32F4xx_StdPeriph_Driver/src/stm32f4xx_flash.o
FLASH_ProgramByte                                 obj/libs/STM32F4xx_StdPeriph_Driver/src/stm32f4xx_flash.o
FLASH_ProgramDoubleWord                           obj/libs/STM32F4xx_StdPeriph_Driver/src/stm32f4xx_flash.o
FLASH_ProgramHalfWord                             obj/libs/STM32F4xx_StdPeriph_Driver/src/stm32f4xx_flash.o
FLASH_ProgramWord                                 obj/libs/STM32F4xx_StdPeriph_Driver/src/stm32f4xx_flash.o
FLASH_SetLatency                                  obj/libs/STM32F4xx_StdPeriph_Driver/src/stm32f4xx_flash.o
FLASH_Unlock                                      obj/libs/STM32F4xx_StdPeriph_Driver/src/stm32f4xx_flash.o
FLASH_WaitForLastOperation                        obj/libs/STM32F4xx_StdPeriph_Driver/src/stm32f4xx_flash.o
FPU_IRQHandler                                    obj/src/startup_stm32f4xx.o
FSMC_ClearFlag                                    obj/libs/STM32F4xx_StdPeriph_Driver/src/stm32f4xx_fsmc.o
FSMC_ClearITPendingBit                            obj/libs/STM32F4xx_StdPeriph_Driver/src/stm32f4xx_fsmc.o
FSMC_GetECC                                       obj/libs/STM32F4xx_StdPeriph_Driver/src/stm32f4xx_fsmc.o
FSMC_GetFlagStatus                                obj/libs/STM32F4xx_StdPeriph_Driver/src/stm32f4xx_fsmc.o
FSMC_GetITStatus                                  obj/libs/STM32F4xx_StdPeriph_Driver/src/stm32f4xx_fsmc.o
FSMC_IRQHandler                                   obj/src/startup_stm32f4xx.o
FSMC_ITConfig                                     obj/libs/STM32F4xx_StdPeriph_Driver/src/stm32f4xx_fsmc.o
FSMC_NANDCmd                                      obj/libs/STM32F4xx_StdPeriph_Driver/src/stm32f4xx_fsmc.o
FSMC_NANDDeInit                                   obj/libs/STM32F4xx_StdPeriph_Driver/src/stm32f4xx_fsmc.o
FSMC_NANDECCCmd                                   obj/libs/STM32F4xx_StdPeriph_Driver/src/stm32f4xx_fsmc.o
FSMC_NANDInit                                     obj/libs/STM32F4xx_StdPeriph_Driver/src/stm32f4xx_fsmc.o
FSMC_NANDStructInit                               obj/libs/STM32F4xx_StdPeriph_Driver/src/stm32f4xx_fsmc.o
FSMC_NORSRAMCmd                                   obj/libs/STM32F4xx_StdPeriph_Driver/src/stm32f4xx_fsmc.o
FSMC_NORSRAMDeInit                                obj/libs/STM32F4xx_StdPeriph_Driver/src/stm32f4xx_fsmc.o
FSMC_NORSRAMInit                                  obj/libs/STM32F4xx_StdPeriph_Driver/src/stm32f4xx_fsmc.o
FSMC_NORSRAMStructInit                            obj/libs/STM32F4xx_StdPeriph_Driver/src/stm32f4xx_fsmc.o
FSMC_PCCARDCmd                                    obj/libs/STM32F4xx_StdPeriph_Driver/src/stm32f4xx_fsmc.o
FSMC_PCCARDDeInit                                 obj/libs/STM32F4xx_StdPeriph_Driver/src/stm32f4xx_fsmc.o
FSMC_PCCARDInit                                   obj/libs/STM32F4xx_StdPeriph_Driver/src/stm32f4xx_fsmc.o
FSMC_PCCARDStructInit                             obj/libs/STM32F4xx_StdPeriph_Driver/src/stm32f4xx_fsmc.o
GPIO_Configuration                                obj/src/main.o
GPIO_DeInit                                       obj/libs/STM32F4xx_StdPeriph_Driver/src/stm32f4xx_gpio.o
GPIO_Init                                         obj/libs/STM32F4xx_StdPeriph_Driver/src/stm32f4xx_gpio.o
                                                  obj/src/main.o
                                                  obj/src/uart.o
GPIO_PinAFConfig                                  obj/libs/STM32F4xx_StdPeriph_Driver/src/stm32f4xx_gpio.o
                                                  obj/src/main.o
                                                  obj/src/uart.o
GPIO_PinLockConfig                                obj/libs/STM32F4xx_StdPeriph_Driver/src/stm32f4xx_gpio.o
GPIO_ReadInputData                                obj/libs/STM32F4xx_StdPeriph_Driver/src/stm32f4xx_gpio.o
GPIO_ReadInputDataBit                             obj/libs/STM32F4xx_StdPeriph_Driver/src/stm32f4xx_gpio.o
GPIO_ReadOutputData                               obj/libs/STM32F4xx_StdPeriph_Driver/src/stm32f4xx_gpio.o
GPIO_ReadOutputDataBit                            obj/libs/STM32F4xx_StdPeriph_Driver/src/stm32f4xx_gpio.o
GPIO_ResetBits                                    obj/libs/STM32F4xx_StdPeriph_Driver/src/stm32f4xx_gpio.o
GPIO_SetBits                                      obj/libs/STM32F4xx_StdPeriph_Driver/src/stm32f4xx_gpio.o
GPIO_StructInit                                   obj/libs/STM32F4xx_StdPeriph_Driver/src/stm32f4xx_gpio.o
                                                  obj/src/main.o
GPIO_ToggleBits                                   obj/libs/STM32F4xx_StdPeriph_Driver/src/stm32f4xx_gpio.o
GPIO_Write                                        obj/libs/STM32F4xx_StdPeriph_Driver/src/stm32f4xx_gpio.o
GPIO_WriteBit                                     obj/libs/STM32F4xx_StdPeriph_Driver/src/stm32f4xx_gpio.o
HASH_ClearFlag                                    obj/libs/STM32F4xx_StdPeriph_Driver/src/stm32f4xx_hash.o
HASH_ClearITPendingBit                            obj/libs/STM32F4xx_StdPeriph_Driver/src/stm32f4xx_hash.o
HASH_DMACmd                                       obj/libs/STM32F4xx_StdPeriph_Driver/src/stm32f4xx_hash.o
HASH_DataIn                                       obj/libs/STM32F4xx_StdPeriph_Driver/src/stm32f4xx_hash.o
                                                  obj/libs/STM32F4xx_StdPeriph_Driver/src/stm32f4xx_hash_sha1.o
                                                  obj/libs/STM32F4xx_StdPeriph_Driver/src/stm32f4xx_hash_md5.o
HASH_DeInit                                       obj/libs/STM32F4xx_StdPeriph_Driver/src/stm32f4xx_hash.o
                                                  obj/libs/STM32F4xx_StdPeriph_Driver/src/stm32f4xx_hash_sha1.o
                                                  obj/libs/STM32F4xx_StdPeriph_Driver/src/stm32f4xx_hash_md5.o
HASH_GetDigest                                    obj/libs/STM32F4xx_StdPeriph_Driver/src/stm32f4xx_hash.o
                                                  obj/libs/STM32F4xx_StdPeriph_Driver/src/stm32f4xx_hash_sha1.o
                                                  obj/libs/STM32F4xx_StdPeriph_Driver/src/stm32f4xx_hash_md5.o
HASH_GetFlagStatus                                obj/libs/STM32F4xx_StdPeriph_Driver/src/stm32f4xx_hash.o
                                                  obj/libs/STM32F4xx_StdPeriph_Driver/src/stm32f4xx_hash_sha1.o
                                                  obj/libs/STM32F4xx_StdPeriph_Driver/src/stm32f4xx_hash_md5.o
HASH_GetITStatus                                  obj/libs/STM32F4xx_StdPeriph_Driver/src/stm32f4xx_hash.o
HASH_GetInFIFOWordsNbr                            obj/libs/STM32F4xx_StdPeriph_Driver/src/stm32f4xx_hash.o
HASH_ITConfig                                     obj/libs/STM32F4xx_StdPeriph_Driver/src/stm32f4xx_hash.o
HASH_Init                                         obj/libs/STM32F4xx_StdPeriph_Driver/src/stm32f4xx_hash.o
                                                  obj/libs/STM32F4xx_StdPeriph_Driver/src/stm32f4xx_hash_sha1.o
                                                  obj/libs/STM32F4xx_StdPeriph_Driver/src/stm32f4xx_hash_md5.o
HASH_MD5                                          obj/libs/STM32F4xx_StdPeriph_Driver/src/stm32f4xx_hash_md5.o
HASH_RNG_IRQHandler                               obj/src/startup_stm32f4xx.o
HASH_Reset                                        obj/libs/STM32F4xx_StdPeriph_Driver/src/stm32f4xx_hash.o
HASH_RestoreContext                               obj/libs/STM32F4xx_StdPeriph_Driver/src/stm32f4xx_hash.o
HASH_SHA1                                         obj/libs/STM32F4xx_StdPeriph_Driver/src/stm32f4xx_hash_sha1.o
HASH_SaveContext                                  obj/libs/STM32F4xx_StdPeriph_Driver/src/stm32f4xx_hash.o
HASH_SetLastWordValidBitsNbr                      obj/libs/STM32F4xx_StdPeriph_Driver/src/stm32f4xx_hash.o
                                                  obj/libs/STM32F4xx_StdPeriph_Driver/src/stm32f4xx_hash_sha1.o
                                                  obj/libs/STM32F4xx_StdPeriph_Driver/src/stm32f4xx_hash_md5.o
HASH_StartDigest                                  obj/libs/STM32F4xx_StdPeriph_Driver/src/stm32f4xx_hash.o
                                                  obj/libs/STM32F4xx_StdPeriph_Driver/src/stm32f4xx_hash_sha1.o
                                                  obj/libs/STM32F4xx_StdPeriph_Driver/src/stm32f4xx_hash_md5.o
HASH_StructInit                                   obj/libs/STM32F4xx_StdPeriph_Driver/src/stm32f4xx_hash.o
HMAC_MD5                                          obj/libs/STM32F4xx_StdPeriph_Driver/src/stm32f4xx_hash_md5.o
HMAC_SHA1                                         obj/libs/STM32F4xx_StdPeriph_Driver/src/stm32f4xx_hash_sha1.o
HardFault_Handler                                 obj/src/startup_stm32f4xx.o
I2C1_ER_IRQHandler                                obj/src/startup_stm32f4xx.o
I2C1_EV_IRQHandler                                obj/src/startup_stm32f4xx.o
I2C2_ER_IRQHandler                                obj/src/startup_stm32f4xx.o
I2C2_EV_IRQHandler                                obj/src/startup_stm32f4xx.o
I2C3_ER_IRQHandler                                obj/src/startup_stm32f4xx.o
I2C3_EV_IRQHandler                                obj/src/startup_stm32f4xx.o
I2C_ARPCmd                                        obj/libs/STM32F4xx_StdPeriph_Driver/src/stm32f4xx_i2c.o
I2C_AcknowledgeConfig                             obj/libs/STM32F4xx_StdPeriph_Driver/src/stm32f4xx_i2c.o
I2C_CalculatePEC                                  obj/libs/STM32F4xx_StdPeriph_Driver/src/stm32f4xx_i2c.o
I2C_CheckEvent                                    obj/libs/STM32F4xx_StdPeriph_Driver/src/stm32f4xx_i2c.o
I2C_ClearFlag                                     obj/libs/STM32F4xx_StdPeriph_Driver/src/stm32f4xx_i2c.o
I2C_ClearITPendingBit                             obj/libs/STM32F4xx_StdPeriph_Driver/src/stm32f4xx_i2c.o
I2C_Cmd                                           obj/libs/STM32F4xx_StdPeriph_Driver/src/stm32f4xx_i2c.o
I2C_DMACmd                                        obj/libs/STM32F4xx_StdPeriph_Driver/src/stm32f4xx_i2c.o
I2C_DMALastTransferCmd                            obj/libs/STM32F4xx_StdPeriph_Driver/src/stm32f4xx_i2c.o
I2C_DeInit                                        obj/libs/STM32F4xx_StdPeriph_Driver/src/stm32f4xx_i2c.o
I2C_DualAddressCmd                                obj/libs/STM32F4xx_StdPeriph_Driver/src/stm32f4xx_i2c.o
I2C_FastModeDutyCycleConfig                       obj/libs/STM32F4xx_StdPeriph_Driver/src/stm32f4xx_i2c.o
I2C_GeneralCallCmd                                obj/libs/STM32F4xx_StdPeriph_Driver/src/stm32f4xx_i2c.o
I2C_GenerateSTART                                 obj/libs/STM32F4xx_StdPeriph_Driver/src/stm32f4xx_i2c.o
I2C_GenerateSTOP                                  obj/libs/STM32F4xx_StdPeriph_Driver/src/stm32f4xx_i2c.o
I2C_GetFlagStatus                                 obj/libs/STM32F4xx_StdPeriph_Driver/src/stm32f4xx_i2c.o
I2C_GetITStatus                                   obj/libs/STM32F4xx_StdPeriph_Driver/src/stm32f4xx_i2c.o
I2C_GetLastEvent                                  obj/libs/STM32F4xx_StdPeriph_Driver/src/stm32f4xx_i2c.o
I2C_GetPEC                                        obj/libs/STM32F4xx_StdPeriph_Driver/src/stm32f4xx_i2c.o
I2C_ITConfig                                      obj/libs/STM32F4xx_StdPeriph_Driver/src/stm32f4xx_i2c.o
I2C_Init                                          obj/libs/STM32F4xx_StdPeriph_Driver/src/stm32f4xx_i2c.o
I2C_NACKPositionConfig                            obj/libs/STM32F4xx_StdPeriph_Driver/src/stm32f4xx_i2c.o
I2C_OwnAddress2Config                             obj/libs/STM32F4xx_StdPeriph_Driver/src/stm32f4xx_i2c.o
I2C_PECPositionConfig                             obj/libs/STM32F4xx_StdPeriph_Driver/src/stm32f4xx_i2c.o
I2C_ReadRegister                                  obj/libs/STM32F4xx_StdPeriph_Driver/src/stm32f4xx_i2c.o
I2C_ReceiveData                                   obj/libs/STM32F4xx_StdPeriph_Driver/src/stm32f4xx_i2c.o
I2C_SMBusAlertConfig                              obj/libs/STM32F4xx_StdPeriph_Driver/src/stm32f4xx_i2c.o
I2C_Send7bitAddress                               obj/libs/STM32F4xx_StdPeriph_Driver/src/stm32f4xx_i2c.o
I2C_SendData                                      obj/libs/STM32F4xx_StdPeriph_Driver/src/stm32f4xx_i2c.o
I2C_SoftwareResetCmd                              obj/libs/STM32F4xx_StdPeriph_Driver/src/stm32f4xx_i2c.o
I2C_StretchClockCmd                               obj/libs/STM32F4xx_StdPeriph_Driver/src/stm32f4xx_i2c.o
I2C_StructInit                                    obj/libs/STM32F4xx_StdPeriph_Driver/src/stm32f4xx_i2c.o
I2C_TransmitPEC                                   obj/libs/STM32F4xx_StdPeriph_Driver/src/stm32f4xx_i2c.o
I2S_Cmd                                           obj/libs/STM32F4xx_StdPeriph_Driver/src/stm32f4xx_spi.o
I2S_FullDuplexConfig                              obj/libs/STM32F4xx_StdPeriph_Driver/src/stm32f4xx_spi.o
I2S_Init                                          obj/libs/STM32F4xx_StdPeriph_Driver/src/stm32f4xx_spi.o
I2S_StructInit                                    obj/libs/STM32F4xx_StdPeriph_Driver/src/stm32f4xx_spi.o
IWDG_Enable                                       obj/libs/STM32F4xx_StdPeriph_Driver/src/stm32f4xx_iwdg.o
IWDG_GetFlagStatus                                obj/libs/STM32F4xx_StdPeriph_Driver/src/stm32f4xx_iwdg.o
IWDG_ReloadCounter                                obj/libs/STM32F4xx_StdPeriph_Driver/src/stm32f4xx_iwdg.o
IWDG_SetPrescaler                                 obj/libs/STM32F4xx_StdPeriph_Driver/src/stm32f4xx_iwdg.o
IWDG_SetReload                                    obj/libs/STM32F4xx_StdPeriph_Driver/src/stm32f4xx_iwdg.o
IWDG_WriteAccessCmd                               obj/libs/STM32F4xx_StdPeriph_Driver/src/stm32f4xx_iwdg.o
MemManage_Handler                                 obj/src/startup_stm32f4xx.o
Motor_Control                                     obj/src/main.o
NMI_Handler                                       obj/src/startup_stm32f4xx.o
NVIC_Init                                         obj/libs/STM32F4xx_StdPeriph_Driver/src/misc.o
                                                  obj/src/uart.o
NVIC_PriorityGroupConfig                          obj/libs/STM32F4xx_StdPeriph_Driver/src/misc.o
NVIC_SetVectorTable                               obj/libs/STM32F4xx_StdPeriph_Driver/src/misc.o
NVIC_SystemLPConfig                               obj/libs/STM32F4xx_StdPeriph_Driver/src/misc.o
OTG_FS_IRQHandler                                 obj/src/startup_stm32f4xx.o
OTG_FS_WKUP_IRQHandler                            obj/src/startup_stm32f4xx.o
OTG_HS_EP1_IN_IRQHandler                          obj/src/startup_stm32f4xx.o
OTG_HS_EP1_OUT_IRQHandler                         obj/src/startup_stm32f4xx.o
OTG_HS_IRQHandler                                 obj/src/startup_stm32f4xx.o
OTG_HS_WKUP_IRQHandler                            obj/src/startup_stm32f4xx.o
PVD_IRQHandler                                    obj/src/startup_stm32f4xx.o
PWR_BackupAccessCmd                               obj/libs/STM32F4xx_StdPeriph_Driver/src/stm32f4xx_pwr.o
PWR_BackupRegulatorCmd                            obj/libs/STM32F4xx_StdPeriph_Driver/src/stm32f4xx_pwr.o
PWR_ClearFlag                                     obj/libs/STM32F4xx_StdPeriph_Driver/src/stm32f4xx_pwr.o
PWR_DeInit                                        obj/libs/STM32F4xx_StdPeriph_Driver/src/stm32f4xx_pwr.o
PWR_EnterSTANDBYMode                              obj/libs/STM32F4xx_StdPeriph_Driver/src/stm32f4xx_pwr.o
PWR_EnterSTOPMode                                 obj/libs/STM32F4xx_StdPeriph_Driver/src/stm32f4xx_pwr.o
PWR_FlashPowerDownCmd                             obj/libs/STM32F4xx_StdPeriph_Driver/src/stm32f4xx_pwr.o
PWR_GetFlagStatus                                 obj/libs/STM32F4xx_StdPeriph_Driver/src/stm32f4xx_pwr.o
PWR_HighPerformanceModeCmd                        obj/libs/STM32F4xx_StdPeriph_Driver/src/stm32f4xx_pwr.o
PWR_PVDCmd                                        obj/libs/STM32F4xx_StdPeriph_Driver/src/stm32f4xx_pwr.o
PWR_PVDLevelConfig                                obj/libs/STM32F4xx_StdPeriph_Driver/src/stm32f4xx_pwr.o
PWR_WakeUpPinCmd                                  obj/libs/STM32F4xx_StdPeriph_Driver/src/stm32f4xx_pwr.o
PendSV_Handler                                    obj/FreeRTOS/Source/portable/GCC/ARM_CM4F/port.o
                                                  obj/src/startup_stm32f4xx.o
RCC_AHB1PeriphClockCmd                            obj/libs/STM32F4xx_StdPeriph_Driver/src/stm32f4xx_rcc.o
                                                  obj/src/main.o
RCC_AHB1PeriphClockLPModeCmd                      obj/libs/STM32F4xx_StdPeriph_Driver/src/stm32f4xx_rcc.o
RCC_AHB1PeriphResetCmd                            obj/libs/STM32F4xx_StdPeriph_Driver/src/stm32f4xx_rcc.o
                                                  obj/libs/STM32F4xx_StdPeriph_Driver/src/stm32f4xx_gpio.o
RCC_AHB2PeriphClockCmd                            obj/libs/STM32F4xx_StdPeriph_Driver/src/stm32f4xx_rcc.o
RCC_AHB2PeriphClockLPModeCmd                      obj/libs/STM32F4xx_StdPeriph_Driver/src/stm32f4xx_rcc.o
RCC_AHB2PeriphResetCmd                            obj/libs/STM32F4xx_StdPeriph_Driver/src/stm32f4xx_rcc.o
                                                  obj/libs/STM32F4xx_StdPeriph_Driver/src/stm32f4xx_rng.o
                                                  obj/libs/STM32F4xx_StdPeriph_Driver/src/stm32f4xx_hash.o
                                                  obj/libs/STM32F4xx_StdPeriph_Driver/src/stm32f4xx_cryp.o
RCC_AHB3PeriphClockCmd                            obj/libs/STM32F4xx_StdPeriph_Driver/src/stm32f4xx_rcc.o
RCC_AHB3PeriphClockLPModeCmd                      obj/libs/STM32F4xx_StdPeriph_Driver/src/stm32f4xx_rcc.o
RCC_AHB3PeriphResetCmd                            obj/libs/STM32F4xx_StdPeriph_Driver/src/stm32f4xx_rcc.o
RCC_APB1PeriphClockCmd                            obj/libs/STM32F4xx_StdPeriph_Driver/src/stm32f4xx_rcc.o
                                                  obj/src/main.o
RCC_APB1PeriphClockLPModeCmd                      obj/libs/STM32F4xx_StdPeriph_Driver/src/stm32f4xx_rcc.o
RCC_APB1PeriphResetCmd                            obj/libs/STM32F4xx_StdPeriph_Driver/src/stm32f4xx_rcc.o
                                                  obj/libs/STM32F4xx_StdPeriph_Driver/src/stm32f4xx_wwdg.o
                                                  obj/libs/STM32F4xx_StdPeriph_Driver/src/stm32f4xx_usart.o
                                                  obj/libs/STM32F4xx_StdPeriph_Driver/src/stm32f4xx_tim.o
                                                  obj/libs/STM32F4xx_StdPeriph_Driver/src/stm32f4xx_spi.o
                                                  obj/libs/STM32F4xx_StdPeriph_Driver/src/stm32f4xx_pwr.o
                                                  obj/libs/STM32F4xx_StdPeriph_Driver/src/stm32f4xx_i2c.o
                                                  obj/libs/STM32F4xx_StdPeriph_Driver/src/stm32f4xx_dac.o
                                                  obj/libs/STM32F4xx_StdPeriph_Driver/src/stm32f4xx_can.o
RCC_APB2PeriphClockCmd                            obj/libs/STM32F4xx_StdPeriph_Driver/src/stm32f4xx_rcc.o
RCC_APB2PeriphClockLPModeCmd                      obj/libs/STM32F4xx_StdPeriph_Driver/src/stm32f4xx_rcc.o
RCC_APB2PeriphResetCmd                            obj/libs/STM32F4xx_StdPeriph_Driver/src/stm32f4xx_rcc.o
                                                  obj/libs/STM32F4xx_StdPeriph_Driver/src/stm32f4xx_usart.o
                                                  obj/libs/STM32F4xx_StdPeriph_Driver/src/stm32f4xx_tim.o
                                                  obj/libs/STM32F4xx_StdPeriph_Driver/src/stm32f4xx_syscfg.o
                                                  obj/libs/STM32F4xx_StdPeriph_Driver/src/stm32f4xx_spi.o
                                                  obj/libs/STM32F4xx_StdPeriph_Driver/src/stm32f4xx_sdio.o
                                                  obj/libs/STM32F4xx_StdPeriph_Driver/src/stm32f4xx_adc.o
RCC_AdjustHSICalibrationValue                     obj/libs/STM32F4xx_StdPeriph_Driver/src/stm32f4xx_rcc.o
RCC_BackupResetCmd                                obj/libs/STM32F4xx_StdPeriph_Driver/src/stm32f4xx_rcc.o
RCC_ClearFlag                                     obj/libs/STM32F4xx_StdPeriph_Driver/src/stm32f4xx_rcc.o
RCC_ClearITPendingBit                             obj/libs/STM32F4xx_StdPeriph_Driver/src/stm32f4xx_rcc.o
RCC_ClockSecuritySystemCmd                        obj/libs/STM32F4xx_StdPeriph_Driver/src/stm32f4xx_rcc.o
RCC_Configuration                                 obj/src/main.o
RCC_DeInit                                        obj/libs/STM32F4xx_StdPeriph_Driver/src/stm32f4xx_rcc.o
RCC_GetClocksFreq                                 obj/libs/STM32F4xx_StdPeriph_Driver/src/stm32f4xx_rcc.o
                                                  obj/libs/STM32F4xx_StdPeriph_Driver/src/stm32f4xx_usart.o
                                                  obj/libs/STM32F4xx_StdPeriph_Driver/src/stm32f4xx_i2c.o
                                                  obj/src/ustime.o
RCC_GetFlagStatus                                 obj/libs/STM32F4xx_StdPeriph_Driver/src/stm32f4xx_rcc.o
RCC_GetITStatus                                   obj/libs/STM32F4xx_StdPeriph_Driver/src/stm32f4xx_rcc.o
RCC_GetSYSCLKSource                               obj/libs/STM32F4xx_StdPeriph_Driver/src/stm32f4xx_rcc.o
RCC_HCLKConfig                                    obj/libs/STM32F4xx_StdPeriph_Driver/src/stm32f4xx_rcc.o
RCC_HSEConfig                                     obj/libs/STM32F4xx_StdPeriph_Driver/src/stm32f4xx_rcc.o
RCC_HSICmd                                        obj/libs/STM32F4xx_StdPeriph_Driver/src/stm32f4xx_rcc.o
RCC_I2SCLKConfig                                  obj/libs/STM32F4xx_StdPeriph_Driver/src/stm32f4xx_rcc.o
RCC_IRQHandler                                    obj/src/startup_stm32f4xx.o
RCC_ITConfig                                      obj/libs/STM32F4xx_StdPeriph_Driver/src/stm32f4xx_rcc.o
RCC_LSEConfig                                     obj/libs/STM32F4xx_StdPeriph_Driver/src/stm32f4xx_rcc.o
RCC_LSICmd                                        obj/libs/STM32F4xx_StdPeriph_Driver/src/stm32f4xx_rcc.o
RCC_MCO1Config                                    obj/libs/STM32F4xx_StdPeriph_Driver/src/stm32f4xx_rcc.o
RCC_MCO2Config                                    obj/libs/STM32F4xx_StdPeriph_Driver/src/stm32f4xx_rcc.o
RCC_PCLK1Config                                   obj/libs/STM32F4xx_StdPeriph_Driver/src/stm32f4xx_rcc.o
RCC_PCLK2Config                                   obj/libs/STM32F4xx_StdPeriph_Driver/src/stm32f4xx_rcc.o
RCC_PLLCmd                                        obj/libs/STM32F4xx_StdPeriph_Driver/src/stm32f4xx_rcc.o
RCC_PLLConfig                                     obj/libs/STM32F4xx_StdPeriph_Driver/src/stm32f4xx_rcc.o
RCC_PLLI2SCmd                                     obj/libs/STM32F4xx_StdPeriph_Driver/src/stm32f4xx_rcc.o
RCC_PLLI2SConfig                                  obj/libs/STM32F4xx_StdPeriph_Driver/src/stm32f4xx_rcc.o
RCC_RTCCLKCmd                                     obj/libs/STM32F4xx_StdPeriph_Driver/src/stm32f4xx_rcc.o
RCC_RTCCLKConfig                                  obj/libs/STM32F4xx_StdPeriph_Driver/src/stm32f4xx_rcc.o
RCC_SYSCLKConfig                                  obj/libs/STM32F4xx_StdPeriph_Driver/src/stm32f4xx_rcc.o
RCC_WaitForHSEStartUp                             obj/libs/STM32F4xx_StdPeriph_Driver/src/stm32f4xx_rcc.o
RNG_ClearFlag                                     obj/libs/STM32F4xx_StdPeriph_Driver/src/stm32f4xx_rng.o
RNG_ClearITPendingBit                             obj/libs/STM32F4xx_StdPeriph_Driver/src/stm32f4xx_rng.o
RNG_Cmd                                           obj/libs/STM32F4xx_StdPeriph_Driver/src/stm32f4xx_rng.o
RNG_DeInit                                        obj/libs/STM32F4xx_StdPeriph_Driver/src/stm32f4xx_rng.o
RNG_GetFlagStatus                                 obj/libs/STM32F4xx_StdPeriph_Driver/src/stm32f4xx_rng.o
RNG_GetITStatus                                   obj/libs/STM32F4xx_StdPeriph_Driver/src/stm32f4xx_rng.o
RNG_GetRandomNumber                               obj/libs/STM32F4xx_StdPeriph_Driver/src/stm32f4xx_rng.o
RNG_ITConfig                                      obj/libs/STM32F4xx_StdPeriph_Driver/src/stm32f4xx_rng.o
RTC_AlarmCmd                                      obj/libs/STM32F4xx_StdPeriph_Driver/src/stm32f4xx_rtc.o
RTC_AlarmStructInit                               obj/libs/STM32F4xx_StdPeriph_Driver/src/stm32f4xx_rtc.o
RTC_AlarmSubSecondConfig                          obj/libs/STM32F4xx_StdPeriph_Driver/src/stm32f4xx_rtc.o
RTC_Alarm_IRQHandler                              obj/src/startup_stm32f4xx.o
RTC_BypassShadowCmd                               obj/libs/STM32F4xx_StdPeriph_Driver/src/stm32f4xx_rtc.o
RTC_CalibOutputCmd                                obj/libs/STM32F4xx_StdPeriph_Driver/src/stm32f4xx_rtc.o
RTC_CalibOutputConfig                             obj/libs/STM32F4xx_StdPeriph_Driver/src/stm32f4xx_rtc.o
RTC_ClearFlag                                     obj/libs/STM32F4xx_StdPeriph_Driver/src/stm32f4xx_rtc.o
RTC_ClearITPendingBit                             obj/libs/STM32F4xx_StdPeriph_Driver/src/stm32f4xx_rtc.o
RTC_CoarseCalibCmd                                obj/libs/STM32F4xx_StdPeriph_Driver/src/stm32f4xx_rtc.o
RTC_CoarseCalibConfig                             obj/libs/STM32F4xx_StdPeriph_Driver/src/stm32f4xx_rtc.o
RTC_DateStructInit                                obj/libs/STM32F4xx_StdPeriph_Driver/src/stm32f4xx_rtc.o
RTC_DayLightSavingConfig                          obj/libs/STM32F4xx_StdPeriph_Driver/src/stm32f4xx_rtc.o
RTC_DeInit                                        obj/libs/STM32F4xx_StdPeriph_Driver/src/stm32f4xx_rtc.o