Archive member included because of file (symbol)

/usr/local/csl/arm-2012.03/bin/../lib/gcc/arm-none-eabi/4.6.3/../../../../arm-none-eabi/lib/thumb2/libc.a(lib_a-exit.o)
                              obj/src/modbus.o (exit)
/usr/local/csl/arm-2012.03/bin/../lib/gcc/arm-none-eabi/4.6.3/../../../../arm-none-eabi/lib/thumb2/libc.a(lib_a-impure.o)
                              /usr/local/csl/arm-2012.03/bin/../lib/gcc/arm-none-eabi/4.6.3/../../../../arm-none-eabi/lib/thumb2/libc.a(lib_a-exit.o) (_global_impure_ptr)
/usr/local/csl/arm-2012.03/bin/../lib/gcc/arm-none-eabi/4.6.3/../../../../arm-none-eabi/lib/thumb2/libc.a(lib_a-init.o)
                              obj/src/startup_stm32f4xx.o (__libc_init_array)
/usr/local/csl/arm-2012.03/bin/../lib/gcc/arm-none-eabi/4.6.3/../../../../arm-none-eabi/lib/thumb2/libc.a(lib_a-malloc.o)
                              obj/src/modbus.o (malloc)
/usr/local/csl/arm-2012.03/bin/../lib/gcc/arm-none-eabi/4.6.3/../../../../arm-none-eabi/lib/thumb2/libc.a(lib_a-mallocr.o)
                              /usr/local/csl/arm-2012.03/bin/../lib/gcc/arm-none-eabi/4.6.3/../../../../arm-none-eabi/lib/thumb2/libc.a(lib_a-malloc.o) (_malloc_r)
/usr/local/csl/arm-2012.03/bin/../lib/gcc/arm-none-eabi/4.6.3/../../../../arm-none-eabi/lib/thumb2/libc.a(lib_a-memcmp.o)
                              obj/src/modbus.o (memcmp)
/usr/local/csl/arm-2012.03/bin/../lib/gcc/arm-none-eabi/4.6.3/../../../../arm-none-eabi/lib/thumb2/libc.a(lib_a-printf.o)
                              obj/src/modbus.o (printf)
/usr/local/csl/arm-2012.03/bin/../lib/gcc/arm-none-eabi/4.6.3/../../../../arm-none-eabi/lib/thumb2/libc.a(lib_a-vfprintf.o)
                              /usr/local/csl/arm-2012.03/bin/../lib/gcc/arm-none-eabi/4.6.3/../../../../arm-none-eabi/lib/thumb2/libc.a(lib_a-printf.o) (_vfprintf_r)
/usr/local/csl/arm-2012.03/bin/../lib/gcc/arm-none-eabi/4.6.3/../../../../arm-none-eabi/lib/thumb2/libc.a(lib_a-wsetup.o)
                              /usr/local/csl/arm-2012.03/bin/../lib/gcc/arm-none-eabi/4.6.3/../../../../arm-none-eabi/lib/thumb2/libc.a(lib_a-vfprintf.o) (__swsetup_r)
/usr/local/csl/arm-2012.03/bin/../lib/gcc/arm-none-eabi/4.6.3/../../../../arm-none-eabi/lib/thumb2/libc.a(lib_a-__call_atexit.o)
                              /usr/local/csl/arm-2012.03/bin/../lib/gcc/arm-none-eabi/4.6.3/../../../../arm-none-eabi/lib/thumb2/libc.a(lib_a-exit.o) (__call_exitprocs)
/usr/local/csl/arm-2012.03/bin/../lib/gcc/arm-none-eabi/4.6.3/../../../../arm-none-eabi/lib/thumb2/libc.a(lib_a-atexit.o)
                              /usr/local/csl/arm-2012.03/bin/../lib/gcc/arm-none-eabi/4.6.3/../../../../arm-none-eabi/lib/thumb2/libc.a(lib_a-__call_atexit.o) (atexit)
/usr/local/csl/arm-2012.03/bin/../lib/gcc/arm-none-eabi/4.6.3/../../../../arm-none-eabi/lib/thumb2/libc.a(lib_a-dtoa.o)
                              /usr/local/csl/arm-2012.03/bin/../lib/gcc/arm-none-eabi/4.6.3/../../../../arm-none-eabi/lib/thumb2/libc.a(lib_a-vfprintf.o) (_dtoa_r)
/usr/local/csl/arm-2012.03/bin/../lib/gcc/arm-none-eabi/4.6.3/../../../../arm-none-eabi/lib/thumb2/libc.a(lib_a-fflush.o)
                              /usr/local/csl/arm-2012.03/bin/../lib/gcc/arm-none-eabi/4.6.3/../../../../arm-none-eabi/lib/thumb2/libc.a(lib_a-vfprintf.o) (_fflush_r)
/usr/local/csl/arm-2012.03/bin/../lib/gcc/arm-none-eabi/4.6.3/../../../../arm-none-eabi/lib/thumb2/libc.a(lib_a-findfp.o)
                              /usr/local/csl/arm-2012.03/bin/../lib/gcc/arm-none-eabi/4.6.3/../../../../arm-none-eabi/lib/thumb2/libc.a(lib_a-printf.o) (__sinit)
/usr/local/csl/arm-2012.03/bin/../lib/gcc/arm-none-eabi/4.6.3/../../../../arm-none-eabi/lib/thumb2/libc.a(lib_a-fini.o)
                              /usr/local/csl/arm-2012.03/bin/../lib/gcc/arm-none-eabi/4.6.3/../../../../arm-none-eabi/lib/thumb2/libc.a(lib_a-__call_atexit.o) (__libc_fini_array)
/usr/local/csl/arm-2012.03/bin/../lib/gcc/arm-none-eabi/4.6.3/../../../../arm-none-eabi/lib/thumb2/libc.a(lib_a-freer.o)
                              /usr/local/csl/arm-2012.03/bin/../lib/gcc/arm-none-eabi/4.6.3/../../../../arm-none-eabi/lib/thumb2/libc.a(lib_a-malloc.o) (_free_r)
/usr/local/csl/arm-2012.03/bin/../lib/gcc/arm-none-eabi/4.6.3/../../../../arm-none-eabi/lib/thumb2/libc.a(lib_a-fwalk.o)
                              /usr/local/csl/arm-2012.03/bin/../lib/gcc/arm-none-eabi/4.6.3/../../../../arm-none-eabi/lib/thumb2/libc.a(lib_a-findfp.o) (_fwalk)
/usr/local/csl/arm-2012.03/bin/../lib/gcc/arm-none-eabi/4.6.3/../../../../arm-none-eabi/lib/thumb2/libc.a(lib_a-locale.o)
                              /usr/local/csl/arm-2012.03/bin/../lib/gcc/arm-none-eabi/4.6.3/../../../../arm-none-eabi/lib/thumb2/libc.a(lib_a-vfprintf.o) (_localeconv_r)
/usr/local/csl/arm-2012.03/bin/../lib/gcc/arm-none-eabi/4.6.3/../../../../arm-none-eabi/lib/thumb2/libc.a(lib_a-makebuf.o)
[...]
Memory Configuration

Name             Origin             Length             Attributes
FLASH            0x08000000         0x00100000         xr
RAM              0x20000000         0x00020000         xrw
MEMORY_B1        0x60000000         0x00000000         xr
*default*        0x00000000         0xffffffff

Linker script and memory map

LOAD /usr/local/csl/arm-2012.03/bin/../lib/gcc/arm-none-eabi/4.6.3/thumb2/crti.o
LOAD /usr/local/csl/arm-2012.03/bin/../lib/gcc/arm-none-eabi/4.6.3/thumb2/crtbegin.o
LOAD obj/src/uart.o
LOAD obj/src/ustime.o
LOAD obj/src/main.o
LOAD obj/src/startup_stm32f4xx.o
LOAD obj/src/system_stm32f4xx.o
LOAD obj/src/syscalls.o
LOAD obj/src/modbus.o
LOAD obj/src/test.o
LOAD obj/src/shell.o
LOAD obj/src/stm32f4_discovery.o
LOAD obj/src/stm32f4_discovery_lis3dsh.o
LOAD obj/src/hw_config.o
LOAD obj/FreeRTOS/Source/tasks.o
LOAD obj/FreeRTOS/Source/queue.o
LOAD obj/FreeRTOS/Source/list.o
LOAD obj/FreeRTOS/Source/croutine.o
LOAD obj/FreeRTOS/Source/portable/GCC/ARM_CM4F/port.o
LOAD obj/libs/STM32F4xx_StdPeriph_Driver/src/misc.o
LOAD obj/libs/STM32F4xx_StdPeriph_Driver/src/stm32f4xx_adc.o
LOAD obj/libs/STM32F4xx_StdPeriph_Driver/src/stm32f4xx_can.o
LOAD obj/libs/STM32F4xx_StdPeriph_Driver/src/stm32f4xx_crc.o
LOAD obj/libs/STM32F4xx_StdPeriph_Driver/src/stm32f4xx_cryp.o
LOAD obj/libs/STM32F4xx_StdPeriph_Driver/src/stm32f4xx_cryp_aes.o
LOAD obj/libs/STM32F4xx_StdPeriph_Driver/src/stm32f4xx_cryp_des.o
LOAD obj/libs/STM32F4xx_StdPeriph_Driver/src/stm32f4xx_cryp_tdes.o
LOAD obj/libs/STM32F4xx_StdPeriph_Driver/src/stm32f4xx_dac.o
LOAD obj/libs/STM32F4xx_StdPeriph_Driver/src/stm32f4xx_dbgmcu.o
LOAD obj/libs/STM32F4xx_StdPeriph_Driver/src/stm32f4xx_dcmi.o
LOAD obj/libs/STM32F4xx_StdPeriph_Driver/src/stm32f4xx_dma.o
LOAD obj/libs/STM32F4xx_StdPeriph_Driver/src/stm32f4xx_exti.o
LOAD obj/libs/STM32F4xx_StdPeriph_Driver/src/stm32f4xx_flash.o
LOAD obj/libs/STM32F4xx_StdPeriph_Driver/src/stm32f4xx_fsmc.o
LOAD obj/libs/STM32F4xx_StdPeriph_Driver/src/stm32f4xx_gpio.o
LOAD obj/libs/STM32F4xx_StdPeriph_Driver/src/stm32f4xx_hash.o
LOAD obj/libs/STM32F4xx_StdPeriph_Driver/src/stm32f4xx_hash_md5.o
LOAD obj/libs/STM32F4xx_StdPeriph_Driver/src/stm32f4xx_hash_sha1.o
LOAD obj/libs/STM32F4xx_StdPeriph_Driver/src/stm32f4xx_i2c.o
LOAD obj/libs/STM32F4xx_StdPeriph_Driver/src/stm32f4xx_iwdg.o
LOAD obj/libs/STM32F4xx_StdPeriph_Driver/src/stm32f4xx_pwr.o
LOAD obj/libs/STM32F4xx_StdPeriph_Driver/src/stm32f4xx_rcc.o
LOAD obj/libs/STM32F4xx_StdPeriph_Driver/src/stm32f4xx_rng.o
LOAD obj/libs/STM32F4xx_StdPeriph_Driver/src/stm32f4xx_rtc.o
LOAD obj/libs/STM32F4xx_StdPeriph_Driver/src/stm32f4xx_sdio.o
LOAD obj/libs/STM32F4xx_StdPeriph_Driver/src/stm32f4xx_spi.o
LOAD obj/libs/STM32F4xx_StdPeriph_Driver/src/stm32f4xx_syscfg.o
LOAD obj/libs/STM32F4xx_StdPeriph_Driver/src/stm32f4xx_tim.o
LOAD obj/libs/STM32F4xx_StdPeriph_Driver/src/stm32f4xx_usart.o
LOAD obj/libs/STM32F4xx_StdPeriph_Driver/src/stm32f4xx_wwdg.o
LOAD /usr/local/csl/arm-2012.03/bin/../lib/gcc/arm-none-eabi/4.6.3/../../../../arm-none-eabi/lib/thumb2/libm.a
START GROUP
LOAD /usr/local/csl/arm-2012.03/bin/../lib/gcc/arm-none-eabi/4.6.3/thumb2/libgcc.a
LOAD /usr/local/csl/arm-2012.03/bin/../lib/gcc/arm-none-eabi/4.6.3/../../../../arm-none-eabi/lib/thumb2/libc.a
END GROUP
LOAD /usr/local/csl/arm-2012.03/bin/../lib/gcc/arm-none-eabi/4.6.3/thumb2/crtend.o
LOAD /usr/local/csl/arm-2012.03/bin/../lib/gcc/arm-none-eabi/4.6.3/thumb2/crtn.o
                0x20020000                _estack = 0x20020000
                0x00000000                _Min_Heap_Size = 0x0
                0x00000400                _Min_Stack_Size = 0x400

.isr_vector     0x08000000      0x188
                0x08000000                . = ALIGN (0x4)
 *(.isr_vector)
 .isr_vector    0x08000000      0x188 obj/src/startup_stm32f4xx.o
                0x08000000                g_pfnVectors
                0x08000188                . = ALIGN (0x4)

.text           0x08000188     0x5504
                0x08000188                . = ALIGN (0x4)
 *(.text)
 .text          0x08000188       0x68 /usr/local/csl/arm-2012.03/bin/../lib/gcc/arm-none-eabi/4.6.3/thumb2/crtbegin.o
 .text          0x080001f0       0x50 /usr/local/csl/arm-2012.03/bin/../lib/gcc/arm-none-eabi/4.6.3/../../../../arm-none-eabi/lib/thumb2/libc.a(lib_a-init.o)
                0x080001f0                __libc_init_array
 .text          0x08000240       0x20 /usr/local/csl/arm-2012.03/bin/../lib/gcc/arm-none-eabi/4.6.3/../../../../arm-none-eabi/lib/thumb2/libc.a(lib_a-malloc.o)
                0x08000240                malloc
                0x08000250                free
 .text          0x08000260      0x580 /usr/local/csl/arm-2012.03/bin/../lib/gcc/arm-none-eabi/4.6.3/../../../../arm-none-eabi/lib/thumb2/libc.a(lib_a-mallocr.o)
                0x08000260                _malloc_r
 .text          0x080007e0        0xc /usr/local/csl/arm-2012.03/bin/../lib/gcc/arm-none-eabi/4.6.3/../../../../arm-none-eabi/lib/thumb2/libc.a(lib_a-atexit.o)
                0x080007e0                atexit
 .text          0x080007ec       0x30 /usr/local/csl/arm-2012.03/bin/../lib/gcc/arm-none-eabi/4.6.3/../../../../arm-none-eabi/lib/thumb2/libc.a(lib_a-fini.o)
                0x080007ec                __libc_fini_array
 .text          0x0800081c      0x234 /usr/local/csl/arm-2012.03/bin/../lib/gcc/arm-none-eabi/4.6.3/../../../../arm-none-eabi/lib/thumb2/libc.a(lib_a-freer.o)
                0x0800081c                _malloc_trim_r
                0x080008c0                _free_r
 .text          0x08000a50       0xdc /usr/local/csl/arm-2012.03/bin/../lib/gcc/arm-none-eabi/4.6.3/../../../../arm-none-eabi/lib/thumb2/libc.a(lib_a-__atexit.o)
                0x08000a50                __register_exitproc
 *(.text*)
 .text.rb_getc  0x08000b2c       0x70 obj/src/uart.o
 .text.rb_putc  0x08000b9c       0x6c obj/src/uart.o
 .text.USART1_IRQHandler
                0x08000c08       0xe4 obj/src/uart.o
                0x08000c08                USART1_IRQHandler
 .text.get_us_time
                0x08000cec       0x8c obj/src/ustime.o
                0x08000cec                get_us_time
 .text.init_us_timer
                0x08000d78       0x70 obj/src/ustime.o
                0x08000d78                init_us_timer
 .text.memset   0x08000de8       0xac obj/src/main.o
                0x08000de8                memset
 .text.memcpy   0x08000e94       0xc4 obj/src/main.o
                0x08000e94                memcpy
 .text.strcpy   0x08000f58       0x4c obj/src/main.o
                0x08000f58                strcpy
 .text.strncpy  0x08000fa4       0x68 obj/src/main.o
                0x08000fa4                strncpy
 .text._toa     0x0800100c      0x168 obj/src/main.o
                0x0800100c                _toa
 .text.xtoa     0x08001174       0x24 obj/src/main.o
                0x08001174                xtoa
 .text.itoa     0x08001198       0x24 obj/src/main.o
                0x08001198                itoa
 .text.qprintf  0x080011bc      0x1fc obj/src/main.o
                0x080011bc                qprintf
 .text.receive_byte
                0x080013b8       0x38 obj/src/main.o
                0x080013b8                receive_byte
 .text.pwmctrl  0x080013f0       0x84 obj/src/main.o
 .text.Motor_Control
                0x08001474       0xb8 obj/src/main.o
                0x08001474                Motor_Control
 .text.main     0x0800152c      0x164 obj/src/main.o
                0x0800152c                main
 .text.UsartTask
                0x08001690       0x90 obj/src/main.o
 .text.Usartrecive
                0x08001720       0x70 obj/src/main.o
 .text.vMEMSTask
                0x08001790      0x438 obj/src/main.o
 .text.Reset_Handler
                0x08001bc8       0x60 obj/src/startup_stm32f4xx.o
                0x08001bc8                Reset_Handler
 .text.Default_Handler
                0x08001c28        0x4 obj/src/startup_stm32f4xx.o
                0x08001c28                RTC_Alarm_IRQHandler
                0x08001c28                HASH_RNG_IRQHandler
                0x08001c28                EXTI2_IRQHandler
                0x08001c28                TIM8_CC_IRQHandler
                0x08001c28                DebugMon_Handler
                0x08001c28                TIM1_CC_IRQHandler
                0x08001c28                DMA2_Stream5_IRQHandler
                0x08001c28                HardFault_Handler
                0x08001c28                DMA1_Stream5_IRQHandler
                0x08001c28                PVD_IRQHandler
                0x08001c28                SDIO_IRQHandler
                0x08001c28                TAMP_STAMP_IRQHandler
                0x08001c28                NMI_Handler
                0x08001c28                CAN2_RX1_IRQHandler
                0x08001c28                EXTI3_IRQHandler
                0x08001c28                TIM8_TRG_COM_TIM14_IRQHandler
                0x08001c28                TIM1_UP_TIM10_IRQHandler
                0x08001c28                TIM8_UP_TIM13_IRQHandler
                0x08001c28                I2C3_ER_IRQHandler
                0x08001c28                EXTI0_IRQHandler
                0x08001c28                I2C2_EV_IRQHandler
                0x08001c28                DMA1_Stream2_IRQHandler
                0x08001c28                CAN1_RX0_IRQHandler
                0x08001c28                FPU_IRQHandler
                0x08001c28                OTG_HS_WKUP_IRQHandler
                0x08001c28                UsageFault_Handler
                0x08001c28                CAN2_SCE_IRQHandler
                0x08001c28                DMA2_Stream2_IRQHandler
                0x08001c28                SPI1_IRQHandler
                0x08001c28                TIM6_DAC_IRQHandler
                0x08001c28                TIM1_BRK_TIM9_IRQHandler
                0x08001c28                DCMI_IRQHandler
                0x08001c28                CAN2_RX0_IRQHandler
                0x08001c28                DMA2_Stream3_IRQHandler
                0x08001c28                USART6_IRQHandler
                0x08001c28                USART3_IRQHandler
                0x08001c28                CRYP_IRQHandler
                0x08001c28                CAN1_RX1_IRQHandler
                0x08001c28                UART5_IRQHandler
                0x08001c28                DMA2_Stream0_IRQHandler
                0x08001c28                TIM4_IRQHandler
                0x08001c28                I2C1_EV_IRQHandler
                0x08001c28                DMA1_Stream6_IRQHandler
                0x08001c28                DMA1_Stream1_IRQHandler
                0x08001c28                UART4_IRQHandler
                0x08001c28                TIM3_IRQHandler
                0x08001c28                RCC_IRQHandler
                0x08001c28                TIM8_BRK_TIM12_IRQHandler
                0x08001c28                Default_Handler
                0x08001c28                EXTI15_10_IRQHandler
                0x08001c28                ADC_IRQHandler
                0x08001c28                DMA1_Stream7_IRQHandler
                0x08001c28                TIM7_IRQHandler
                0x08001c28                CAN2_TX_IRQHandler
                0x08001c28                TIM5_IRQHandler
                0x08001c28                DMA2_Stream7_IRQHandler
                0x08001c28                I2C3_EV_IRQHandler
                0x08001c28                EXTI9_5_IRQHandler
                0x08001c28                RTC_WKUP_IRQHandler
                0x08001c28                ETH_WKUP_IRQHandler
                0x08001c28                SPI2_IRQHandler
                0x08001c28                OTG_HS_EP1_IN_IRQHandler
                0x08001c28                MemManage_Handler
                0x08001c28                DMA1_Stream0_IRQHandler
                0x08001c28                CAN1_TX_IRQHandler
                0x08001c28                EXTI4_IRQHandler
                0x08001c28                FSMC_IRQHandler
                0x08001c28                ETH_IRQHandler
                0x08001c28                OTG_HS_EP1_OUT_IRQHandler
                0x08001c28                WWDG_IRQHandler
                0x08001c28                TIM2_IRQHandler
                0x08001c28                OTG_FS_WKUP_IRQHandler
                0x08001c28                TIM1_TRG_COM_TIM11_IRQHandler
                0x08001c28                OTG_HS_IRQHandler
                0x08001c28                EXTI1_IRQHandler
                0x08001c28                USART2_IRQHandler
                0x08001c28                I2C2_ER_IRQHandler
                0x08001c28                DMA2_Stream1_IRQHandler
                0x08001c28                CAN1_SCE_IRQHandler
                0x08001c28                FLASH_IRQHandler
                0x08001c28                DMA2_Stream4_IRQHandler
                0x08001c28                BusFault_Handler
                0x08001c28                OTG_FS_IRQHandler
                0x08001c28                SPI3_IRQHandler
                0x08001c28                DMA1_Stream4_IRQHandler
                0x08001c28                I2C1_ER_IRQHandler
                0x08001c28                DMA2_Stream6_IRQHandler
                0x08001c28                DMA1_Stream3_IRQHandler
 .text.SystemInit
                0x08001c2c       0x94 obj/src/system_stm32f4xx.o
                0x08001c2c                SystemInit
 .text.SetSysClock
                0x08001cc0      0x1e0 obj/src/system_stm32f4xx.o
 .text._sbrk_r  0x08001ea0       0x90 obj/src/syscalls.o
                0x08001ea0                _sbrk_r
 .text.__malloc_lock
                0x08001f30       0x14 obj/src/syscalls.o
                0x08001f30                __malloc_lock
 .text.__malloc_unlock
                0x08001f44       0x14 obj/src/syscalls.o
                0x08001f44                __malloc_unlock
 .text.strcmp   0x08001f58       0x1c obj/src/shell.o
                0x08001f58                strcmp
 .text.pwm      0x08001f74       0x58 obj/src/shell.o
                0x08001f74                pwm
 .text.cmdtok   0x08001fcc       0xc8 obj/src/shell.o
                0x08001fcc                cmdtok
 .text.check_keyword
                0x08002094      0x144 obj/src/shell.o
                0x08002094                check_keyword
 .text.shell    0x080021d8      0x160 obj/src/shell.o
                0x080021d8                shell
 .text.STM_EVAL_LEDOn
                0x08002338       0x34 obj/src/stm32f4_discovery.o
                0x08002338                STM_EVAL_LEDOn
 .text.STM_EVAL_LEDOff
                0x0800236c       0x34 obj/src/stm32f4_discovery.o
                0x0800236c                STM_EVAL_LEDOff
 .text.STM_EVAL_PBInit
                0x080023a0       0xec obj/src/stm32f4_discovery.o
                0x080023a0                STM_EVAL_PBInit
 .text.LIS3DSH_Init
                0x0800248c       0x38 obj/src/stm32f4_discovery_lis3dsh.o
                0x0800248c                LIS3DSH_Init
 .text.LIS3DSH_Write
                0x080024c4       0x70 obj/src/stm32f4_discovery_lis3dsh.o
                0x080024c4                LIS3DSH_Write
 .text.LIS3DSH_Read
                0x08002534       0x80 obj/src/stm32f4_discovery_lis3dsh.o
                0x08002534                LIS3DSH_Read
 .text.LIS3DSH_LowLevel_Init
                0x080025b4      0x1cc obj/src/stm32f4_discovery_lis3dsh.o
 .text.LIS3DSH_SendByte
                0x08002780       0xe4 obj/src/stm32f4_discovery_lis3dsh.o
 .text.prvSetupHardware
                0x08002864       0x44 obj/src/hw_config.o
                0x08002864                prvSetupHardware
 .text.prvLED_Config
                0x080028a8       0xc4 obj/src/hw_config.o
                0x080028a8                prvLED_Config
 .text.RCC_Configuration
                0x0800296c       0x38 obj/src/hw_config.o
                0x0800296c                RCC_Configuration
 .text.GPIO_Configuration
                0x080029a4       0x64 obj/src/hw_config.o
                0x080029a4                GPIO_Configuration
 .text.TIM_Configuration
                0x08002a08       0xac obj/src/hw_config.o
                0x08002a08                TIM_Configuration
 .text.USART_Configuration
                0x08002ab4       0x54 obj/src/hw_config.o
                0x08002ab4                USART_Configuration
 .text.prvMEMS_Config
                0x08002b08       0x1c obj/src/hw_config.o
                0x08002b08                prvMEMS_Config
 .text.LIS3DSH_TIMEOUT_UserCallback
                0x08002b24        0x8 obj/src/hw_config.o
                0x08002b24                LIS3DSH_TIMEOUT_UserCallback
 .text.xTaskGenericCreate
                0x08002b2c      0x1ac obj/FreeRTOS/Source/tasks.o
                0x08002b2c                xTaskGenericCreate
 .text.vTaskDelay
                0x08002cd8       0x5c obj/FreeRTOS/Source/tasks.o
                0x08002cd8                vTaskDelay
 .text.vTaskStartScheduler
                0x08002d34       0x7c obj/FreeRTOS/Source/tasks.o
                0x08002d34                vTaskStartScheduler
 .text.vTaskSuspendAll
                0x08002db0       0x24 obj/FreeRTOS/Source/tasks.o
                0x08002db0                vTaskSuspendAll
 .text.xTaskResumeAll
                0x08002dd4      0x154 obj/FreeRTOS/Source/tasks.o
                0x08002dd4                xTaskResumeAll
 .text.vTaskIncrementTick
                0x08002f28      0x1b8 obj/FreeRTOS/Source/tasks.o
                0x08002f28                vTaskIncrementTick
 .text.vTaskSwitchContext
                0x080030e0      0x110 obj/FreeRTOS/Source/tasks.o
                0x080030e0                vTaskSwitchContext
 .text.vTaskPlaceOnEventList
                0x080031f0       0x78 obj/FreeRTOS/Source/tasks.o
                0x080031f0                vTaskPlaceOnEventList
 .text.xTaskRemoveFromEventList
                0x08003268       0xc4 obj/FreeRTOS/Source/tasks.o
                0x08003268                xTaskRemoveFromEventList
 .text.vTaskSetTimeOutState
                0x0800332c       0x30 obj/FreeRTOS/Source/tasks.o
                0x0800332c                vTaskSetTimeOutState
 .text.xTaskCheckForTimeOut
                0x0800335c       0xa4 obj/FreeRTOS/Source/tasks.o
                0x0800335c                xTaskCheckForTimeOut
 .text.vTaskMissedYield
                0x08003400       0x18 obj/FreeRTOS/Source/tasks.o
                0x08003400                vTaskMissedYield
 .text.prvIdleTask
                0x08003418       0x24 obj/FreeRTOS/Source/tasks.o
 .text.prvInitialiseTCBVariables
                0x0800343c       0x88 obj/FreeRTOS/Source/tasks.o
 .text.prvInitialiseTaskLists
                0x080034c4       0xa4 obj/FreeRTOS/Source/tasks.o
 .text.prvCheckTasksWaitingTermination
                0x08003568       0x98 obj/FreeRTOS/Source/tasks.o
 .text.prvAddCurrentTaskToDelayedList
                0x08003600       0x8c obj/FreeRTOS/Source/tasks.o
 .text.prvAllocateTCBAndStack
                0x0800368c       0x74 obj/FreeRTOS/Source/tasks.o
 .text.prvDeleteTCB
                0x08003700       0x20 obj/FreeRTOS/Source/tasks.o
 .text.xTaskGetCurrentTaskHandle
                0x08003720       0x20 obj/FreeRTOS/Source/tasks.o
                0x08003720                xTaskGetCurrentTaskHandle
 .text.vTaskPriorityInherit
                0x08003740       0xd8 obj/FreeRTOS/Source/tasks.o
                0x08003740                vTaskPriorityInherit
 .text.vTaskPriorityDisinherit
                0x08003818       0x90 obj/FreeRTOS/Source/tasks.o
                0x08003818                vTaskPriorityDisinherit
 .text.xQueueCreate
                0x080038a8       0xd0 obj/FreeRTOS/Source/queue.o
                0x080038a8                xQueueCreate
 .text.xQueueGenericSend
                0x08003978      0x120 obj/FreeRTOS/Source/queue.o
                0x08003978                xQueueGenericSend
 .text.xQueueGenericReceive
                0x08003a98      0x188 obj/FreeRTOS/Source/queue.o
                0x08003a98                xQueueGenericReceive
 .text.prvCopyDataToQueue
                0x08003c20       0xc8 obj/FreeRTOS/Source/queue.o
 .text.prvCopyDataFromQueue
                0x08003ce8       0x50 obj/FreeRTOS/Source/queue.o
 .text.prvUnlockQueue
                0x08003d38       0xa0 obj/FreeRTOS/Source/queue.o
 .text.prvIsQueueEmpty
                0x08003dd8       0x2c obj/FreeRTOS/Source/queue.o
 .text.prvIsQueueFull
                0x08003e04       0x30 obj/FreeRTOS/Source/queue.o
 .text.vListInitialise
                0x08003e34       0x40 obj/FreeRTOS/Source/list.o
                0x08003e34                vListInitialise
 .text.vListInitialiseItem
                0x08003e74       0x1c obj/FreeRTOS/Source/list.o
                0x08003e74                vListInitialiseItem
 .text.vListInsertEnd
                0x08003e90       0x50 obj/FreeRTOS/Source/list.o
                0x08003e90                vListInsertEnd
 .text.vListInsert
                0x08003ee0       0x74 obj/FreeRTOS/Source/list.o
                0x08003ee0                vListInsert
 .text.vListRemove
                0x08003f54       0x54 obj/FreeRTOS/Source/list.o
                0x08003f54                vListRemove
 .text.pxPortInitialiseStack
                0x08003fa8       0x70 obj/FreeRTOS/Source/portable/GCC/ARM_CM4F/port.o
                0x08003fa8                pxPortInitialiseStack
 .text.SVC_Handler
                0x08004018       0x1c obj/FreeRTOS/Source/portable/GCC/ARM_CM4F/port.o
                0x08004018                SVC_Handler
 .text.vPortStartFirstTask
                0x08004034       0x14 obj/FreeRTOS/Source/portable/GCC/ARM_CM4F/port.o
 .text.xPortStartScheduler
                0x08004048       0x70 obj/FreeRTOS/Source/portable/GCC/ARM_CM4F/port.o
                0x08004048                xPortStartScheduler
 .text.vPortYieldFromISR
                0x080040b8       0x18 obj/FreeRTOS/Source/portable/GCC/ARM_CM4F/port.o
                0x080040b8                vPortYieldFromISR
 .text.vPortEnterCritical
                0x080040d0       0x2c obj/FreeRTOS/Source/portable/GCC/ARM_CM4F/port.o
                0x080040d0                vPortEnterCritical
 .text.vPortExitCritical
                0x080040fc       0x38 obj/FreeRTOS/Source/portable/GCC/ARM_CM4F/port.o
                0x080040fc                vPortExitCritical
 .text.PendSV_Handler
                0x08004134       0x50 obj/FreeRTOS/Source/portable/GCC/ARM_CM4F/port.o
                0x08004134                PendSV_Handler
 .text.SysTick_Handler
                0x08004184       0x38 obj/FreeRTOS/Source/portable/GCC/ARM_CM4F/port.o
                0x08004184                SysTick_Handler
 .text.prvSetupTimerInterrupt
                0x080041bc       0x40 obj/FreeRTOS/Source/portable/GCC/ARM_CM4F/port.o
 .text.vPortEnableVFP
                0x080041fc       0x14 obj/FreeRTOS/Source/portable/GCC/ARM_CM4F/port.o
 .text.NVIC_PriorityGroupConfig
                0x08004210       0x28 obj/libs/STM32F4xx_StdPeriph_Driver/src/misc.o
                0x08004210                NVIC_PriorityGroupConfig
 .text.NVIC_Init
                0x08004238       0xe4 obj/libs/STM32F4xx_StdPeriph_Driver/src/misc.o
                0x08004238                NVIC_Init
 .text.NVIC_SetVectorTable
                0x0800431c       0x2c obj/libs/STM32F4xx_StdPeriph_Driver/src/misc.o
                0x0800431c                NVIC_SetVectorTable
 .text.EXTI_Init
                0x08004348      0x138 obj/libs/STM32F4xx_StdPeriph_Driver/src/stm32f4xx_exti.o
                0x08004348                EXTI_Init
 .text.GPIO_Init
                0x08004480      0x144 obj/libs/STM32F4xx_StdPeriph_Driver/src/stm32f4xx_gpio.o
                0x08004480                GPIO_Init
 .text.GPIO_SetBits
                0x080045c4       0x1c obj/libs/STM32F4xx_StdPeriph_Driver/src/stm32f4xx_gpio.o
                0x080045c4                GPIO_SetBits
 .text.GPIO_ResetBits
                0x080045e0       0x1c obj/libs/STM32F4xx_StdPeriph_Driver/src/stm32f4xx_gpio.o
                0x080045e0                GPIO_ResetBits
 .text.GPIO_PinAFConfig
                0x080045fc       0xa8 obj/libs/STM32F4xx_StdPeriph_Driver/src/stm32f4xx_gpio.o
                0x080045fc                GPIO_PinAFConfig
 .text.RCC_GetClocksFreq
                0x080046a4      0x1cc obj/libs/STM32F4xx_StdPeriph_Driver/src/stm32f4xx_rcc.o
                0x080046a4                RCC_GetClocksFreq
 .text.RCC_AHB1PeriphClockCmd
                0x08004870       0x54 obj/libs/STM32F4xx_StdPeriph_Driver/src/stm32f4xx_rcc.o
                0x08004870                RCC_AHB1PeriphClockCmd
 .text.RCC_APB1PeriphClockCmd
                0x080048c4       0x54 obj/libs/STM32F4xx_StdPeriph_Driver/src/stm32f4xx_rcc.o
                0x080048c4                RCC_APB1PeriphClockCmd
 .text.RCC_APB2PeriphClockCmd
                0x08004918       0x54 obj/libs/STM32F4xx_StdPeriph_Driver/src/stm32f4xx_rcc.o
                0x08004918                RCC_APB2PeriphClockCmd
 .text.RCC_APB1PeriphResetCmd
                0x0800496c       0x54 obj/libs/STM32F4xx_StdPeriph_Driver/src/stm32f4xx_rcc.o
                0x0800496c                RCC_APB1PeriphResetCmd
 .text.RCC_APB2PeriphResetCmd
                0x080049c0       0x54 obj/libs/STM32F4xx_StdPeriph_Driver/src/stm32f4xx_rcc.o
                0x080049c0                RCC_APB2PeriphResetCmd
 .text.SPI_I2S_DeInit
                0x08004a14       0x88 obj/libs/STM32F4xx_StdPeriph_Driver/src/stm32f4xx_spi.o
                0x08004a14                SPI_I2S_DeInit
 .text.SPI_Init
                0x08004a9c       0x88 obj/libs/STM32F4xx_StdPeriph_Driver/src/stm32f4xx_spi.o
                0x08004a9c                SPI_Init
 .text.SPI_Cmd  0x08004b24       0x40 obj/libs/STM32F4xx_StdPeriph_Driver/src/stm32f4xx_spi.o
                0x08004b24                SPI_Cmd
 .text.SPI_I2S_ReceiveData
                0x08004b64       0x1c obj/libs/STM32F4xx_StdPeriph_Driver/src/stm32f4xx_spi.o
                0x08004b64                SPI_I2S_ReceiveData
 .text.SPI_I2S_SendData
                0x08004b80       0x1c obj/libs/STM32F4xx_StdPeriph_Driver/src/stm32f4xx_spi.o
                0x08004b80                SPI_I2S_SendData
 .text.SPI_I2S_GetFlagStatus
                0x08004b9c       0x40 obj/libs/STM32F4xx_StdPeriph_Driver/src/stm32f4xx_spi.o
                0x08004b9c                SPI_I2S_GetFlagStatus
 .text.SYSCFG_EXTILineConfig
                0x08004bdc       0xb0 obj/libs/STM32F4xx_StdPeriph_Driver/src/stm32f4xx_syscfg.o
                0x08004bdc                SYSCFG_EXTILineConfig
 .text.TIM_TimeBaseInit
                0x08004c8c       0xf4 obj/libs/STM32F4xx_StdPeriph_Driver/src/stm32f4xx_tim.o
                0x08004c8c                TIM_TimeBaseInit
 .text.TIM_TimeBaseStructInit
                0x08004d80       0x3c obj/libs/STM32F4xx_StdPeriph_Driver/src/stm32f4xx_tim.o
                0x08004d80                TIM_TimeBaseStructInit
 .text.TIM_Cmd  0x08004dbc       0x40 obj/libs/STM32F4xx_StdPeriph_Driver/src/stm32f4xx_tim.o
                0x08004dbc                TIM_Cmd
 .text.TIM_OC1Init
                0x08004dfc       0xfc obj/libs/STM32F4xx_StdPeriph_Driver/src/stm32f4xx_tim.o
                0x08004dfc                TIM_OC1Init
 .text.TIM_OC2Init
                0x08004ef8      0x128 obj/libs/STM32F4xx_StdPeriph_Driver/src/stm32f4xx_tim.o
                0x08004ef8                TIM_OC2Init
 .text.TIM_OC3Init
                0x08005020      0x120 obj/libs/STM32F4xx_StdPeriph_Driver/src/stm32f4xx_tim.o
                0x08005020                TIM_OC3Init
 .text.TIM_OC4Init
                0x08005140       0xe0 obj/libs/STM32F4xx_StdPeriph_Driver/src/stm32f4xx_tim.o
                0x08005140                TIM_OC4Init
 .text.TIM_OCStructInit
                0x08005220       0x54 obj/libs/STM32F4xx_StdPeriph_Driver/src/stm32f4xx_tim.o
                0x08005220                TIM_OCStructInit
 .text.USART_Init
                0x08005274      0x1ac obj/libs/STM32F4xx_StdPeriph_Driver/src/stm32f4xx_usart.o
                0x08005274                USART_Init
 .text.USART_Cmd
                0x08005420       0x40 obj/libs/STM32F4xx_StdPeriph_Driver/src/stm32f4xx_usart.o
                0x08005420                USART_Cmd
 .text.USART_SendData
                0x08005460       0x28 obj/libs/STM32F4xx_StdPeriph_Driver/src/stm32f4xx_usart.o
                0x08005460                USART_SendData
 .text.USART_ReceiveData
                0x08005488       0x24 obj/libs/STM32F4xx_StdPeriph_Driver/src/stm32f4xx_usart.o
                0x08005488                USART_ReceiveData
 .text.USART_GetFlagStatus
                0x080054ac       0x40 obj/libs/STM32F4xx_StdPeriph_Driver/src/stm32f4xx_usart.o
                0x080054ac                USART_GetFlagStatus
 .text.startup  0x080054ec       0x18 /usr/local/csl/arm-2012.03/bin/../lib/gcc/arm-none-eabi/4.6.3/../../../../arm-none-eabi/lib/thumb2/libc.a(lib_a-__call_atexit.o)
 *(.rodata)
 .rodata        0x08005504       0x38 obj/src/main.o
 .rodata        0x0800553c       0x30 obj/src/shell.o
 .rodata        0x0800556c       0x74 obj/FreeRTOS/Source/tasks.o
 .rodata        0x080055e0        0x4 /usr/local/csl/arm-2012.03/bin/../lib/gcc/arm-none-eabi/4.6.3/../../../../arm-none-eabi/lib/thumb2/libc.a(lib_a-impure.o)
                0x080055e0                _global_impure_ptr
 .rodata        0x080055e4       0x60 /usr/local/csl/arm-2012.03/bin/../lib/gcc/arm-none-eabi/4.6.3/../../../../arm-none-eabi/lib/thumb2/libc.a(lib_a-findfp.o)
                0x080055e4                __sf_fake_stderr
                0x08005604                __sf_fake_stdout
                0x08005624                __sf_fake_stdin
 *(.rodata*)
 .rodata.cmd_data
                0x08005644        0xc obj/src/shell.o
                0x08005644                cmd_data
 .rodata.GPIO_PIN
                0x08005650        0x8 obj/src/stm32f4_discovery.o
                0x08005650                GPIO_PIN
 .rodata.BUTTON_PIN
                0x08005658        0x4 obj/src/stm32f4_discovery.o
                0x08005658                BUTTON_PIN
 .rodata.BUTTON_CLK
                0x0800565c        0x4 obj/src/stm32f4_discovery.o
                0x0800565c                BUTTON_CLK
 .rodata.BUTTON_EXTI_LINE
                0x08005660        0x4 obj/src/stm32f4_discovery.o
                0x08005660                BUTTON_EXTI_LINE
 .rodata.BUTTON_PORT_SOURCE
                0x08005664        0x4 obj/src/stm32f4_discovery.o
                0x08005664                BUTTON_PORT_SOURCE
 .rodata.BUTTON_PIN_SOURCE
                0x08005668        0x4 obj/src/stm32f4_discovery.o
                0x08005668                BUTTON_PIN_SOURCE
 .rodata.BUTTON_IRQn
                0x0800566c        0x4 obj/src/stm32f4_discovery.o
                0x0800566c                BUTTON_IRQn
 .rodata.str1.4
                0x08005670        0x4 /usr/local/csl/arm-2012.03/bin/../lib/gcc/arm-none-eabi/4.6.3/../../../../arm-none-eabi/lib/thumb2/libc.a(lib_a-impure.o)
 *(.glue_7)
 .glue_7        0x00000000        0x0 linker stubs
 *(.glue_7t)
 .glue_7t       0x00000000        0x0 linker stubs
 *(.eh_frame)
 .eh_frame      0x08005674        0x0 /usr/local/csl/arm-2012.03/bin/../lib/gcc/arm-none-eabi/4.6.3/thumb2/crtbegin.o
 *(.init)
 .init          0x08005674        0x4 /usr/local/csl/arm-2012.03/bin/../lib/gcc/arm-none-eabi/4.6.3/thumb2/crti.o
                0x08005674                _init
 .init          0x08005678        0x8 /usr/local/csl/arm-2012.03/bin/../lib/gcc/arm-none-eabi/4.6.3/thumb2/crtn.o
 *(.fini)
 .fini          0x08005680        0x4 /usr/local/csl/arm-2012.03/bin/../lib/gcc/arm-none-eabi/4.6.3/thumb2/crti.o
                0x08005680                _fini
 .fini          0x08005684        0x8 /usr/local/csl/arm-2012.03/bin/../lib/gcc/arm-none-eabi/4.6.3/thumb2/crtn.o
                0x0800568c                . = ALIGN (0x4)
                0x0800568c                _etext = .

.vfp11_veneer   0x0800568c        0x0
 .vfp11_veneer  0x00000000        0x0 linker stubs

.v4_bx          0x0800568c        0x0
 .v4_bx         0x00000000        0x0 linker stubs

.iplt           0x0800568c        0x0
 .iplt          0x00000000        0x0 /usr/local/csl/arm-2012.03/bin/../lib/gcc/arm-none-eabi/4.6.3/thumb2/crtbegin.o

.rel.dyn        0x0800568c        0x0
 .rel.iplt      0x00000000        0x0 /usr/local/csl/arm-2012.03/bin/../lib/gcc/arm-none-eabi/4.6.3/thumb2/crtbegin.o

.ARM.extab
 *(.ARM.extab* .gnu.linkonce.armextab.*)

.ARM            0x0800568c        0x0
                0x0800568c                __exidx_start = .
 *(.ARM.exidx*)
                0x0800568c                __exidx_end = .

.preinit_array  0x0800568c        0x0
                0x0800568c                PROVIDE (__preinit_array_start, .)
 *(.preinit_array*)
                0x0800568c                PROVIDE (__preinit_array_end, .)

.init_array     0x0800568c        0x8
                0x0800568c                PROVIDE (__init_array_start, .)
 *(SORT(.init_array.*))
 .init_array.00000
                0x0800568c        0x4 /usr/local/csl/arm-2012.03/bin/../lib/gcc/arm-none-eabi/4.6.3/../../../../arm-none-eabi/lib/thumb2/libc.a(lib_a-__call_atexit.o)
 *(.init_array*)
 .init_array    0x08005690        0x4 /usr/local/csl/arm-2012.03/bin/../lib/gcc/arm-none-eabi/4.6.3/thumb2/crtbegin.o
                0x08005694                PROVIDE (__init_array_end, .)

.fini_array     0x08005694        0x4
                0x08005694                PROVIDE (__fini_array_start, .)
 *(.fini_array*)
 .fini_array    0x08005694        0x4 /usr/local/csl/arm-2012.03/bin/../lib/gcc/arm-none-eabi/4.6.3/thumb2/crtbegin.o
 *(SORT(.fini_array.*))
                0x08005698                PROVIDE (__fini_array_end, .)
                0x08005698                _sidata = .

.data           0x20000000      0x560 load address 0x08005698
                0x20000000                . = ALIGN (0x4)
                0x20000000                _sdata = .
 *(.data)
 .data          0x20000000       0xf4 /usr/local/csl/arm-2012.03/bin/../lib/gcc/arm-none-eabi/4.6.3/../../../../arm-none-eabi/lib/thumb2/libc.a(lib_a-impure.o)
                0x20000000                _impure_ptr
 .data          0x200000f4      0x410 /usr/local/csl/arm-2012.03/bin/../lib/gcc/arm-none-eabi/4.6.3/../../../../arm-none-eabi/lib/thumb2/libc.a(lib_a-mallocr.o)
                0x200000f4                __malloc_av_
                0x200004fc                __malloc_sbrk_base
                0x20000500                __malloc_trim_threshold
 *(.data*)
 .data.rx_buf   0x20000504       0x10 obj/src/uart.o
 .data.tx_buf   0x20000514       0x10 obj/src/uart.o
 .data.SystemCoreClock
                0x20000524        0x4 obj/src/system_stm32f4xx.o
                0x20000524                SystemCoreClock
 .data.__malloc_margin
                0x20000528        0x4 obj/src/syscalls.o
                0x20000528                __malloc_margin
 .data.next_line
                0x2000052c        0x4 obj/src/shell.o
                0x2000052c                next_line
 .data.GPIO_PORT
                0x20000530       0x10 obj/src/stm32f4_discovery.o
                0x20000530                GPIO_PORT
 .data.BUTTON_PORT
                0x20000540        0x4 obj/src/stm32f4_discovery.o
                0x20000540                BUTTON_PORT
 .data.LIS3DSHTimeout
                0x20000544        0x4 obj/src/stm32f4_discovery_lis3dsh.o
                0x20000544                LIS3DSHTimeout
 .data.xNextTaskUnblockTime
                0x20000548        0x4 obj/FreeRTOS/Source/tasks.o
 .data.uxCriticalNesting
                0x2000054c        0x4 obj/FreeRTOS/Source/portable/GCC/ARM_CM4F/port.o
 .data.APBAHBPrescTable
                0x20000550       0x10 obj/libs/STM32F4xx_StdPeriph_Driver/src/stm32f4xx_rcc.o
                0x20000560                . = ALIGN (0x4)
                0x20000560                _edata = .

.jcr            0x20000560        0x0 load address 0x08005bf8
 .jcr           0x20000560        0x0 /usr/local/csl/arm-2012.03/bin/../lib/gcc/arm-none-eabi/4.6.3/thumb2/crtbegin.o

.igot.plt       0x20000560        0x0 load address 0x08005bf8
 .igot.plt      0x00000000        0x0 /usr/local/csl/arm-2012.03/bin/../lib/gcc/arm-none-eabi/4.6.3/thumb2/crtbegin.o
                0x20000560                . = ALIGN (0x4)

.bss            0x20000560      0x294 load address 0x08005bf8
                0x20000560                _sbss = .
                0x20000560                __bss_start__ = _sbss
 *(.bss)
 .bss           0x20000560       0x1c /usr/local/csl/arm-2012.03/bin/../lib/gcc/arm-none-eabi/4.6.3/thumb2/crtbegin.o
 .bss           0x2000057c       0x34 /usr/local/csl/arm-2012.03/bin/../lib/gcc/arm-none-eabi/4.6.3/../../../../arm-none-eabi/lib/thumb2/libc.a(lib_a-mallocr.o)
                0x2000057c                __malloc_top_pad
                0x20000580                __malloc_current_mallinfo
                0x200005a8                __malloc_max_sbrked_mem
                0x200005ac                __malloc_max_total_mem
 *(.bss*)
 .bss.__compound_literal.0
                0x200005b0       0x80 obj/src/uart.o
 .bss.__compound_literal.1
                0x20000630       0x80 obj/src/uart.o
 .bss.uart_stats
                0x200006b0        0xc obj/src/uart.o
 .bss.t0.7203   0x200006bc        0x2 obj/src/ustime.o
 *fill*         0x200006be        0x2 00
 .bss.tickcount.7204
                0x200006c0        0x8 obj/src/ustime.o
 .bss.cur_his   0x200006c8        0x4 obj/src/shell.o
                0x200006c8                cur_his
 .bss.pxCurrentTCB
                0x200006cc        0x4 obj/FreeRTOS/Source/tasks.o
                0x200006cc                pxCurrentTCB
 .bss.pxReadyTasksLists
                0x200006d0       0x64 obj/FreeRTOS/Source/tasks.o
 .bss.xDelayedTaskList1
                0x20000734       0x14 obj/FreeRTOS/Source/tasks.o
 .bss.xDelayedTaskList2
                0x20000748       0x14 obj/FreeRTOS/Source/tasks.o
 .bss.pxDelayedTaskList
                0x2000075c        0x4 obj/FreeRTOS/Source/tasks.o
 .bss.pxOverflowDelayedTaskList
                0x20000760        0x4 obj/FreeRTOS/Source/tasks.o
 .bss.xPendingReadyList
                0x20000764       0x14 obj/FreeRTOS/Source/tasks.o
 .bss.xTasksWaitingTermination
                0x20000778       0x14 obj/FreeRTOS/Source/tasks.o
 .bss.uxTasksDeleted
                0x2000078c        0x4 obj/FreeRTOS/Source/tasks.o
 .bss.xSuspendedTaskList
                0x20000790       0x14 obj/FreeRTOS/Source/tasks.o
 .bss.xIdleTaskHandle
                0x200007a4        0x4 obj/FreeRTOS/Source/tasks.o
 .bss.uxCurrentNumberOfTasks
                0x200007a8        0x4 obj/FreeRTOS/Source/tasks.o
 .bss.xTickCount
                0x200007ac        0x4 obj/FreeRTOS/Source/tasks.o
 .bss.uxTopUsedPriority
                0x200007b0        0x4 obj/FreeRTOS/Source/tasks.o
 .bss.uxTopReadyPriority
                0x200007b4        0x4 obj/FreeRTOS/Source/tasks.o
 .bss.xSchedulerRunning
                0x200007b8        0x4 obj/FreeRTOS/Source/tasks.o
 .bss.uxSchedulerSuspended
                0x200007bc        0x4 obj/FreeRTOS/Source/tasks.o
 .bss.uxMissedTicks
                0x200007c0        0x4 obj/FreeRTOS/Source/tasks.o
 .bss.xMissedYield
                0x200007c4        0x4 obj/FreeRTOS/Source/tasks.o
 .bss.xNumOfOverflows
                0x200007c8        0x4 obj/FreeRTOS/Source/tasks.o
 .bss.uxTaskNumber
                0x200007cc        0x4 obj/FreeRTOS/Source/tasks.o
 .bss.ulTaskSwitchedInTime
                0x200007d0        0x4 obj/FreeRTOS/Source/tasks.o
 *(COMMON)
 COMMON         0x200007d4        0xc obj/src/main.o
                0x200007d4                xQueueUARTSend
                0x200007d8                xQueueShell2PWM
                0x200007dc                xQueueUARTRecvie
 COMMON         0x200007e0        0x4 obj/src/syscalls.o
                0x200007e0                __brkval
 COMMON         0x200007e4        0xe obj/src/shell.o
                0x200007e4                CMD_TYPE
                0x200007e8                cmd
                0x200007f4                . = ALIGN (0x4)
 *fill*         0x200007f2        0x2 00
                0x200007f4                _ebss = .
                0x200007f4                __bss_end__ = _ebss

._user_heap_stack
                0x200007f4      0x400 load address 0x08005bf8
                0x200007f4                . = ALIGN (0x4)
                0x200007f4                PROVIDE (end, .)
                0x200007f4                PROVIDE (_end, .)
                0x200007f4                . = (. + _Min_Heap_Size)
                0x20000bf4                . = (. + _Min_Stack_Size)
 *fill*         0x200007f4      0x400 00
                0x20000bf4                . = ALIGN (0x4)

.memory_b1_text
 *(.mb1text)
 *(.mb1text*)
 *(.mb1rodata)
 *(.mb1rodata*)

/DISCARD/
 libc.a(*)
 libm.a(*)
 libgcc.a(*)

.ARM.attributes
                0x00000000       0x35
 *(.ARM.attributes)
 .ARM.attributes
                0x00000000       0x1b /usr/local/csl/arm-2012.03/bin/../lib/gcc/arm-none-eabi/4.6.3/thumb2/crti.o
 .ARM.attributes
                0x0000001b       0x2b /usr/local/csl/arm-2012.03/bin/../lib/gcc/arm-none-eabi/4.6.3/thumb2/crtbegin.o
 .ARM.attributes
                0x00000046       0x39 obj/src/uart.o
 .ARM.attributes
                0x0000007f       0x39 obj/src/ustime.o
 .ARM.attributes
                0x000000b8       0x39 obj/src/main.o
 .ARM.attributes
                0x000000f1       0x21 obj/src/startup_stm32f4xx.o
 .ARM.attributes
                0x00000112       0x39 obj/src/system_stm32f4xx.o
 .ARM.attributes
                0x0000014b       0x39 obj/src/syscalls.o
 .ARM.attributes
                0x00000184       0x39 obj/src/shell.o
 .ARM.attributes
                0x000001bd       0x39 obj/src/stm32f4_discovery.o
 .ARM.attributes
                0x000001f6       0x39 obj/src/stm32f4_discovery_lis3dsh.o
 .ARM.attributes
                0x0000022f       0x39 obj/src/hw_config.o
 .ARM.attributes
                0x00000268       0x39 obj/FreeRTOS/Source/tasks.o
 .ARM.attributes
                0x000002a1       0x39 obj/FreeRTOS/Source/queue.o
 .ARM.attributes
                0x000002da       0x39 obj/FreeRTOS/Source/list.o
 .ARM.attributes
                0x00000313       0x39 obj/FreeRTOS/Source/portable/GCC/ARM_CM4F/port.o
 .ARM.attributes
                0x0000034c       0x39 obj/libs/STM32F4xx_StdPeriph_Driver/src/misc.o
 .ARM.attributes
                0x00000385       0x39 obj/libs/STM32F4xx_StdPeriph_Driver/src/stm32f4xx_exti.o
 .ARM.attributes
                0x000003be       0x39 obj/libs/STM32F4xx_StdPeriph_Driver/src/stm32f4xx_gpio.o
 .ARM.attributes
                0x000003f7       0x39 obj/libs/STM32F4xx_StdPeriph_Driver/src/stm32f4xx_rcc.o
 .ARM.attributes
                0x00000430       0x39 obj/libs/STM32F4xx_StdPeriph_Driver/src/stm32f4xx_spi.o
 .ARM.attributes
                0x00000469       0x39 obj/libs/STM32F4xx_StdPeriph_Driver/src/stm32f4xx_syscfg.o
 .ARM.attributes
                0x000004a2       0x39 obj/libs/STM32F4xx_StdPeriph_Driver/src/stm32f4xx_tim.o
 .ARM.attributes
                0x000004db       0x39 obj/libs/STM32F4xx_StdPeriph_Driver/src/stm32f4xx_usart.o
 .ARM.attributes
                0x00000514       0x2b /usr/local/csl/arm-2012.03/bin/../lib/gcc/arm-none-eabi/4.6.3/../../../../arm-none-eabi/lib/thumb2/libc.a(lib_a-impure.o)
 .ARM.attributes
                0x0000053f       0x2b /usr/local/csl/arm-2012.03/bin/../lib/gcc/arm-none-eabi/4.6.3/../../../../arm-none-eabi/lib/thumb2/libc.a(lib_a-init.o)
 .ARM.attributes
                0x0000056a       0x2b /usr/local/csl/arm-2012.03/bin/../lib/gcc/arm-none-eabi/4.6.3/../../../../arm-none-eabi/lib/thumb2/libc.a(lib_a-malloc.o)
 .ARM.attributes
                0x00000595       0x2b /usr/local/csl/arm-2012.03/bin/../lib/gcc/arm-none-eabi/4.6.3/../../../../arm-none-eabi/lib/thumb2/libc.a(lib_a-mallocr.o)
 .ARM.attributes
                0x000005c0       0x2b /usr/local/csl/arm-2012.03/bin/../lib/gcc/arm-none-eabi/4.6.3/../../../../arm-none-eabi/lib/thumb2/libc.a(lib_a-__call_atexit.o)
 .ARM.attributes
                0x000005eb       0x2b /usr/local/csl/arm-2012.03/bin/../lib/gcc/arm-none-eabi/4.6.3/../../../../arm-none-eabi/lib/thumb2/libc.a(lib_a-atexit.o)
 .ARM.attributes
                0x00000616       0x2b /usr/local/csl/arm-2012.03/bin/../lib/gcc/arm-none-eabi/4.6.3/../../../../arm-none-eabi/lib/thumb2/libc.a(lib_a-findfp.o)
 .ARM.attributes
                0x00000641       0x2b /usr/local/csl/arm-2012.03/bin/../lib/gcc/arm-none-eabi/4.6.3/../../../../arm-none-eabi/lib/thumb2/libc.a(lib_a-fini.o)
 .ARM.attributes
                0x0000066c       0x2b /usr/local/csl/arm-2012.03/bin/../lib/gcc/arm-none-eabi/4.6.3/../../../../arm-none-eabi/lib/thumb2/libc.a(lib_a-freer.o)
 .ARM.attributes
                0x00000697       0x2b /usr/local/csl/arm-2012.03/bin/../lib/gcc/arm-none-eabi/4.6.3/../../../../arm-none-eabi/lib/thumb2/libc.a(lib_a-__atexit.o)
 .ARM.attributes
                0x000006c2       0x1b /usr/local/csl/arm-2012.03/bin/../lib/gcc/arm-none-eabi/4.6.3/thumb2/crtn.o
OUTPUT(obj/STM32F4_Test.elf elf32-littlearm)

.debug_info     0x00000000     0xccbb
 .debug_info    0x00000000     0x1350 obj/src/uart.o
 .debug_info    0x00001350      0x5fe obj/src/ustime.o
 .debug_info    0x0000194e      0xfc6 obj/src/main.o
 .debug_info    0x00002914      0x5ef obj/src/system_stm32f4xx.o
 .debug_info    0x00002f03      0xddd obj/src/syscalls.o
 .debug_info    0x00003ce0      0x459 obj/src/shell.o
 .debug_info    0x00004139      0x8b1 obj/src/stm32f4_discovery.o
 .debug_info    0x000049ea      0x752 obj/src/stm32f4_discovery_lis3dsh.o
 .debug_info    0x0000513c      0xa52 obj/src/hw_config.o
 .debug_info    0x00005b8e     0x11ce obj/FreeRTOS/Source/tasks.o
 .debug_info    0x00006d5c      0x781 obj/FreeRTOS/Source/queue.o
 .debug_info    0x000074dd      0x2cc obj/FreeRTOS/Source/list.o
 .debug_info    0x000077a9      0x242 obj/FreeRTOS/Source/portable/GCC/ARM_CM4F/port.o
 .debug_info    0x000079eb      0x58a obj/libs/STM32F4xx_StdPeriph_Driver/src/misc.o
 .debug_info    0x00007f75      0x368 obj/libs/STM32F4xx_StdPeriph_Driver/src/stm32f4xx_exti.o
 .debug_info    0x000082dd      0x62f obj/libs/STM32F4xx_StdPeriph_Driver/src/stm32f4xx_gpio.o
 .debug_info    0x0000890c      0xd1a obj/libs/STM32F4xx_StdPeriph_Driver/src/stm32f4xx_rcc.o
 .debug_info    0x00009626      0xbc2 obj/libs/STM32F4xx_StdPeriph_Driver/src/stm32f4xx_spi.o
 .debug_info    0x0000a1e8      0x270 obj/libs/STM32F4xx_StdPeriph_Driver/src/stm32f4xx_syscfg.o
 .debug_info    0x0000a458     0x1e1e obj/libs/STM32F4xx_StdPeriph_Driver/src/stm32f4xx_tim.o
 .debug_info    0x0000c276      0xa45 obj/libs/STM32F4xx_StdPeriph_Driver/src/stm32f4xx_usart.o

.debug_abbrev   0x00000000     0x2024
 .debug_abbrev  0x00000000      0x220 obj/src/uart.o
 .debug_abbrev  0x00000220      0x11b obj/src/ustime.o
 .debug_abbrev  0x0000033b      0x2da obj/src/main.o
 .debug_abbrev  0x00000615      0x131 obj/src/system_stm32f4xx.o
 .debug_abbrev  0x00000746      0x1fe obj/src/syscalls.o
 .debug_abbrev  0x00000944      0x21d obj/src/shell.o
 .debug_abbrev  0x00000b61      0x167 obj/src/stm32f4_discovery.o
 .debug_abbrev  0x00000cc8      0x16d obj/src/stm32f4_discovery_lis3dsh.o
 .debug_abbrev  0x00000e35      0x172 obj/src/hw_config.o
 .debug_abbrev  0x00000fa7      0x1c5 obj/FreeRTOS/Source/tasks.o
 .debug_abbrev  0x0000116c      0x13c obj/FreeRTOS/Source/queue.o
 .debug_abbrev  0x000012a8       0xb4 obj/FreeRTOS/Source/list.o
 .debug_abbrev  0x0000135c      0x186 obj/FreeRTOS/Source/portable/GCC/ARM_CM4F/port.o
 .debug_abbrev  0x000014e2      0x128 obj/libs/STM32F4xx_StdPeriph_Driver/src/misc.o
 .debug_abbrev  0x0000160a      0x19a obj/libs/STM32F4xx_StdPeriph_Driver/src/stm32f4xx_exti.o
 .debug_abbrev  0x000017a4      0x184 obj/libs/STM32F4xx_StdPeriph_Driver/src/stm32f4xx_gpio.o
 .debug_abbrev  0x00001928      0x1b9 obj/libs/STM32F4xx_StdPeriph_Driver/src/stm32f4xx_rcc.o
 .debug_abbrev  0x00001ae1      0x162 obj/libs/STM32F4xx_StdPeriph_Driver/src/stm32f4xx_spi.o
 .debug_abbrev  0x00001c43      0x12c obj/libs/STM32F4xx_StdPeriph_Driver/src/stm32f4xx_syscfg.o
 .debug_abbrev  0x00001d6f      0x165 obj/libs/STM32F4xx_StdPeriph_Driver/src/stm32f4xx_tim.o
 .debug_abbrev  0x00001ed4      0x150 obj/libs/STM32F4xx_StdPeriph_Driver/src/stm32f4xx_usart.o

.debug_loc      0x00000000     0x50ee
 .debug_loc     0x00000000      0x1b4 obj/src/uart.o
 .debug_loc     0x000001b4       0xe0 obj/src/ustime.o
 .debug_loc     0x00000294      0x66e obj/src/main.o
 .debug_loc     0x00000902       0x9c obj/src/system_stm32f4xx.o
 .debug_loc     0x0000099e      0x2a0 obj/src/syscalls.o
 .debug_loc     0x00000c3e       0xe2 obj/src/shell.o
 .debug_loc     0x00000d20      0x150 obj/src/stm32f4_discovery.o
 .debug_loc     0x00000e70      0x118 obj/src/stm32f4_discovery_lis3dsh.o
 .debug_loc     0x00000f88      0x1d4 obj/src/hw_config.o
 .debug_loc     0x0000115c      0x8f6 obj/FreeRTOS/Source/tasks.o
 .debug_loc     0x00001a52      0x380 obj/FreeRTOS/Source/queue.o
 .debug_loc     0x00001dd2      0x118 obj/FreeRTOS/Source/list.o
 .debug_loc     0x00001eea      0x178 obj/FreeRTOS/Source/portable/GCC/ARM_CM4F/port.o
 .debug_loc     0x00002062      0x118 obj/libs/STM32F4xx_StdPeriph_Driver/src/misc.o
 .debug_loc     0x0000217a      0x1b4 obj/libs/STM32F4xx_StdPeriph_Driver/src/stm32f4xx_exti.o
 .debug_loc     0x0000232e      0x310 obj/libs/STM32F4xx_StdPeriph_Driver/src/stm32f4xx_gpio.o
 .debug_loc     0x0000263e      0x97c obj/libs/STM32F4xx_StdPeriph_Driver/src/stm32f4xx_rcc.o
 .debug_loc     0x00002fba      0x578 obj/libs/STM32F4xx_StdPeriph_Driver/src/stm32f4xx_spi.o
 .debug_loc     0x00003532      0x144 obj/libs/STM32F4xx_StdPeriph_Driver/src/stm32f4xx_syscfg.o
 .debug_loc     0x00003676     0x1420 obj/libs/STM32F4xx_StdPeriph_Driver/src/stm32f4xx_tim.o
 .debug_loc     0x00004a96      0x658 obj/libs/STM32F4xx_StdPeriph_Driver/src/stm32f4xx_usart.o

.debug_aranges  0x00000000      0xdd0
 .debug_aranges
                0x00000000       0x58 obj/src/uart.o
 .debug_aranges
                0x00000058       0x38 obj/src/ustime.o
 .debug_aranges
                0x00000090      0x100 obj/src/main.o
 .debug_aranges
                0x00000190       0x30 obj/src/system_stm32f4xx.o
 .debug_aranges
                0x000001c0       0x78 obj/src/syscalls.o
 .debug_aranges
                0x00000238       0x40 obj/src/shell.o
 .debug_aranges
                0x00000278       0x48 obj/src/stm32f4_discovery.o
 .debug_aranges
                0x000002c0       0x40 obj/src/stm32f4_discovery_lis3dsh.o
 .debug_aranges
                0x00000300       0x60 obj/src/hw_config.o
 .debug_aranges
                0x00000360      0x168 obj/FreeRTOS/Source/tasks.o
 .debug_aranges
                0x000004c8       0x98 obj/FreeRTOS/Source/queue.o
 .debug_aranges
                0x00000560       0x40 obj/FreeRTOS/Source/list.o
 .debug_aranges
                0x000005a0       0x78 obj/FreeRTOS/Source/portable/GCC/ARM_CM4F/port.o
 .debug_aranges
                0x00000618       0x40 obj/libs/STM32F4xx_StdPeriph_Driver/src/misc.o
 .debug_aranges
                0x00000658       0x58 obj/libs/STM32F4xx_StdPeriph_Driver/src/stm32f4xx_exti.o
 .debug_aranges
                0x000006b0       0x88 obj/libs/STM32F4xx_StdPeriph_Driver/src/stm32f4xx_gpio.o
 .debug_aranges
                0x00000738      0x178 obj/libs/STM32F4xx_StdPeriph_Driver/src/stm32f4xx_rcc.o
 .debug_aranges
                0x000008b0       0xe0 obj/libs/STM32F4xx_StdPeriph_Driver/src/stm32f4xx_spi.o
 .debug_aranges
                0x00000990       0x48 obj/libs/STM32F4xx_StdPeriph_Driver/src/stm32f4xx_syscfg.o
 .debug_aranges
                0x000009d8      0x2f8 obj/libs/STM32F4xx_StdPeriph_Driver/src/stm32f4xx_tim.o
 .debug_aranges
                0x00000cd0      0x100 obj/libs/STM32F4xx_StdPeriph_Driver/src/stm32f4xx_usart.o

.debug_ranges   0x00000000      0xce0
 .debug_ranges  0x00000000       0x48 obj/src/uart.o
 .debug_ranges  0x00000048       0x40 obj/src/ustime.o
 .debug_ranges  0x00000088      0x108 obj/src/main.o
 .debug_ranges  0x00000190       0x20 obj/src/system_stm32f4xx.o
 .debug_ranges  0x000001b0       0x68 obj/src/syscalls.o
 .debug_ranges  0x00000218       0x60 obj/src/shell.o
 .debug_ranges  0x00000278       0x38 obj/src/stm32f4_discovery.o
 .debug_ranges  0x000002b0       0x30 obj/src/stm32f4_discovery_lis3dsh.o
 .debug_ranges  0x000002e0       0x50 obj/src/hw_config.o
 .debug_ranges  0x00000330      0x158 obj/FreeRTOS/Source/tasks.o
 .debug_ranges  0x00000488       0x88 obj/FreeRTOS/Source/queue.o
 .debug_ranges  0x00000510       0x30 obj/FreeRTOS/Source/list.o
 .debug_ranges  0x00000540       0x68 obj/FreeRTOS/Source/portable/GCC/ARM_CM4F/port.o
 .debug_ranges  0x000005a8       0x30 obj/libs/STM32F4xx_StdPeriph_Driver/src/misc.o
 .debug_ranges  0x000005d8       0x48 obj/libs/STM32F4xx_StdPeriph_Driver/src/stm32f4xx_exti.o
 .debug_ranges  0x00000620       0x78 obj/libs/STM32F4xx_StdPeriph_Driver/src/stm32f4xx_gpio.o
 .debug_ranges  0x00000698      0x168 obj/libs/STM32F4xx_StdPeriph_Driver/src/stm32f4xx_rcc.o
 .debug_ranges  0x00000800       0xd0 obj/libs/STM32F4xx_StdPeriph_Driver/src/stm32f4xx_spi.o
 .debug_ranges  0x000008d0       0x38 obj/libs/STM32F4xx_StdPeriph_Driver/src/stm32f4xx_syscfg.o
 .debug_ranges  0x00000908      0x2e8 obj/libs/STM32F4xx_StdPeriph_Driver/src/stm32f4xx_tim.o
 .debug_ranges  0x00000bf0       0xf0 obj/libs/STM32F4xx_StdPeriph_Driver/src/stm32f4xx_usart.o

.debug_line     0x00000000     0x4686
 .debug_line    0x00000000      0x338 obj/src/uart.o
 .debug_line    0x00000338      0x178 obj/src/ustime.o
 .debug_line    0x000004b0      0x6e2 obj/src/main.o
 .debug_line    0x00000b92      0x17d obj/src/system_stm32f4xx.o
 .debug_line    0x00000d0f      0x2c7 obj/src/syscalls.o
 .debug_line    0x00000fd6      0x1c6 obj/src/shell.o
 .debug_line    0x0000119c      0x1f0 obj/src/stm32f4_discovery.o
 .debug_line    0x0000138c      0x23a obj/src/stm32f4_discovery_lis3dsh.o
 .debug_line    0x000015c6      0x29a obj/src/hw_config.o
 .debug_line    0x00001860      0x80e obj/FreeRTOS/Source/tasks.o
 .debug_line    0x0000206e      0x3c5 obj/FreeRTOS/Source/queue.o
 .debug_line    0x00002433      0x1b3 obj/FreeRTOS/Source/list.o
 .debug_line    0x000025e6      0x26e obj/FreeRTOS/Source/portable/GCC/ARM_CM4F/port.o
 .debug_line    0x00002854      0x19f obj/libs/STM32F4xx_StdPeriph_Driver/src/misc.o
 .debug_line    0x000029f3      0x1ff obj/libs/STM32F4xx_StdPeriph_Driver/src/stm32f4xx_exti.o
 .debug_line    0x00002bf2      0x299 obj/libs/STM32F4xx_StdPeriph_Driver/src/stm32f4xx_gpio.o
 .debug_line    0x00002e8b      0x4f5 obj/libs/STM32F4xx_StdPeriph_Driver/src/stm32f4xx_rcc.o
 .debug_line    0x00003380      0x3ad obj/libs/STM32F4xx_StdPeriph_Driver/src/stm32f4xx_spi.o
 .debug_line    0x0000372d      0x188 obj/libs/STM32F4xx_StdPeriph_Driver/src/stm32f4xx_syscfg.o
 .debug_line    0x000038b5      0x9d3 obj/libs/STM32F4xx_StdPeriph_Driver/src/stm32f4xx_tim.o
 .debug_line    0x00004288      0x3fe obj/libs/STM32F4xx_StdPeriph_Driver/src/stm32f4xx_usart.o

.debug_str      0x00000000     0x4534
 .debug_str     0x00000000      0xd72 obj/src/uart.o
                                0xe00 (size before relaxing)
 .debug_str     0x00000d72      0x143 obj/src/ustime.o
                                0x316 (size before relaxing)
 .debug_str     0x00000eb5      0x3ad obj/src/main.o
                                0x5d6 (size before relaxing)
 .debug_str     0x00001262      0x104 obj/src/system_stm32f4xx.o
                                0x2f8 (size before relaxing)
 .debug_str     0x00001366      0x185 obj/src/syscalls.o
                                0x647 (size before relaxing)
 .debug_str     0x000014eb       0x98 obj/src/shell.o
                                0x1bc (size before relaxing)
 .debug_str     0x00001583      0x274 obj/src/stm32f4_discovery.o
                                0xa7e (size before relaxing)
 .debug_str     0x000017f7      0x2bf obj/src/stm32f4_discovery_lis3dsh.o
                                0x5b7 (size before relaxing)
 .debug_str     0x00001ab6      0x21b obj/src/hw_config.o
                                0x7a3 (size before relaxing)
 .debug_str     0x00001cd1      0x981 obj/FreeRTOS/Source/tasks.o
                                0xab9 (size before relaxing)
 .debug_str     0x00002652      0x2ac obj/FreeRTOS/Source/queue.o
                                0x49c (size before relaxing)
 .debug_str     0x000028fe       0xa3 obj/FreeRTOS/Source/list.o
                                0x212 (size before relaxing)
 .debug_str     0x000029a1      0x137 obj/FreeRTOS/Source/portable/GCC/ARM_CM4F/port.o
                                0x248 (size before relaxing)
 .debug_str     0x00002ad8      0x14e obj/libs/STM32F4xx_StdPeriph_Driver/src/misc.o
                                0x341 (size before relaxing)
 .debug_str     0x00002c26      0x102 obj/libs/STM32F4xx_StdPeriph_Driver/src/stm32f4xx_exti.o
                                0x2d6 (size before relaxing)
 .debug_str     0x00002d28      0x188 obj/libs/STM32F4xx_StdPeriph_Driver/src/stm32f4xx_gpio.o
                                0x40b (size before relaxing)
 .debug_str     0x00002eb0      0x4fe obj/libs/STM32F4xx_StdPeriph_Driver/src/stm32f4xx_rcc.o
                                0x7b8 (size before relaxing)
 .debug_str     0x000033ae      0x2e2 obj/libs/STM32F4xx_StdPeriph_Driver/src/stm32f4xx_spi.o
                                0x5f2 (size before relaxing)
 .debug_str     0x00003690      0x14e obj/libs/STM32F4xx_StdPeriph_Driver/src/stm32f4xx_syscfg.o
                                0x267 (size before relaxing)
 .debug_str     0x000037de      0x9c1 obj/libs/STM32F4xx_StdPeriph_Driver/src/stm32f4xx_tim.o
                                0xd38 (size before relaxing)
 .debug_str     0x0000419f      0x395 obj/libs/STM32F4xx_StdPeriph_Driver/src/stm32f4xx_usart.o
                                0x5f7 (size before relaxing)

.comment        0x00000000       0x30
 .comment       0x00000000       0x30 obj/src/uart.o
                                 0x31 (size before relaxing)
 .comment       0x00000000       0x31 obj/src/ustime.o
 .comment       0x00000000       0x31 obj/src/main.o
 .comment       0x00000000       0x31 obj/src/system_stm32f4xx.o
 .comment       0x00000000       0x31 obj/src/syscalls.o
 .comment       0x00000000       0x31 obj/src/shell.o
 .comment       0x00000000       0x31 obj/src/stm32f4_discovery.o
 .comment       0x00000000       0x31 obj/src/stm32f4_discovery_lis3dsh.o
 .comment       0x00000000       0x31 obj/src/hw_config.o
 .comment       0x00000000       0x31 obj/FreeRTOS/Source/tasks.o
 .comment       0x00000000       0x31 obj/FreeRTOS/Source/queue.o
 .comment       0x00000000       0x31 obj/FreeRTOS/Source/list.o
 .comment       0x00000000       0x31 obj/FreeRTOS/Source/portable/GCC/ARM_CM4F/port.o
 .comment       0x00000000       0x31 obj/libs/STM32F4xx_StdPeriph_Driver/src/misc.o
 .comment       0x00000000       0x31 obj/libs/STM32F4xx_StdPeriph_Driver/src/stm32f4xx_exti.o
 .comment       0x00000000       0x31 obj/libs/STM32F4xx_StdPeriph_Driver/src/stm32f4xx_gpio.o
 .comment       0x00000000       0x31 obj/libs/STM32F4xx_StdPeriph_Driver/src/stm32f4xx_rcc.o
 .comment       0x00000000       0x31 obj/libs/STM32F4xx_StdPeriph_Driver/src/stm32f4xx_spi.o
 .comment       0x00000000       0x31 obj/libs/STM32F4xx_StdPeriph_Driver/src/stm32f4xx_syscfg.o
 .comment       0x00000000       0x31 obj/libs/STM32F4xx_StdPeriph_Driver/src/stm32f4xx_tim.o
 .comment       0x00000000       0x31 obj/libs/STM32F4xx_StdPeriph_Driver/src/stm32f4xx_usart.o

.debug_frame    0x00000000     0x2f34
 .debug_frame   0x00000000      0x108 obj/src/uart.o
 .debug_frame   0x00000108       0x8c obj/src/ustime.o
 .debug_frame   0x00000194      0x39c obj/src/main.o
 .debug_frame   0x00000530       0x64 obj/src/system_stm32f4xx.o
 .debug_frame   0x00000594      0x174 obj/src/syscalls.o
 .debug_frame   0x00000708       0xa0 obj/src/shell.o
 .debug_frame   0x000007a8       0xc4 obj/src/stm32f4_discovery.o
 .debug_frame   0x0000086c       0xb0 obj/src/stm32f4_discovery_lis3dsh.o
 .debug_frame   0x0000091c      0x124 obj/src/hw_config.o
 .debug_frame   0x00000a40      0x540 obj/FreeRTOS/Source/tasks.o
 .debug_frame   0x00000f80      0x204 obj/FreeRTOS/Source/queue.o
 .debug_frame   0x00001184       0x9c obj/FreeRTOS/Source/list.o
 .debug_frame   0x00001220      0x134 obj/FreeRTOS/Source/portable/GCC/ARM_CM4F/port.o
 .debug_frame   0x00001354       0x9c obj/libs/STM32F4xx_StdPeriph_Driver/src/misc.o
 .debug_frame   0x000013f0       0xf0 obj/libs/STM32F4xx_StdPeriph_Driver/src/stm32f4xx_exti.o
 .debug_frame   0x000014e0      0x19c obj/libs/STM32F4xx_StdPeriph_Driver/src/stm32f4xx_gpio.o
 .debug_frame   0x0000167c      0x4e4 obj/libs/STM32F4xx_StdPeriph_Driver/src/stm32f4xx_rcc.o
 .debug_frame   0x00001b60      0x2d0 obj/libs/STM32F4xx_StdPeriph_Driver/src/stm32f4xx_spi.o
 .debug_frame   0x00001e30       0xbc obj/libs/STM32F4xx_StdPeriph_Driver/src/stm32f4xx_syscfg.o
 .debug_frame   0x00001eec      0xa3c obj/libs/STM32F4xx_StdPeriph_Driver/src/stm32f4xx_tim.o
 .debug_frame   0x00002928      0x344 obj/libs/STM32F4xx_StdPeriph_Driver/src/stm32f4xx_usart.o
 .debug_frame   0x00002c6c       0x2c /usr/local/csl/arm-2012.03/bin/../lib/gcc/arm-none-eabi/4.6.3/../../../../arm-none-eabi/lib/thumb2/libc.a(lib_a-init.o)
 .debug_frame   0x00002c98       0x30 /usr/local/csl/arm-2012.03/bin/../lib/gcc/arm-none-eabi/4.6.3/../../../../arm-none-eabi/lib/thumb2/libc.a(lib_a-malloc.o)
 .debug_frame   0x00002cc8       0x38 /usr/local/csl/arm-2012.03/bin/../lib/gcc/arm-none-eabi/4.6.3/../../../../arm-none-eabi/lib/thumb2/libc.a(lib_a-mallocr.o)
 .debug_frame   0x00002d00       0x48 /usr/local/csl/arm-2012.03/bin/../lib/gcc/arm-none-eabi/4.6.3/../../../../arm-none-eabi/lib/thumb2/libc.a(lib_a-__call_atexit.o)
 .debug_frame   0x00002d48       0x20 /usr/local/csl/arm-2012.03/bin/../lib/gcc/arm-none-eabi/4.6.3/../../../../arm-none-eabi/lib/thumb2/libc.a(lib_a-atexit.o)
 .debug_frame   0x00002d68      0x11c /usr/local/csl/arm-2012.03/bin/../lib/gcc/arm-none-eabi/4.6.3/../../../../arm-none-eabi/lib/thumb2/libc.a(lib_a-findfp.o)
 .debug_frame   0x00002e84       0x2c /usr/local/csl/arm-2012.03/bin/../lib/gcc/arm-none-eabi/4.6.3/../../../../arm-none-eabi/lib/thumb2/libc.a(lib_a-fini.o)
 .debug_frame   0x00002eb0       0x50 /usr/local/csl/arm-2012.03/bin/../lib/gcc/arm-none-eabi/4.6.3/../../../../arm-none-eabi/lib/thumb2/libc.a(lib_a-freer.o)
 .debug_frame   0x00002f00       0x34 /usr/local/csl/arm-2012.03/bin/../lib/gcc/arm-none-eabi/4.6.3/../../../../arm-none-eabi/lib/thumb2/libc.a(lib_a-__atexit.o)

Cross Reference Table

Symbol                                            File
ADC_AnalogWatchdogCmd                             obj/libs/STM32F4xx_StdPeriph_Driver/src/stm32f4xx_adc.o
ADC_AnalogWatchdogSingleChannelConfig             obj/libs/STM32F4xx_StdPeriph_Driver/src/stm32f4xx_adc.o
ADC_AnalogWatchdogThresholdsConfig                obj/libs/STM32F4xx_StdPeriph_Driver/src/stm32f4xx_adc.o
ADC_AutoInjectedConvCmd                           obj/libs/STM32F4xx_StdPeriph_Driver/src/stm32f4xx_adc.o
ADC_ClearFlag                                     obj/libs/STM32F4xx_StdPeriph_Driver/src/stm32f4xx_adc.o
ADC_ClearITPendingBit                             obj/libs/STM32F4xx_StdPeriph_Driver/src/stm32f4xx_adc.o
ADC_Cmd                                           obj/libs/STM32F4xx_StdPeriph_Driver/src/stm32f4xx_adc.o
ADC_CommonInit                                    obj/libs/STM32F4xx_StdPeriph_Driver/src/stm32f4xx_adc.o
ADC_CommonStructInit                              obj/libs/STM32F4xx_StdPeriph_Driver/src/stm32f4xx_adc.o
ADC_ContinuousModeCmd                             obj/libs/STM32F4xx_StdPeriph_Driver/src/stm32f4xx_adc.o
ADC_DMACmd                                        obj/libs/STM32F4xx_StdPeriph_Driver/src/stm32f4xx_adc.o
ADC_DMARequestAfterLastTransferCmd                obj/libs/STM32F4xx_StdPeriph_Driver/src/stm32f4xx_adc.o
ADC_DeInit                                        obj/libs/STM32F4xx_StdPeriph_Driver/src/stm32f4xx_adc.o
ADC_DiscModeChannelCountConfig                    obj/libs/STM32F4xx_StdPeriph_Driver/src/stm32f4xx_adc.o
ADC_DiscModeCmd                                   obj/libs/STM32F4xx_StdPeriph_Driver/src/stm32f4xx_adc.o
ADC_EOCOnEachRegularChannelCmd                    obj/libs/STM32F4xx_StdPeriph_Driver/src/stm32f4xx_adc.o
ADC_ExternalTrigInjectedConvConfig                obj/libs/STM32F4xx_StdPeriph_Driver/src/stm32f4xx_adc.o
ADC_ExternalTrigInjectedConvEdgeConfig            obj/libs/STM32F4xx_StdPeriph_Driver/src/stm32f4xx_adc.o
ADC_GetConversionValue                            obj/libs/STM32F4xx_StdPeriph_Driver/src/stm32f4xx_adc.o
ADC_GetFlagStatus                                 obj/libs/STM32F4xx_StdPeriph_Driver/src/stm32f4xx_adc.o
ADC_GetITStatus                                   obj/libs/STM32F4xx_StdPeriph_Driver/src/stm32f4xx_adc.o
ADC_GetInjectedConversionValue                    obj/libs/STM32F4xx_StdPeriph_Driver/src/stm32f4xx_adc.o
ADC_GetMultiModeConversionValue                   obj/libs/STM32F4xx_StdPeriph_Driver/src/stm32f4xx_adc.o
ADC_GetSoftwareStartConvStatus                    obj/libs/STM32F4xx_StdPeriph_Driver/src/stm32f4xx_adc.o
ADC_GetSoftwareStartInjectedConvCmdStatus         obj/libs/STM32F4xx_StdPeriph_Driver/src/stm32f4xx_adc.o
ADC_IRQHandler                                    obj/src/startup_stm32f4xx.o
ADC_ITConfig                                      obj/libs/STM32F4xx_StdPeriph_Driver/src/stm32f4xx_adc.o
ADC_Init                                          obj/libs/STM32F4xx_StdPeriph_Driver/src/stm32f4xx_adc.o
ADC_InjectedChannelConfig                         obj/libs/STM32F4xx_StdPeriph_Driver/src/stm32f4xx_adc.o
ADC_InjectedDiscModeCmd                           obj/libs/STM32F4xx_StdPeriph_Driver/src/stm32f4xx_adc.o
ADC_InjectedSequencerLengthConfig                 obj/libs/STM32F4xx_StdPeriph_Driver/src/stm32f4xx_adc.o
ADC_MultiModeDMARequestAfterLastTransferCmd       obj/libs/STM32F4xx_StdPeriph_Driver/src/stm32f4xx_adc.o
ADC_RegularChannelConfig                          obj/libs/STM32F4xx_StdPeriph_Driver/src/stm32f4xx_adc.o
ADC_SetInjectedOffset                             obj/libs/STM32F4xx_StdPeriph_Driver/src/stm32f4xx_adc.o
ADC_SoftwareStartConv                             obj/libs/STM32F4xx_StdPeriph_Driver/src/stm32f4xx_adc.o
ADC_SoftwareStartInjectedConv                     obj/libs/STM32F4xx_StdPeriph_Driver/src/stm32f4xx_adc.o
ADC_StructInit                                    obj/libs/STM32F4xx_StdPeriph_Driver/src/stm32f4xx_adc.o
ADC_TempSensorVrefintCmd                          obj/libs/STM32F4xx_StdPeriph_Driver/src/stm32f4xx_adc.o
ADC_VBATCmd                                       obj/libs/STM32F4xx_StdPeriph_Driver/src/stm32f4xx_adc.o
AHBPrescTable                                     obj/src/system_stm32f4xx.o
BUTTON_CLK                                        obj/src/stm32f4_discovery.o
BUTTON_EXTI_LINE                                  obj/src/stm32f4_discovery.o
BUTTON_IRQn                                       obj/src/stm32f4_discovery.o
BUTTON_PIN                                        obj/src/stm32f4_discovery.o
BUTTON_PIN_SOURCE                                 obj/src/stm32f4_discovery.o
BUTTON_PORT                                       obj/src/stm32f4_discovery.o
BUTTON_PORT_SOURCE                                obj/src/stm32f4_discovery.o
BusFault_Handler                                  obj/src/startup_stm32f4xx.o
CAN1_RX0_IRQHandler                               obj/src/startup_stm32f4xx.o
CAN1_RX1_IRQHandler                               obj/src/startup_stm32f4xx.o
CAN1_SCE_IRQHandler                               obj/src/startup_stm32f4xx.o
CAN1_TX_IRQHandler                                obj/src/startup_stm32f4xx.o
CAN2_RX0_IRQHandler                               obj/src/startup_stm32f4xx.o
CAN2_RX1_IRQHandler                               obj/src/startup_stm32f4xx.o
CAN2_SCE_IRQHandler                               obj/src/startup_stm32f4xx.o
CAN2_TX_IRQHandler                                obj/src/startup_stm32f4xx.o
CAN_CancelTransmit                                obj/libs/STM32F4xx_StdPeriph_Driver/src/stm32f4xx_can.o
CAN_ClearFlag                                     obj/libs/STM32F4xx_StdPeriph_Driver/src/stm32f4xx_can.o
CAN_ClearITPendingBit                             obj/libs/STM32F4xx_StdPeriph_Driver/src/stm32f4xx_can.o
CAN_DBGFreeze                                     obj/libs/STM32F4xx_StdPeriph_Driver/src/stm32f4xx_can.o
CAN_DeInit                                        obj/libs/STM32F4xx_StdPeriph_Driver/src/stm32f4xx_can.o
CAN_FIFORelease                                   obj/libs/STM32F4xx_StdPeriph_Driver/src/stm32f4xx_can.o
CAN_FilterInit                                    obj/libs/STM32F4xx_StdPeriph_Driver/src/stm32f4xx_can.o
CAN_GetFlagStatus                                 obj/libs/STM32F4xx_StdPeriph_Driver/src/stm32f4xx_can.o
CAN_GetITStatus                                   obj/libs/STM32F4xx_StdPeriph_Driver/src/stm32f4xx_can.o
CAN_GetLSBTransmitErrorCounter                    obj/libs/STM32F4xx_StdPeriph_Driver/src/stm32f4xx_can.o
CAN_GetLastErrorCode                              obj/libs/STM32F4xx_StdPeriph_Driver/src/stm32f4xx_can.o
CAN_GetReceiveErrorCounter                        obj/libs/STM32F4xx_StdPeriph_Driver/src/stm32f4xx_can.o
CAN_ITConfig                                      obj/libs/STM32F4xx_StdPeriph_Driver/src/stm32f4xx_can.o
CAN_Init                                          obj/libs/STM32F4xx_StdPeriph_Driver/src/stm32f4xx_can.o
CAN_MessagePending                                obj/libs/STM32F4xx_StdPeriph_Driver/src/stm32f4xx_can.o
CAN_OperatingModeRequest                          obj/libs/STM32F4xx_StdPeriph_Driver/src/stm32f4xx_can.o
CAN_Receive                                       obj/libs/STM32F4xx_StdPeriph_Driver/src/stm32f4xx_can.o
CAN_SlaveStartBank                                obj/libs/STM32F4xx_StdPeriph_Driver/src/stm32f4xx_can.o
CAN_Sleep                                         obj/libs/STM32F4xx_StdPeriph_Driver/src/stm32f4xx_can.o
CAN_StructInit                                    obj/libs/STM32F4xx_StdPeriph_Driver/src/stm32f4xx_can.o
CAN_TTComModeCmd                                  obj/libs/STM32F4xx_StdPeriph_Driver/src/stm32f4xx_can.o
CAN_Transmit                                      obj/libs/STM32F4xx_StdPeriph_Driver/src/stm32f4xx_can.o
CAN_TransmitStatus                                obj/libs/STM32F4xx_StdPeriph_Driver/src/stm32f4xx_can.o
CAN_WakeUp                                        obj/libs/STM32F4xx_StdPeriph_Driver/src/stm32f4xx_can.o
CMD_TYPE                                          obj/src/shell.o
CRC_CalcBlockCRC                                  obj/libs/STM32F4xx_StdPeriph_Driver/src/stm32f4xx_crc.o
CRC_CalcCRC                                       obj/libs/STM32F4xx_StdPeriph_Driver/src/stm32f4xx_crc.o
CRC_GetCRC                                        obj/libs/STM32F4xx_StdPeriph_Driver/src/stm32f4xx_crc.o
CRC_GetIDRegister                                 obj/libs/STM32F4xx_StdPeriph_Driver/src/stm32f4xx_crc.o
CRC_ResetDR                                       obj/libs/STM32F4xx_StdPeriph_Driver/src/stm32f4xx_crc.o
CRC_SetIDRegister                                 obj/libs/STM32F4xx_StdPeriph_Driver/src/stm32f4xx_crc.o
CRYP_AES_CBC                                      obj/libs/STM32F4xx_StdPeriph_Driver/src/stm32f4xx_cryp_aes.o
CRYP_AES_CTR                                      obj/libs/STM32F4xx_StdPeriph_Driver/src/stm32f4xx_cryp_aes.o
CRYP_AES_ECB                                      obj/libs/STM32F4xx_StdPeriph_Driver/src/stm32f4xx_cryp_aes.o
CRYP_Cmd                                          obj/libs/STM32F4xx_StdPeriph_Driver/src/stm32f4xx_cryp.o
                                                  obj/libs/STM32F4xx_StdPeriph_Driver/src/stm32f4xx_cryp_tdes.o
                                                  obj/libs/STM32F4xx_StdPeriph_Driver/src/stm32f4xx_cryp_des.o
                                                  obj/libs/STM32F4xx_StdPeriph_Driver/src/stm32f4xx_cryp_aes.o
CRYP_DES_CBC                                      obj/libs/STM32F4xx_StdPeriph_Driver/src/stm32f4xx_cryp_des.o
CRYP_DES_ECB                                      obj/libs/STM32F4xx_StdPeriph_Driver/src/stm32f4xx_cryp_des.o
CRYP_DMACmd                                       obj/libs/STM32F4xx_StdPeriph_Driver/src/stm32f4xx_cryp.o
CRYP_DataIn                                       obj/libs/STM32F4xx_StdPeriph_Driver/src/stm32f4xx_cryp.o
                                                  obj/libs/STM32F4xx_StdPeriph_Driver/src/stm32f4xx_cryp_tdes.o
                                                  obj/libs/STM32F4xx_StdPeriph_Driver/src/stm32f4xx_cryp_des.o
                                                  obj/libs/STM32F4xx_StdPeriph_Driver/src/stm32f4xx_cryp_aes.o
CRYP_DataOut                                      obj/libs/STM32F4xx_StdPeriph_Driver/src/stm32f4xx_cryp.o
                                                  obj/libs/STM32F4xx_StdPeriph_Driver/src/stm32f4xx_cryp_tdes.o
                                                  obj/libs/STM32F4xx_StdPeriph_Driver/src/stm32f4xx_cryp_des.o
                                                  obj/libs/STM32F4xx_StdPeriph_Driver/src/stm32f4xx_cryp_aes.o
CRYP_DeInit                                       obj/libs/STM32F4xx_StdPeriph_Driver/src/stm32f4xx_cryp.o
CRYP_FIFOFlush                                    obj/libs/STM32F4xx_StdPeriph_Driver/src/stm32f4xx_cryp.o
                                                  obj/libs/STM32F4xx_StdPeriph_Driver/src/stm32f4xx_cryp_tdes.o
                                                  obj/libs/STM32F4xx_StdPeriph_Driver/src/stm32f4xx_cryp_des.o
                                                  obj/libs/STM32F4xx_StdPeriph_Driver/src/stm32f4xx_cryp_aes.o
CRYP_GetFlagStatus                                obj/libs/STM32F4xx_StdPeriph_Driver/src/stm32f4xx_cryp.o
                                                  obj/libs/STM32F4xx_StdPeriph_Driver/src/stm32f4xx_cryp_tdes.o
                                                  obj/libs/STM32F4xx_StdPeriph_Driver/src/stm32f4xx_cryp_des.o
                                                  obj/libs/STM32F4xx_StdPeriph_Driver/src/stm32f4xx_cryp_aes.o
CRYP_GetITStatus                                  obj/libs/STM32F4xx_StdPeriph_Driver/src/stm32f4xx_cryp.o
CRYP_IRQHandler                                   obj/src/startup_stm32f4xx.o
CRYP_ITConfig                                     obj/libs/STM32F4xx_StdPeriph_Driver/src/stm32f4xx_cryp.o
CRYP_IVInit                                       obj/libs/STM32F4xx_StdPeriph_Driver/src/stm32f4xx_cryp.o
                                                  obj/libs/STM32F4xx_StdPeriph_Driver/src/stm32f4xx_cryp_tdes.o
                                                  obj/libs/STM32F4xx_StdPeriph_Driver/src/stm32f4xx_cryp_des.o
                                                  obj/libs/STM32F4xx_StdPeriph_Driver/src/stm32f4xx_cryp_aes.o
CRYP_IVStructInit                                 obj/libs/STM32F4xx_StdPeriph_Driver/src/stm32f4xx_cryp.o
CRYP_Init                                         obj/libs/STM32F4xx_StdPeriph_Driver/src/stm32f4xx_cryp.o
                                                  obj/libs/STM32F4xx_StdPeriph_Driver/src/stm32f4xx_cryp_tdes.o
                                                  obj/libs/STM32F4xx_StdPeriph_Driver/src/stm32f4xx_cryp_des.o
                                                  obj/libs/STM32F4xx_StdPeriph_Driver/src/stm32f4xx_cryp_aes.o
CRYP_KeyInit                                      obj/libs/STM32F4xx_StdPeriph_Driver/src/stm32f4xx_cryp.o
                                                  obj/libs/STM32F4xx_StdPeriph_Driver/src/stm32f4xx_cryp_tdes.o
                                                  obj/libs/STM32F4xx_StdPeriph_Driver/src/stm32f4xx_cryp_des.o
                                                  obj/libs/STM32F4xx_StdPeriph_Driver/src/stm32f4xx_cryp_aes.o
CRYP_KeyStructInit                                obj/libs/STM32F4xx_StdPeriph_Driver/src/stm32f4xx_cryp.o
                                                  obj/libs/STM32F4xx_StdPeriph_Driver/src/stm32f4xx_cryp_tdes.o
                                                  obj/libs/STM32F4xx_StdPeriph_Driver/src/stm32f4xx_cryp_des.o
                                                  obj/libs/STM32F4xx_StdPeriph_Driver/src/stm32f4xx_cryp_aes.o
CRYP_RestoreContext                               obj/libs/STM32F4xx_StdPeriph_Driver/src/stm32f4xx_cryp.o
CRYP_SaveContext                                  obj/libs/STM32F4xx_StdPeriph_Driver/src/stm32f4xx_cryp.o
CRYP_StructInit                                   obj/libs/STM32F4xx_StdPeriph_Driver/src/stm32f4xx_cryp.o
CRYP_TDES_CBC                                     obj/libs/STM32F4xx_StdPeriph_Driver/src/stm32f4xx_cryp_tdes.o
CRYP_TDES_ECB                                     obj/libs/STM32F4xx_StdPeriph_Driver/src/stm32f4xx_cryp_tdes.o
DAC_ClearFlag                                     obj/libs/STM32F4xx_StdPeriph_Driver/src/stm32f4xx_dac.o
DAC_ClearITPendingBit                             obj/libs/STM32F4xx_StdPeriph_Driver/src/stm32f4xx_dac.o
DAC_Cmd                                           obj/libs/STM32F4xx_StdPeriph_Driver/src/stm32f4xx_dac.o
DAC_DMACmd                                        obj/libs/STM32F4xx_StdPeriph_Driver/src/stm32f4xx_dac.o
DAC_DeInit                                        obj/libs/STM32F4xx_StdPeriph_Driver/src/stm32f4xx_dac.o
DAC_DualSoftwareTriggerCmd                        obj/libs/STM32F4xx_StdPeriph_Driver/src/stm32f4xx_dac.o
DAC_GetDataOutputValue                            obj/libs/STM32F4xx_StdPeriph_Driver/src/stm32f4xx_dac.o
DAC_GetFlagStatus                                 obj/libs/STM32F4xx_StdPeriph_Driver/src/stm32f4xx_dac.o
DAC_GetITStatus                                   obj/libs/STM32F4xx_StdPeriph_Driver/src/stm32f4xx_dac.o
DAC_ITConfig                                      obj/libs/STM32F4xx_StdPeriph_Driver/src/stm32f4xx_dac.o
DAC_Init                                          obj/libs/STM32F4xx_StdPeriph_Driver/src/stm32f4xx_dac.o
DAC_SetChannel1Data                               obj/libs/STM32F4xx_StdPeriph_Driver/src/stm32f4xx_dac.o
DAC_SetChannel2Data                               obj/libs/STM32F4xx_StdPeriph_Driver/src/stm32f4xx_dac.o
DAC_SetDualChannelData                            obj/libs/STM32F4xx_StdPeriph_Driver/src/stm32f4xx_dac.o
DAC_SoftwareTriggerCmd                            obj/libs/STM32F4xx_StdPeriph_Driver/src/stm32f4xx_dac.o
DAC_StructInit                                    obj/libs/STM32F4xx_StdPeriph_Driver/src/stm32f4xx_dac.o
DAC_WaveGenerationCmd                             obj/libs/STM32F4xx_StdPeriph_Driver/src/stm32f4xx_dac.o
DBGMCU_APB1PeriphConfig                           obj/libs/STM32F4xx_StdPeriph_Driver/src/stm32f4xx_dbgmcu.o
DBGMCU_APB2PeriphConfig                           obj/libs/STM32F4xx_StdPeriph_Driver/src/stm32f4xx_dbgmcu.o
DBGMCU_Config                                     obj/libs/STM32F4xx_StdPeriph_Driver/src/stm32f4xx_dbgmcu.o
DBGMCU_GetDEVID                                   obj/libs/STM32F4xx_StdPeriph_Driver/src/stm32f4xx_dbgmcu.o
DBGMCU_GetREVID                                   obj/libs/STM32F4xx_StdPeriph_Driver/src/stm32f4xx_dbgmcu.o
DCMI_CROPCmd                                      obj/libs/STM32F4xx_StdPeriph_Driver/src/stm32f4xx_dcmi.o
DCMI_CROPConfig                                   obj/libs/STM32F4xx_StdPeriph_Driver/src/stm32f4xx_dcmi.o
DCMI_CaptureCmd                                   obj/libs/STM32F4xx_StdPeriph_Driver/src/stm32f4xx_dcmi.o
DCMI_ClearFlag                                    obj/libs/STM32F4xx_StdPeriph_Driver/src/stm32f4xx_dcmi.o
DCMI_ClearITPendingBit                            obj/libs/STM32F4xx_StdPeriph_Driver/src/stm32f4xx_dcmi.o
DCMI_Cmd                                          obj/libs/STM32F4xx_StdPeriph_Driver/src/stm32f4xx_dcmi.o
DCMI_DeInit                                       obj/libs/STM32F4xx_StdPeriph_Driver/src/stm32f4xx_dcmi.o
DCMI_GetFlagStatus                                obj/libs/STM32F4xx_StdPeriph_Driver/src/stm32f4xx_dcmi.o
DCMI_GetITStatus                                  obj/libs/STM32F4xx_StdPeriph_Driver/src/stm32f4xx_dcmi.o
DCMI_IRQHandler                                   obj/src/startup_stm32f4xx.o
DCMI_ITConfig                                     obj/libs/STM32F4xx_StdPeriph_Driver/src/stm32f4xx_dcmi.o
DCMI_Init                                         obj/libs/STM32F4xx_StdPeriph_Driver/src/stm32f4xx_dcmi.o
DCMI_JPEGCmd                                      obj/libs/STM32F4xx_StdPeriph_Driver/src/stm32f4xx_dcmi.o
DCMI_ReadData                                     obj/libs/STM32F4xx_StdPeriph_Driver/src/stm32f4xx_dcmi.o
DCMI_SetEmbeddedSynchroCodes                      obj/libs/STM32F4xx_StdPeriph_Driver/src/stm32f4xx_dcmi.o
DCMI_StructInit                                   obj/libs/STM32F4xx_StdPeriph_Driver/src/stm32f4xx_dcmi.o
DMA1_Stream0_IRQHandler                           obj/src/startup_stm32f4xx.o
DMA1_Stream1_IRQHandler                           obj/src/startup_stm32f4xx.o
DMA1_Stream2_IRQHandler                           obj/src/startup_stm32f4xx.o
DMA1_Stream3_IRQHandler                           obj/src/startup_stm32f4xx.o
DMA1_Stream4_IRQHandler                           obj/src/startup_stm32f4xx.o
DMA1_Stream5_IRQHandler                           obj/src/startup_stm32f4xx.o
DMA1_Stream6_IRQHandler                           obj/src/startup_stm32f4xx.o
DMA1_Stream7_IRQHandler                           obj/src/startup_stm32f4xx.o
DMA2_Stream0_IRQHandler                           obj/src/startup_stm32f4xx.o
DMA2_Stream1_IRQHandler                           obj/src/startup_stm32f4xx.o
DMA2_Stream2_IRQHandler                           obj/src/startup_stm32f4xx.o
DMA2_Stream3_IRQHandler                           obj/src/startup_stm32f4xx.o
DMA2_Stream4_IRQHandler                           obj/src/startup_stm32f4xx.o
DMA2_Stream5_IRQHandler                           obj/src/startup_stm32f4xx.o
DMA2_Stream6_IRQHandler                           obj/src/startup_stm32f4xx.o
DMA2_Stream7_IRQHandler                           obj/src/startup_stm32f4xx.o
DMA_ClearFlag                                     obj/libs/STM32F4xx_StdPeriph_Driver/src/stm32f4xx_dma.o
DMA_ClearITPendingBit                             obj/libs/STM32F4xx_StdPeriph_Driver/src/stm32f4xx_dma.o
DMA_Cmd                                           obj/libs/STM32F4xx_StdPeriph_Driver/src/stm32f4xx_dma.o
DMA_DeInit                                        obj/libs/STM32F4xx_StdPeriph_Driver/src/stm32f4xx_dma.o
DMA_DoubleBufferModeCmd                           obj/libs/STM32F4xx_StdPeriph_Driver/src/stm32f4xx_dma.o
DMA_DoubleBufferModeConfig                        obj/libs/STM32F4xx_StdPeriph_Driver/src/stm32f4xx_dma.o
DMA_FlowControllerConfig                          obj/libs/STM32F4xx_StdPeriph_Driver/src/stm32f4xx_dma.o
DMA_GetCmdStatus                                  obj/libs/STM32F4xx_StdPeriph_Driver/src/stm32f4xx_dma.o
DMA_GetCurrDataCounter                            obj/libs/STM32F4xx_StdPeriph_Driver/src/stm32f4xx_dma.o
DMA_GetCurrentMemoryTarget                        obj/libs/STM32F4xx_StdPeriph_Driver/src/stm32f4xx_dma.o
DMA_GetFIFOStatus                                 obj/libs/STM32F4xx_StdPeriph_Driver/src/stm32f4xx_dma.o
DMA_GetFlagStatus                                 obj/libs/STM32F4xx_StdPeriph_Driver/src/stm32f4xx_dma.o
DMA_GetITStatus                                   obj/libs/STM32F4xx_StdPeriph_Driver/src/stm32f4xx_dma.o
DMA_ITConfig                                      obj/libs/STM32F4xx_StdPeriph_Driver/src/stm32f4xx_dma.o
DMA_Init                                          obj/libs/STM32F4xx_StdPeriph_Driver/src/stm32f4xx_dma.o
DMA_MemoryTargetConfig                            obj/libs/STM32F4xx_StdPeriph_Driver/src/stm32f4xx_dma.o
DMA_PeriphIncOffsetSizeConfig                     obj/libs/STM32F4xx_StdPeriph_Driver/src/stm32f4xx_dma.o
DMA_SetCurrDataCounter                            obj/libs/STM32F4xx_StdPeriph_Driver/src/stm32f4xx_dma.o
DMA_StructInit                                    obj/libs/STM32F4xx_StdPeriph_Driver/src/stm32f4xx_dma.o
DebugMon_Handler                                  obj/src/startup_stm32f4xx.o
Default_Handler                                   obj/src/startup_stm32f4xx.o
ETH_IRQHandler                                    obj/src/startup_stm32f4xx.o
ETH_WKUP_IRQHandler                               obj/src/startup_stm32f4xx.o
EXTI0_IRQHandler                                  obj/src/startup_stm32f4xx.o
EXTI15_10_IRQHandler                              obj/src/startup_stm32f4xx.o
EXTI1_IRQHandler                                  obj/src/startup_stm32f4xx.o
EXTI2_IRQHandler                                  obj/src/startup_stm32f4xx.o
EXTI3_IRQHandler                                  obj/src/startup_stm32f4xx.o
EXTI4_IRQHandler                                  obj/src/startup_stm32f4xx.o
EXTI9_5_IRQHandler                                obj/src/startup_stm32f4xx.o
EXTI_ClearFlag                                    obj/libs/STM32F4xx_StdPeriph_Driver/src/stm32f4xx_exti.o
EXTI_ClearITPendingBit                            obj/libs/STM32F4xx_StdPeriph_Driver/src/stm32f4xx_exti.o
EXTI_DeInit                                       obj/libs/STM32F4xx_StdPeriph_Driver/src/stm32f4xx_exti.o
EXTI_GenerateSWInterrupt                          obj/libs/STM32F4xx_StdPeriph_Driver/src/stm32f4xx_exti.o
EXTI_GetFlagStatus                                obj/libs/STM32F4xx_StdPeriph_Driver/src/stm32f4xx_exti.o
EXTI_GetITStatus                                  obj/libs/STM32F4xx_StdPeriph_Driver/src/stm32f4xx_exti.o
EXTI_Init                                         obj/libs/STM32F4xx_StdPeriph_Driver/src/stm32f4xx_exti.o
                                                  obj/src/stm32f4_discovery.o
EXTI_StructInit                                   obj/libs/STM32F4xx_StdPeriph_Driver/src/stm32f4xx_exti.o
FLASH_ClearFlag                                   obj/libs/STM32F4xx_StdPeriph_Driver/src/stm32f4xx_flash.o
FLASH_DataCacheCmd                                obj/libs/STM32F4xx_StdPeriph_Driver/src/stm32f4xx_flash.o
FLASH_DataCacheReset                              obj/libs/STM32F4xx_StdPeriph_Driver/src/stm32f4xx_flash.o
FLASH_EraseAllSectors                             obj/libs/STM32F4xx_StdPeriph_Driver/src/stm32f4xx_flash.o
FLASH_EraseSector                                 obj/libs/STM32F4xx_StdPeriph_Driver/src/stm32f4xx_flash.o
FLASH_GetFlagStatus                               obj/libs/STM32F4xx_StdPeriph_Driver/src/stm32f4xx_flash.o
FLASH_GetStatus                                   obj/libs/STM32F4xx_StdPeriph_Driver/src/stm32f4xx_flash.o
FLASH_IRQHandler                                  obj/src/startup_stm32f4xx.o
FLASH_ITConfig                                    obj/libs/STM32F4xx_StdPeriph_Driver/src/stm32f4xx_flash.o
FLASH_InstructionCacheCmd                         obj/libs/STM32F4xx_StdPeriph_Driver/src/stm32f4xx_flash.o
FLASH_InstructionCacheReset                       obj/libs/STM32F4xx_StdPeriph_Driver/src/stm32f4xx_flash.o
FLASH_Lock                                        obj/libs/STM32F4xx_StdPeriph_Driver/src/stm32f4xx_flash.o
FLASH_OB_BORConfig                                obj/libs/STM32F4xx_StdPeriph_Driver/src/stm32f4xx_flash.o
FLASH_OB_GetBOR                                   obj/libs/STM32F4xx_StdPeriph_Driver/src/stm32f4xx_flash.o
FLASH_OB_GetRDP                                   obj/libs/STM32F4xx_StdPeriph_Driver/src/stm32f4xx_flash.o
FLASH_OB_GetUser                                  obj/libs/STM32F4xx_StdPeriph_Driver/src/stm32f4xx_flash.o
FLASH_OB_GetWRP                                   obj/libs/STM32F4xx_StdPeriph_Driver/src/stm32f4xx_flash.o
FLASH_OB_Launch                                   obj/libs/STM32F4xx_StdPeriph_Driver/src/stm32f4xx_flash.o
FLASH_OB_Lock                                     obj/libs/STM32F4xx_StdPeriph_Driver/src/stm32f4xx_flash.o
FLASH_OB_RDPConfig                                obj/libs/STM32F4xx_StdPeriph_Driver/src/stm32f4xx_flash.o
FLASH_OB_Unlock                                   obj/libs/STM32F4xx_StdPeriph_Driver/src/stm32f4xx_flash.o
FLASH_OB_UserConfig                               obj/libs/STM32F4xx_StdPeriph_Driver/src/stm32f4xx_flash.o
FLASH_OB_WRPConfig                                obj/libs/STM32F4xx_StdPeriph_Driver/src/stm32f4xx_flash.o
FLASH_PrefetchBufferCmd                           obj/libs/STM32F4xx_StdPeriph_Driver/src/stm32f4xx_flash.o
FLASH_ProgramByte                                 obj/libs/STM32F4xx_StdPeriph_Driver/src/stm32f4xx_flash.o
FLASH_ProgramDoubleWord                           obj/libs/STM32F4xx_StdPeriph_Driver/src/stm32f4xx_flash.o
FLASH_ProgramHalfWord                             obj/libs/STM32F4xx_StdPeriph_Driver/src/stm32f4xx_flash.o
FLASH_ProgramWord                                 obj/libs/STM32F4xx_StdPeriph_Driver/src/stm32f4xx_flash.o
FLASH_SetLatency                                  obj/libs/STM32F4xx_StdPeriph_Driver/src/stm32f4xx_flash.o
FLASH_Unlock                                      obj/libs/STM32F4xx_StdPeriph_Driver/src/stm32f4xx_flash.o
FLASH_WaitForLastOperation                        obj/libs/STM32F4xx_StdPeriph_Driver/src/stm32f4xx_flash.o
FPU_IRQHandler                                    obj/src/startup_stm32f4xx.o
FSMC_ClearFlag                                    obj/libs/STM32F4xx_StdPeriph_Driver/src/stm32f4xx_fsmc.o
FSMC_ClearITPendingBit                            obj/libs/STM32F4xx_StdPeriph_Driver/src/stm32f4xx_fsmc.o
FSMC_GetECC                                       obj/libs/STM32F4xx_StdPeriph_Driver/src/stm32f4xx_fsmc.o
FSMC_GetFlagStatus                                obj/libs/STM32F4xx_StdPeriph_Driver/src/stm32f4xx_fsmc.o
FSMC_GetITStatus                                  obj/libs/STM32F4xx_StdPeriph_Driver/src/stm32f4xx_fsmc.o
FSMC_IRQHandler                                   obj/src/startup_stm32f4xx.o
FSMC_ITConfig                                     obj/libs/STM32F4xx_StdPeriph_Driver/src/stm32f4xx_fsmc.o
FSMC_NANDCmd                                      obj/libs/STM32F4xx_StdPeriph_Driver/src/stm32f4xx_fsmc.o
FSMC_NANDDeInit                                   obj/libs/STM32F4xx_StdPeriph_Driver/src/stm32f4xx_fsmc.o
FSMC_NANDECCCmd                                   obj/libs/STM32F4xx_StdPeriph_Driver/src/stm32f4xx_fsmc.o
FSMC_NANDInit                                     obj/libs/STM32F4xx_StdPeriph_Driver/src/stm32f4xx_fsmc.o
FSMC_NANDStructInit                               obj/libs/STM32F4xx_StdPeriph_Driver/src/stm32f4xx_fsmc.o
FSMC_NORSRAMCmd                                   obj/libs/STM32F4xx_StdPeriph_Driver/src/stm32f4xx_fsmc.o
FSMC_NORSRAMDeInit                                obj/libs/STM32F4xx_StdPeriph_Driver/src/stm32f4xx_fsmc.o
FSMC_NORSRAMInit                                  obj/libs/STM32F4xx_StdPeriph_Driver/src/stm32f4xx_fsmc.o
FSMC_NORSRAMStructInit                            obj/libs/STM32F4xx_StdPeriph_Driver/src/stm32f4xx_fsmc.o
FSMC_PCCARDCmd                                    obj/libs/STM32F4xx_StdPeriph_Driver/src/stm32f4xx_fsmc.o
FSMC_PCCARDDeInit                                 obj/libs/STM32F4xx_StdPeriph_Driver/src/stm32f4xx_fsmc.o
FSMC_PCCARDInit                                   obj/libs/STM32F4xx_StdPeriph_Driver/src/stm32f4xx_fsmc.o
FSMC_PCCARDStructInit                             obj/libs/STM32F4xx_StdPeriph_Driver/src/stm32f4xx_fsmc.o
GPIO_CLK                                          obj/src/stm32f4_discovery.o
GPIO_Configuration                                obj/src/hw_config.o
GPIO_DeInit                                       obj/libs/STM32F4xx_StdPeriph_Driver/src/stm32f4xx_gpio.o
GPIO_Init                                         obj/libs/STM32F4xx_StdPeriph_Driver/src/stm32f4xx_gpio.o
                                                  obj/src/hw_config.o
                                                  obj/src/stm32f4_discovery_lis3dsh.o
                                                  obj/src/stm32f4_discovery.o
                                                  obj/src/uart.o
GPIO_PIN                                          obj/src/stm32f4_discovery.o
GPIO_PORT                                         obj/src/stm32f4_discovery.o
GPIO_PinAFConfig                                  obj/libs/STM32F4xx_StdPeriph_Driver/src/stm32f4xx_gpio.o
                                                  obj/src/hw_config.o
                                                  obj/src/stm32f4_discovery_lis3dsh.o
                                                  obj/src/uart.o
GPIO_PinLockConfig                                obj/libs/STM32F4xx_StdPeriph_Driver/src/stm32f4xx_gpio.o
GPIO_ReadInputData                                obj/libs/STM32F4xx_StdPeriph_Driver/src/stm32f4xx_gpio.o
GPIO_ReadInputDataBit                             obj/libs/STM32F4xx_StdPeriph_Driver/src/stm32f4xx_gpio.o
                                                  obj/src/stm32f4_discovery.o
GPIO_ReadOutputData                               obj/libs/STM32F4xx_StdPeriph_Driver/src/stm32f4xx_gpio.o
GPIO_ReadOutputDataBit                            obj/libs/STM32F4xx_StdPeriph_Driver/src/stm32f4xx_gpio.o
GPIO_ResetBits                                    obj/libs/STM32F4xx_StdPeriph_Driver/src/stm32f4xx_gpio.o
                                                  obj/src/stm32f4_discovery_lis3dsh.o
GPIO_SetBits                                      obj/libs/STM32F4xx_StdPeriph_Driver/src/stm32f4xx_gpio.o
                                                  obj/src/stm32f4_discovery_lis3dsh.o
GPIO_StructInit                                   obj/libs/STM32F4xx_StdPeriph_Driver/src/stm32f4xx_gpio.o
GPIO_ToggleBits                                   obj/libs/STM32F4xx_StdPeriph_Driver/src/stm32f4xx_gpio.o
GPIO_Write                                        obj/libs/STM32F4xx_StdPeriph_Driver/src/stm32f4xx_gpio.o
GPIO_WriteBit                                     obj/libs/STM32F4xx_StdPeriph_Driver/src/stm32f4xx_gpio.o
HASH_ClearFlag                                    obj/libs/STM32F4xx_StdPeriph_Driver/src/stm32f4xx_hash.o
HASH_ClearITPendingBit                            obj/libs/STM32F4xx_StdPeriph_Driver/src/stm32f4xx_hash.o
HASH_DMACmd                                       obj/libs/STM32F4xx_StdPeriph_Driver/src/stm32f4xx_hash.o